Command line invocation:
    /Applications/Xcode_16.4.app/Contents/Developer/usr/bin/xcodebuild build -project MetaCalendar.xcodeproj -scheme MetaCalendar -sdk iphoneos -configuration Release -derivedDataPath build -destination generic/platform=iOS ARCHS=arm64 ONLY_ACTIVE_ARCH=NO CODE_SIGNING_ALLOWED=NO CODE_SIGNING_REQUIRED=NO CODE_SIGN_IDENTITY= DEVELOPMENT_TEAM= ENABLE_CODE_COVERAGE=NO CLANG_ENABLE_CODE_COVERAGE=NO

Build settings from command line:
    ARCHS = arm64
    CLANG_ENABLE_CODE_COVERAGE = NO
    CODE_SIGN_IDENTITY = 
    CODE_SIGNING_ALLOWED = NO
    CODE_SIGNING_REQUIRED = NO
    DEVELOPMENT_TEAM = 
    ENABLE_CODE_COVERAGE = NO
    ONLY_ACTIVE_ARCH = NO
    SDKROOT = iphoneos18.5

note: Using codesigning identity override: 
ComputePackagePrebuildTargetDependencyGraph

Prepare packages

CreateBuildRequest

SendProjectDescription

CreateBuildOperation

ComputeTargetDependencyGraph
note: Building targets in dependency order
note: Target dependency graph (1 target)
    Target 'MetaCalendar' in project 'MetaCalendar' (no dependencies)

GatherProvisioningInputs

CreateBuildDescription

ExecuteExternalTool /Applications/Xcode_16.4.app/Contents/Developer/usr/bin/actool --print-asset-tag-combinations --output-format xml1 /Users/runner/work/appsku/appsku/MetaCalendar/App/Assets.xcassets

ExecuteExternalTool /Applications/Xcode_16.4.app/Contents/Developer/Toolchains/XcodeDefault.xctoolchain/usr/bin/clang -v -E -dM -isysroot /Applications/Xcode_16.4.app/Contents/Developer/Platforms/iPhoneOS.platform/Developer/SDKs/iPhoneOS18.5.sdk -x c -c /dev/null

ExecuteExternalTool /Applications/Xcode_16.4.app/Contents/Developer/usr/bin/actool --version --output-format xml1

ExecuteExternalTool /Applications/Xcode_16.4.app/Contents/Developer/Toolchains/XcodeDefault.xctoolchain/usr/bin/swiftc --version

ExecuteExternalTool /Applications/Xcode_16.4.app/Contents/Developer/Toolchains/XcodeDefault.xctoolchain/usr/bin/ld -version_details

Build description signature: e788411f0609d745db49926bb7355c37
Build description path: /Users/runner/work/appsku/appsku/MetaCalendar/build/Build/Intermediates.noindex/XCBuildData/e788411f0609d745db49926bb7355c37.xcbuilddata
ClangStatCache /Applications/Xcode_16.4.app/Contents/Developer/Toolchains/XcodeDefault.xctoolchain/usr/bin/clang-stat-cache /Applications/Xcode_16.4.app/Contents/Developer/Platforms/iPhoneOS.platform/Developer/SDKs/iPhoneOS18.5.sdk /Users/runner/work/appsku/appsku/MetaCalendar/build/SDKStatCaches.noindex/iphoneos18.5-22F76-a529daf784b3616c7c04a36aeb7f5c05.sdkstatcache
    cd /Users/runner/work/appsku/appsku/MetaCalendar/MetaCalendar.xcodeproj
    /Applications/Xcode_16.4.app/Contents/Developer/Toolchains/XcodeDefault.xctoolchain/usr/bin/clang-stat-cache /Applications/Xcode_16.4.app/Contents/Developer/Platforms/iPhoneOS.platform/Developer/SDKs/iPhoneOS18.5.sdk -o /Users/runner/work/appsku/appsku/MetaCalendar/build/SDKStatCaches.noindex/iphoneos18.5-22F76-a529daf784b3616c7c04a36aeb7f5c05.sdkstatcache

CreateBuildDirectory /Users/runner/work/appsku/appsku/MetaCalendar/build/Build/Products
    cd /Users/runner/work/appsku/appsku/MetaCalendar/MetaCalendar.xcodeproj
    builtin-create-build-directory /Users/runner/work/appsku/appsku/MetaCalendar/build/Build/Products

CreateBuildDirectory /Users/runner/work/appsku/appsku/MetaCalendar/build/Build/Intermediates.noindex
    cd /Users/runner/work/appsku/appsku/MetaCalendar/MetaCalendar.xcodeproj
    builtin-create-build-directory /Users/runner/work/appsku/appsku/MetaCalendar/build/Build/Intermediates.noindex

WriteAuxiliaryFile /Users/runner/work/appsku/appsku/MetaCalendar/build/Build/Intermediates.noindex/MetaCalendar.build/Release-iphoneos/MetaCalendar-aea7b97a234906fbe9e0a8b28e4d1cac-VFS-iphoneos/all-product-headers.yaml
    cd /Users/runner/work/appsku/appsku/MetaCalendar/MetaCalendar.xcodeproj
    write-file /Users/runner/work/appsku/appsku/MetaCalendar/build/Build/Intermediates.noindex/MetaCalendar.build/Release-iphoneos/MetaCalendar-aea7b97a234906fbe9e0a8b28e4d1cac-VFS-iphoneos/all-product-headers.yaml

CreateBuildDirectory /Users/runner/work/appsku/appsku/MetaCalendar/build/Build/Products/Release-iphoneos
    cd /Users/runner/work/appsku/appsku/MetaCalendar/MetaCalendar.xcodeproj
    builtin-create-build-directory /Users/runner/work/appsku/appsku/MetaCalendar/build/Build/Products/Release-iphoneos

CreateBuildDirectory /Users/runner/work/appsku/appsku/MetaCalendar/build/Build/Intermediates.noindex/EagerLinkingTBDs/Release-iphoneos
    cd /Users/runner/work/appsku/appsku/MetaCalendar/MetaCalendar.xcodeproj
    builtin-create-build-directory /Users/runner/work/appsku/appsku/MetaCalendar/build/Build/Intermediates.noindex/EagerLinkingTBDs/Release-iphoneos

WriteAuxiliaryFile /Users/runner/work/appsku/appsku/MetaCalendar/build/Build/Intermediates.noindex/MetaCalendar.build/Release-iphoneos/MetaCalendar.build/empty-MetaCalendar.plist (in target 'MetaCalendar' from project 'MetaCalendar')
    cd /Users/runner/work/appsku/appsku/MetaCalendar
    write-file /Users/runner/work/appsku/appsku/MetaCalendar/build/Build/Intermediates.noindex/MetaCalendar.build/Release-iphoneos/MetaCalendar.build/empty-MetaCalendar.plist

WriteAuxiliaryFile /Users/runner/work/appsku/appsku/MetaCalendar/build/Build/Intermediates.noindex/MetaCalendar.build/Release-iphoneos/MetaCalendar.build/Objects-normal/arm64/MetaCalendar_const_extract_protocols.json (in target 'MetaCalendar' from project 'MetaCalendar')
    cd /Users/runner/work/appsku/appsku/MetaCalendar
    write-file /Users/runner/work/appsku/appsku/MetaCalendar/build/Build/Intermediates.noindex/MetaCalendar.build/Release-iphoneos/MetaCalendar.build/Objects-normal/arm64/MetaCalendar_const_extract_protocols.json

WriteAuxiliaryFile /Users/runner/work/appsku/appsku/MetaCalendar/build/Build/Intermediates.noindex/MetaCalendar.build/Release-iphoneos/MetaCalendar.build/Objects-normal/arm64/MetaCalendar.SwiftFileList (in target 'MetaCalendar' from project 'MetaCalendar')
    cd /Users/runner/work/appsku/appsku/MetaCalendar
    write-file /Users/runner/work/appsku/appsku/MetaCalendar/build/Build/Intermediates.noindex/MetaCalendar.build/Release-iphoneos/MetaCalendar.build/Objects-normal/arm64/MetaCalendar.SwiftFileList

WriteAuxiliaryFile /Users/runner/work/appsku/appsku/MetaCalendar/build/Build/Intermediates.noindex/MetaCalendar.build/Release-iphoneos/MetaCalendar.build/Objects-normal/arm64/MetaCalendar.SwiftConstValuesFileList (in target 'MetaCalendar' from project 'MetaCalendar')
    cd /Users/runner/work/appsku/appsku/MetaCalendar
    write-file /Users/runner/work/appsku/appsku/MetaCalendar/build/Build/Intermediates.noindex/MetaCalendar.build/Release-iphoneos/MetaCalendar.build/Objects-normal/arm64/MetaCalendar.SwiftConstValuesFileList

WriteAuxiliaryFile /Users/runner/work/appsku/appsku/MetaCalendar/build/Build/Intermediates.noindex/MetaCalendar.build/Release-iphoneos/MetaCalendar.build/Objects-normal/arm64/MetaCalendar.LinkFileList (in target 'MetaCalendar' from project 'MetaCalendar')
    cd /Users/runner/work/appsku/appsku/MetaCalendar
    write-file /Users/runner/work/appsku/appsku/MetaCalendar/build/Build/Intermediates.noindex/MetaCalendar.build/Release-iphoneos/MetaCalendar.build/Objects-normal/arm64/MetaCalendar.LinkFileList

WriteAuxiliaryFile /Users/runner/work/appsku/appsku/MetaCalendar/build/Build/Intermediates.noindex/MetaCalendar.build/Release-iphoneos/MetaCalendar.build/Objects-normal/arm64/MetaCalendar-OutputFileMap.json (in target 'MetaCalendar' from project 'MetaCalendar')
    cd /Users/runner/work/appsku/appsku/MetaCalendar
    write-file /Users/runner/work/appsku/appsku/MetaCalendar/build/Build/Intermediates.noindex/MetaCalendar.build/Release-iphoneos/MetaCalendar.build/Objects-normal/arm64/MetaCalendar-OutputFileMap.json

WriteAuxiliaryFile /Users/runner/work/appsku/appsku/MetaCalendar/build/Build/Intermediates.noindex/MetaCalendar.build/Release-iphoneos/MetaCalendar.build/MetaCalendar.hmap (in target 'MetaCalendar' from project 'MetaCalendar')
    cd /Users/runner/work/appsku/appsku/MetaCalendar
    write-file /Users/runner/work/appsku/appsku/MetaCalendar/build/Build/Intermediates.noindex/MetaCalendar.build/Release-iphoneos/MetaCalendar.build/MetaCalendar.hmap

WriteAuxiliaryFile /Users/runner/work/appsku/appsku/MetaCalendar/build/Build/Intermediates.noindex/MetaCalendar.build/Release-iphoneos/MetaCalendar.build/MetaCalendar.DependencyStaticMetadataFileList (in target 'MetaCalendar' from project 'MetaCalendar')
    cd /Users/runner/work/appsku/appsku/MetaCalendar
    write-file /Users/runner/work/appsku/appsku/MetaCalendar/build/Build/Intermediates.noindex/MetaCalendar.build/Release-iphoneos/MetaCalendar.build/MetaCalendar.DependencyStaticMetadataFileList

WriteAuxiliaryFile /Users/runner/work/appsku/appsku/MetaCalendar/build/Build/Intermediates.noindex/MetaCalendar.build/Release-iphoneos/MetaCalendar.build/MetaCalendar.DependencyMetadataFileList (in target 'MetaCalendar' from project 'MetaCalendar')
    cd /Users/runner/work/appsku/appsku/MetaCalendar
    write-file /Users/runner/work/appsku/appsku/MetaCalendar/build/Build/Intermediates.noindex/MetaCalendar.build/Release-iphoneos/MetaCalendar.build/MetaCalendar.DependencyMetadataFileList

WriteAuxiliaryFile /Users/runner/work/appsku/appsku/MetaCalendar/build/Build/Intermediates.noindex/MetaCalendar.build/Release-iphoneos/MetaCalendar.build/MetaCalendar-project-headers.hmap (in target 'MetaCalendar' from project 'MetaCalendar')
    cd /Users/runner/work/appsku/appsku/MetaCalendar
    write-file /Users/runner/work/appsku/appsku/MetaCalendar/build/Build/Intermediates.noindex/MetaCalendar.build/Release-iphoneos/MetaCalendar.build/MetaCalendar-project-headers.hmap

WriteAuxiliaryFile /Users/runner/work/appsku/appsku/MetaCalendar/build/Build/Intermediates.noindex/MetaCalendar.build/Release-iphoneos/MetaCalendar.build/MetaCalendar-own-target-headers.hmap (in target 'MetaCalendar' from project 'MetaCalendar')
    cd /Users/runner/work/appsku/appsku/MetaCalendar
    write-file /Users/runner/work/appsku/appsku/MetaCalendar/build/Build/Intermediates.noindex/MetaCalendar.build/Release-iphoneos/MetaCalendar.build/MetaCalendar-own-target-headers.hmap

WriteAuxiliaryFile /Users/runner/work/appsku/appsku/MetaCalendar/build/Build/Intermediates.noindex/MetaCalendar.build/Release-iphoneos/MetaCalendar.build/MetaCalendar-generated-files.hmap (in target 'MetaCalendar' from project 'MetaCalendar')
    cd /Users/runner/work/appsku/appsku/MetaCalendar
    write-file /Users/runner/work/appsku/appsku/MetaCalendar/build/Build/Intermediates.noindex/MetaCalendar.build/Release-iphoneos/MetaCalendar.build/MetaCalendar-generated-files.hmap

WriteAuxiliaryFile /Users/runner/work/appsku/appsku/MetaCalendar/build/Build/Intermediates.noindex/MetaCalendar.build/Release-iphoneos/MetaCalendar.build/MetaCalendar-all-target-headers.hmap (in target 'MetaCalendar' from project 'MetaCalendar')
    cd /Users/runner/work/appsku/appsku/MetaCalendar
    write-file /Users/runner/work/appsku/appsku/MetaCalendar/build/Build/Intermediates.noindex/MetaCalendar.build/Release-iphoneos/MetaCalendar.build/MetaCalendar-all-target-headers.hmap

WriteAuxiliaryFile /Users/runner/work/appsku/appsku/MetaCalendar/build/Build/Intermediates.noindex/MetaCalendar.build/Release-iphoneos/MetaCalendar.build/MetaCalendar-all-non-framework-target-headers.hmap (in target 'MetaCalendar' from project 'MetaCalendar')
    cd /Users/runner/work/appsku/appsku/MetaCalendar
    write-file /Users/runner/work/appsku/appsku/MetaCalendar/build/Build/Intermediates.noindex/MetaCalendar.build/Release-iphoneos/MetaCalendar.build/MetaCalendar-all-non-framework-target-headers.hmap

MkDir /Users/runner/work/appsku/appsku/MetaCalendar/build/Build/Products/Release-iphoneos/MetaCalendar.app (in target 'MetaCalendar' from project 'MetaCalendar')
    cd /Users/runner/work/appsku/appsku/MetaCalendar
    /bin/mkdir -p /Users/runner/work/appsku/appsku/MetaCalendar/build/Build/Products/Release-iphoneos/MetaCalendar.app

MkDir /Users/runner/work/appsku/appsku/MetaCalendar/build/Build/Intermediates.noindex/MetaCalendar.build/Release-iphoneos/MetaCalendar.build/assetcatalog_output/unthinned (in target 'MetaCalendar' from project 'MetaCalendar')
    cd /Users/runner/work/appsku/appsku/MetaCalendar
    /bin/mkdir -p /Users/runner/work/appsku/appsku/MetaCalendar/build/Build/Intermediates.noindex/MetaCalendar.build/Release-iphoneos/MetaCalendar.build/assetcatalog_output/unthinned

MkDir /Users/runner/work/appsku/appsku/MetaCalendar/build/Build/Intermediates.noindex/MetaCalendar.build/Release-iphoneos/MetaCalendar.build/assetcatalog_output/thinned (in target 'MetaCalendar' from project 'MetaCalendar')
    cd /Users/runner/work/appsku/appsku/MetaCalendar
    /bin/mkdir -p /Users/runner/work/appsku/appsku/MetaCalendar/build/Build/Intermediates.noindex/MetaCalendar.build/Release-iphoneos/MetaCalendar.build/assetcatalog_output/thinned

GenerateAssetSymbols /Users/runner/work/appsku/appsku/MetaCalendar/App/Assets.xcassets (in target 'MetaCalendar' from project 'MetaCalendar')
    cd /Users/runner/work/appsku/appsku/MetaCalendar
    /Applications/Xcode_16.4.app/Contents/Developer/usr/bin/actool /Users/runner/work/appsku/appsku/MetaCalendar/App/Assets.xcassets --compile /Users/runner/work/appsku/appsku/MetaCalendar/build/Build/Products/Release-iphoneos/MetaCalendar.app --output-format human-readable-text --notices --warnings --export-dependency-info /Users/runner/work/appsku/appsku/MetaCalendar/build/Build/Intermediates.noindex/MetaCalendar.build/Release-iphoneos/MetaCalendar.build/assetcatalog_dependencies --output-partial-info-plist /Users/runner/work/appsku/appsku/MetaCalendar/build/Build/Intermediates.noindex/MetaCalendar.build/Release-iphoneos/MetaCalendar.build/assetcatalog_generated_info.plist --app-icon AppIcon --compress-pngs --enable-on-demand-resources YES --development-region en --target-device iphone --target-device ipad --minimum-deployment-target 17.0 --platform iphoneos --bundle-identifier com.metacalendar.app --generate-swift-asset-symbol-extensions NO --generate-swift-asset-symbols /Users/runner/work/appsku/appsku/MetaCalendar/build/Build/Intermediates.noindex/MetaCalendar.build/Release-iphoneos/MetaCalendar.build/DerivedSources/GeneratedAssetSymbols.swift --generate-objc-asset-symbols /Users/runner/work/appsku/appsku/MetaCalendar/build/Build/Intermediates.noindex/MetaCalendar.build/Release-iphoneos/MetaCalendar.build/DerivedSources/GeneratedAssetSymbols.h --generate-asset-symbol-index /Users/runner/work/appsku/appsku/MetaCalendar/build/Build/Intermediates.noindex/MetaCalendar.build/Release-iphoneos/MetaCalendar.build/DerivedSources/GeneratedAssetSymbols-Index.plist
/* com.apple.actool.compilation-results */
/Users/runner/work/appsku/appsku/MetaCalendar/build/Build/Intermediates.noindex/MetaCalendar.build/Release-iphoneos/MetaCalendar.build/DerivedSources/GeneratedAssetSymbols-Index.plist
/Users/runner/work/appsku/appsku/MetaCalendar/build/Build/Intermediates.noindex/MetaCalendar.build/Release-iphoneos/MetaCalendar.build/DerivedSources/GeneratedAssetSymbols.h
/Users/runner/work/appsku/appsku/MetaCalendar/build/Build/Intermediates.noindex/MetaCalendar.build/Release-iphoneos/MetaCalendar.build/DerivedSources/GeneratedAssetSymbols.swift


CompileAssetCatalogVariant thinned /Users/runner/work/appsku/appsku/MetaCalendar/build/Build/Products/Release-iphoneos/MetaCalendar.app /Users/runner/work/appsku/appsku/MetaCalendar/App/Assets.xcassets (in target 'MetaCalendar' from project 'MetaCalendar')
    cd /Users/runner/work/appsku/appsku/MetaCalendar
    /Applications/Xcode_16.4.app/Contents/Developer/usr/bin/actool /Users/runner/work/appsku/appsku/MetaCalendar/App/Assets.xcassets --compile /Users/runner/work/appsku/appsku/MetaCalendar/build/Build/Intermediates.noindex/MetaCalendar.build/Release-iphoneos/MetaCalendar.build/assetcatalog_output/thinned --output-format human-readable-text --notices --warnings --export-dependency-info /Users/runner/work/appsku/appsku/MetaCalendar/build/Build/Intermediates.noindex/MetaCalendar.build/Release-iphoneos/MetaCalendar.build/assetcatalog_dependencies_thinned --output-partial-info-plist /Users/runner/work/appsku/appsku/MetaCalendar/build/Build/Intermediates.noindex/MetaCalendar.build/Release-iphoneos/MetaCalendar.build/assetcatalog_generated_info.plist_thinned --app-icon AppIcon --compress-pngs --enable-on-demand-resources YES --development-region en --target-device iphone --target-device ipad --minimum-deployment-target 17.0 --platform iphoneos

SwiftDriver MetaCalendar normal arm64 com.apple.xcode.tools.swift.compiler (in target 'MetaCalendar' from project 'MetaCalendar')
    cd /Users/runner/work/appsku/appsku/MetaCalendar
    builtin-SwiftDriver -- /Applications/Xcode_16.4.app/Contents/Developer/Toolchains/XcodeDefault.xctoolchain/usr/bin/swiftc -module-name MetaCalendar -O -whole-module-optimization -enforce-exclusivity\=checked @/Users/runner/work/appsku/appsku/MetaCalendar/build/Build/Intermediates.noindex/MetaCalendar.build/Release-iphoneos/MetaCalendar.build/Objects-normal/arm64/MetaCalendar.SwiftFileList -enable-bare-slash-regex -enable-experimental-feature DebugDescriptionMacro -sdk /Applications/Xcode_16.4.app/Contents/Developer/Platforms/iPhoneOS.platform/Developer/SDKs/iPhoneOS18.5.sdk -target arm64-apple-ios17.0 -g -module-cache-path /Users/runner/work/appsku/appsku/MetaCalendar/build/ModuleCache.noindex -Xfrontend -serialize-debugging-options -swift-version 5 -I /Users/runner/work/appsku/appsku/MetaCalendar/build/Build/Products/Release-iphoneos -F /Users/runner/work/appsku/appsku/MetaCalendar/build/Build/Products/Release-iphoneos -c -num-threads 3 -Xcc -ivfsstatcache -Xcc /Users/runner/work/appsku/appsku/MetaCalendar/build/SDKStatCaches.noindex/iphoneos18.5-22F76-a529daf784b3616c7c04a36aeb7f5c05.sdkstatcache -output-file-map /Users/runner/work/appsku/appsku/MetaCalendar/build/Build/Intermediates.noindex/MetaCalendar.build/Release-iphoneos/MetaCalendar.build/Objects-normal/arm64/MetaCalendar-OutputFileMap.json -use-frontend-parseable-output -save-temps -no-color-diagnostics -serialize-diagnostics -emit-dependencies -emit-module -emit-module-path /Users/runner/work/appsku/appsku/MetaCalendar/build/Build/Intermediates.noindex/MetaCalendar.build/Release-iphoneos/MetaCalendar.build/Objects-normal/arm64/MetaCalendar.swiftmodule -validate-clang-modules-once -clang-build-session-file /Users/runner/work/appsku/appsku/MetaCalendar/build/ModuleCache.noindex/Session.modulevalidation -Xcc -I/Users/runner/work/appsku/appsku/MetaCalendar/build/Build/Intermediates.noindex/MetaCalendar.build/Release-iphoneos/MetaCalendar.build/swift-overrides.hmap -emit-const-values -Xfrontend -const-gather-protocols-file -Xfrontend /Users/runner/work/appsku/appsku/MetaCalendar/build/Build/Intermediates.noindex/MetaCalendar.build/Release-iphoneos/MetaCalendar.build/Objects-normal/arm64/MetaCalendar_const_extract_protocols.json -Xcc -iquote -Xcc /Users/runner/work/appsku/appsku/MetaCalendar/build/Build/Intermediates.noindex/MetaCalendar.build/Release-iphoneos/MetaCalendar.build/MetaCalendar-generated-files.hmap -Xcc -I/Users/runner/work/appsku/appsku/MetaCalendar/build/Build/Intermediates.noindex/MetaCalendar.build/Release-iphoneos/MetaCalendar.build/MetaCalendar-own-target-headers.hmap -Xcc -I/Users/runner/work/appsku/appsku/MetaCalendar/build/Build/Intermediates.noindex/MetaCalendar.build/Release-iphoneos/MetaCalendar.build/MetaCalendar-all-target-headers.hmap -Xcc -iquote -Xcc /Users/runner/work/appsku/appsku/MetaCalendar/build/Build/Intermediates.noindex/MetaCalendar.build/Release-iphoneos/MetaCalendar.build/MetaCalendar-project-headers.hmap -Xcc -I/Users/runner/work/appsku/appsku/MetaCalendar/build/Build/Products/Release-iphoneos/include -Xcc -I/Users/runner/work/appsku/appsku/MetaCalendar/build/Build/Intermediates.noindex/MetaCalendar.build/Release-iphoneos/MetaCalendar.build/DerivedSources-normal/arm64 -Xcc -I/Users/runner/work/appsku/appsku/MetaCalendar/build/Build/Intermediates.noindex/MetaCalendar.build/Release-iphoneos/MetaCalendar.build/DerivedSources/arm64 -Xcc -I/Users/runner/work/appsku/appsku/MetaCalendar/build/Build/Intermediates.noindex/MetaCalendar.build/Release-iphoneos/MetaCalendar.build/DerivedSources -emit-objc-header -emit-objc-header-path /Users/runner/work/appsku/appsku/MetaCalendar/build/Build/Intermediates.noindex/MetaCalendar.build/Release-iphoneos/MetaCalendar.build/Objects-normal/arm64/MetaCalendar-Swift.h -working-directory /Users/runner/work/appsku/appsku/MetaCalendar -no-emit-module-separately-wmo

SwiftCompile normal arm64 Compiling\ AlignmentFinder.swift,\ AlignmentView.swift,\ AstroEvents.swift,\ AstronomyEngine.swift,\ AstronomyProvenance.swift,\ CalendarEngine.swift,\ CalendarEvents.swift,\ CalendarGridView.swift,\ CalendarTypes.swift,\ ChineseAdapter.swift,\ CosmicSignatureView.swift,\ CycleLabView.swift,\ DomainProtocols.swift,\ ExploreView.swift,\ GregorianAdapter.swift,\ HijriAdapter.swift,\ JavaneseAdapter.swift,\ MetaCalendarApp.swift,\ MetaSolarEngine.swift,\ SettingsView.swift,\ Theme.swift,\ TimeRingsView.swift,\ TimelineView.swift,\ TodayView.swift,\ WorldEvents.swift,\ GeneratedAssetSymbols.swift /Users/runner/work/appsku/appsku/MetaCalendar/App/Core/AlignmentFinder.swift /Users/runner/work/appsku/appsku/MetaCalendar/App/Views/AlignmentView.swift /Users/runner/work/appsku/appsku/MetaCalendar/App/Core/AstroEvents.swift /Users/runner/work/appsku/appsku/MetaCalendar/App/Core/AstronomyEngine.swift /Users/runner/work/appsku/appsku/MetaCalendar/App/Core/AstronomyProvenance.swift /Users/runner/work/appsku/appsku/MetaCalendar/App/Core/CalendarEngine.swift /Users/runner/work/appsku/appsku/MetaCalendar/App/Core/CalendarEvents.swift /Users/runner/work/appsku/appsku/MetaCalendar/App/Views/CalendarGridView.swift /Users/runner/work/appsku/appsku/MetaCalendar/App/Core/CalendarTypes.swift /Users/runner/work/appsku/appsku/MetaCalendar/App/Core/ChineseAdapter.swift /Users/runner/work/appsku/appsku/MetaCalendar/App/Views/CosmicSignatureView.swift /Users/runner/work/appsku/appsku/MetaCalendar/App/Views/CycleLabView.swift /Users/runner/work/appsku/appsku/MetaCalendar/App/Core/DomainProtocols.swift /Users/runner/work/appsku/appsku/MetaCalendar/App/Views/ExploreView.swift /Users/runner/work/appsku/appsku/MetaCalendar/App/Core/GregorianAdapter.swift /Users/runner/work/appsku/appsku/MetaCalendar/App/Core/HijriAdapter.swift /Users/runner/work/appsku/appsku/MetaCalendar/App/Core/JavaneseAdapter.swift /Users/runner/work/appsku/appsku/MetaCalendar/App/MetaCalendarApp.swift /Users/runner/work/appsku/appsku/MetaCalendar/App/Core/MetaSolarEngine.swift /Users/runner/work/appsku/appsku/MetaCalendar/App/Views/SettingsView.swift /Users/runner/work/appsku/appsku/MetaCalendar/App/Views/Theme.swift /Users/runner/work/appsku/appsku/MetaCalendar/App/Views/TimeRingsView.swift /Users/runner/work/appsku/appsku/MetaCalendar/App/Views/TimelineView.swift /Users/runner/work/appsku/appsku/MetaCalendar/App/Views/TodayView.swift /Users/runner/work/appsku/appsku/MetaCalendar/App/Core/WorldEvents.swift /Users/runner/work/appsku/appsku/MetaCalendar/build/Build/Intermediates.noindex/MetaCalendar.build/Release-iphoneos/MetaCalendar.build/DerivedSources/GeneratedAssetSymbols.swift (in target 'MetaCalendar' from project 'MetaCalendar')
Failed frontend command:
/Applications/Xcode_16.4.app/Contents/Developer/Toolchains/XcodeDefault.xctoolchain/usr/bin/swift-frontend -frontend -c /Users/runner/work/appsku/appsku/MetaCalendar/App/Core/AlignmentFinder.swift /Users/runner/work/appsku/appsku/MetaCalendar/App/Views/AlignmentView.swift /Users/runner/work/appsku/appsku/MetaCalendar/App/Core/AstroEvents.swift /Users/runner/work/appsku/appsku/MetaCalendar/App/Core/AstronomyEngine.swift /Users/runner/work/appsku/appsku/MetaCalendar/App/Core/AstronomyProvenance.swift /Users/runner/work/appsku/appsku/MetaCalendar/App/Core/CalendarEngine.swift /Users/runner/work/appsku/appsku/MetaCalendar/App/Core/CalendarEvents.swift /Users/runner/work/appsku/appsku/MetaCalendar/App/Views/CalendarGridView.swift /Users/runner/work/appsku/appsku/MetaCalendar/App/Core/CalendarTypes.swift /Users/runner/work/appsku/appsku/MetaCalendar/App/Core/ChineseAdapter.swift /Users/runner/work/appsku/appsku/MetaCalendar/App/Views/CosmicSignatureView.swift /Users/runner/work/appsku/appsku/MetaCalendar/App/Views/CycleLabView.swift /Users/runner/work/appsku/appsku/MetaCalendar/App/Core/DomainProtocols.swift /Users/runner/work/appsku/appsku/MetaCalendar/App/Views/ExploreView.swift /Users/runner/work/appsku/appsku/MetaCalendar/App/Core/GregorianAdapter.swift /Users/runner/work/appsku/appsku/MetaCalendar/App/Core/HijriAdapter.swift /Users/runner/work/appsku/appsku/MetaCalendar/App/Core/JavaneseAdapter.swift /Users/runner/work/appsku/appsku/MetaCalendar/App/MetaCalendarApp.swift /Users/runner/work/appsku/appsku/MetaCalendar/App/Core/MetaSolarEngine.swift /Users/runner/work/appsku/appsku/MetaCalendar/App/Views/SettingsView.swift /Users/runner/work/appsku/appsku/MetaCalendar/App/Views/Theme.swift /Users/runner/work/appsku/appsku/MetaCalendar/App/Views/TimeRingsView.swift /Users/runner/work/appsku/appsku/MetaCalendar/App/Views/TimelineView.swift /Users/runner/work/appsku/appsku/MetaCalendar/App/Views/TodayView.swift /Users/runner/work/appsku/appsku/MetaCalendar/App/Core/WorldEvents.swift /Users/runner/work/appsku/appsku/MetaCalendar/build/Build/Intermediates.noindex/MetaCalendar.build/Release-iphoneos/MetaCalendar.build/DerivedSources/GeneratedAssetSymbols.swift -supplementary-output-file-map /Users/runner/work/appsku/appsku/MetaCalendar/build/Build/Intermediates.noindex/MetaCalendar.build/Release-iphoneos/MetaCalendar.build/Objects-normal/arm64/supplementaryOutputs-1 -target arm64-apple-ios17.0 -Xllvm -aarch64-use-tbi -enable-objc-interop -stack-check -sdk /Applications/Xcode_16.4.app/Contents/Developer/Platforms/iPhoneOS.platform/Developer/SDKs/iPhoneOS18.5.sdk -I /Users/runner/work/appsku/appsku/MetaCalendar/build/Build/Products/Release-iphoneos -F /Users/runner/work/appsku/appsku/MetaCalendar/build/Build/Products/Release-iphoneos -no-color-diagnostics -g -debug-info-format\=dwarf -dwarf-version\=4 -module-cache-path /Users/runner/work/appsku/appsku/MetaCalendar/build/ModuleCache.noindex -swift-version 5 -enforce-exclusivity\=checked -O -serialize-debugging-options -const-gather-protocols-file /Users/runner/work/appsku/appsku/MetaCalendar/build/Build/Intermediates.noindex/MetaCalendar.build/Release-iphoneos/MetaCalendar.build/Objects-normal/arm64/MetaCalendar_const_extract_protocols.json -enable-experimental-feature DebugDescriptionMacro -enable-bare-slash-regex -empty-abi-descriptor -validate-clang-modules-once -clang-build-session-file /Users/runner/work/appsku/appsku/MetaCalendar/build/ModuleCache.noindex/Session.modulevalidation -Xcc -working-directory -Xcc /Users/runner/work/appsku/appsku/MetaCalendar -resource-dir /Applications/Xcode_16.4.app/Contents/Developer/Toolchains/XcodeDefault.xctoolchain/usr/lib/swift -file-compilation-dir /Users/runner/work/appsku/appsku/MetaCalendar -Xcc -ivfsstatcache -Xcc /Users/runner/work/appsku/appsku/MetaCalendar/build/SDKStatCaches.noindex/iphoneos18.5-22F76-a529daf784b3616c7c04a36aeb7f5c05.sdkstatcache -Xcc -I/Users/runner/work/appsku/appsku/MetaCalendar/build/Build/Intermediates.noindex/MetaCalendar.build/Release-iphoneos/MetaCalendar.build/swift-overrides.hmap -Xcc -iquote -Xcc /Users/runner/work/appsku/appsku/MetaCalendar/build/Build/Intermediates.noindex/MetaCalendar.build/Release-iphoneos/MetaCalendar.build/MetaCalendar-generated-files.hmap -Xcc -I/Users/runner/work/appsku/appsku/MetaCalendar/build/Build/Intermediates.noindex/MetaCalendar.build/Release-iphoneos/MetaCalendar.build/MetaCalendar-own-target-headers.hmap -Xcc -I/Users/runner/work/appsku/appsku/MetaCalendar/build/Build/Intermediates.noindex/MetaCalendar.build/Release-iphoneos/MetaCalendar.build/MetaCalendar-all-target-headers.hmap -Xcc -iquote -Xcc /Users/runner/work/appsku/appsku/MetaCalendar/build/Build/Intermediates.noindex/MetaCalendar.build/Release-iphoneos/MetaCalendar.build/MetaCalendar-project-headers.hmap -Xcc -I/Users/runner/work/appsku/appsku/MetaCalendar/build/Build/Products/Release-iphoneos/include -Xcc -I/Users/runner/work/appsku/appsku/MetaCalendar/build/Build/Intermediates.noindex/MetaCalendar.build/Release-iphoneos/MetaCalendar.build/DerivedSources-normal/arm64 -Xcc -I/Users/runner/work/appsku/appsku/MetaCalendar/build/Build/Intermediates.noindex/MetaCalendar.build/Release-iphoneos/MetaCalendar.build/DerivedSources/arm64 -Xcc -I/Users/runner/work/appsku/appsku/MetaCalendar/build/Build/Intermediates.noindex/MetaCalendar.build/Release-iphoneos/MetaCalendar.build/DerivedSources -module-name MetaCalendar -frontend-parseable-output -disable-clang-spi -target-sdk-version 18.5 -target-sdk-name iphoneos18.5 -external-plugin-path /Applications/Xcode_16.4.app/Contents/Developer/Platforms/iPhoneOS.platform/Developer/usr/lib/swift/host/plugins\#/Applications/Xcode_16.4.app/Contents/Developer/Platforms/iPhoneOS.platform/Developer/usr/bin/swift-plugin-server -external-plugin-path /Applications/Xcode_16.4.app/Contents/Developer/Platforms/iPhoneOS.platform/Developer/usr/local/lib/swift/host/plugins\#/Applications/Xcode_16.4.app/Contents/Developer/Platforms/iPhoneOS.platform/Developer/usr/bin/swift-plugin-server -in-process-plugin-server-path /Applications/Xcode_16.4.app/Contents/Developer/Toolchains/XcodeDefault.xctoolchain/usr/lib/swift/host/libSwiftInProcPluginServer.dylib -plugin-path /Applications/Xcode_16.4.app/Contents/Developer/Toolchains/XcodeDefault.xctoolchain/usr/lib/swift/host/plugins -plugin-path /Applications/Xcode_16.4.app/Contents/Developer/Toolchains/XcodeDefault.xctoolchain/usr/local/lib/swift/host/plugins -enable-default-cmo -num-threads 3 -o /Users/runner/work/appsku/appsku/MetaCalendar/build/Build/Intermediates.noindex/MetaCalendar.build/Release-iphoneos/MetaCalendar.build/Objects-normal/arm64/AlignmentFinder.o -o /Users/runner/work/appsku/appsku/MetaCalendar/build/Build/Intermediates.noindex/MetaCalendar.build/Release-iphoneos/MetaCalendar.build/Objects-normal/arm64/AlignmentView.o -o /Users/runner/work/appsku/appsku/MetaCalendar/build/Build/Intermediates.noindex/MetaCalendar.build/Release-iphoneos/MetaCalendar.build/Objects-normal/arm64/AstroEvents.o -o /Users/runner/work/appsku/appsku/MetaCalendar/build/Build/Intermediates.noindex/MetaCalendar.build/Release-iphoneos/MetaCalendar.build/Objects-normal/arm64/AstronomyEngine.o -o /Users/runner/work/appsku/appsku/MetaCalendar/build/Build/Intermediates.noindex/MetaCalendar.build/Release-iphoneos/MetaCalendar.build/Objects-normal/arm64/AstronomyProvenance.o -o /Users/runner/work/appsku/appsku/MetaCalendar/build/Build/Intermediates.noindex/MetaCalendar.build/Release-iphoneos/MetaCalendar.build/Objects-normal/arm64/CalendarEngine.o -o /Users/runner/work/appsku/appsku/MetaCalendar/build/Build/Intermediates.noindex/MetaCalendar.build/Release-iphoneos/MetaCalendar.build/Objects-normal/arm64/CalendarEvents.o -o /Users/runner/work/appsku/appsku/MetaCalendar/build/Build/Intermediates.noindex/MetaCalendar.build/Release-iphoneos/MetaCalendar.build/Objects-normal/arm64/CalendarGridView.o -o /Users/runner/work/appsku/appsku/MetaCalendar/build/Build/Intermediates.noindex/MetaCalendar.build/Release-iphoneos/MetaCalendar.build/Objects-normal/arm64/CalendarTypes.o -o /Users/runner/work/appsku/appsku/MetaCalendar/build/Build/Intermediates.noindex/MetaCalendar.build/Release-iphoneos/MetaCalendar.build/Objects-normal/arm64/ChineseAdapter.o -o /Users/runner/work/appsku/appsku/MetaCalendar/build/Build/Intermediates.noindex/MetaCalendar.build/Release-iphoneos/MetaCalendar.build/Objects-normal/arm64/CosmicSignatureView.o -o /Users/runner/work/appsku/appsku/MetaCalendar/build/Build/Intermediates.noindex/MetaCalendar.build/Release-iphoneos/MetaCalendar.build/Objects-normal/arm64/CycleLabView.o -o /Users/runner/work/appsku/appsku/MetaCalendar/build/Build/Intermediates.noindex/MetaCalendar.build/Release-iphoneos/MetaCalendar.build/Objects-normal/arm64/DomainProtocols.o -o /Users/runner/work/appsku/appsku/MetaCalendar/build/Build/Intermediates.noindex/MetaCalendar.build/Release-iphoneos/MetaCalendar.build/Objects-normal/arm64/ExploreView.o -o /Users/runner/work/appsku/appsku/MetaCalendar/build/Build/Intermediates.noindex/MetaCalendar.build/Release-iphoneos/MetaCalendar.build/Objects-normal/arm64/GregorianAdapter.o -o /Users/runner/work/appsku/appsku/MetaCalendar/build/Build/Intermediates.noindex/MetaCalendar.build/Release-iphoneos/MetaCalendar.build/Objects-normal/arm64/HijriAdapter.o -o /Users/runner/work/appsku/appsku/MetaCalendar/build/Build/Intermediates.noindex/MetaCalendar.build/Release-iphoneos/MetaCalendar.build/Objects-normal/arm64/JavaneseAdapter.o -o /Users/runner/work/appsku/appsku/MetaCalendar/build/Build/Intermediates.noindex/MetaCalendar.build/Release-iphoneos/MetaCalendar.build/Objects-normal/arm64/MetaCalendarApp.o -o /Users/runner/work/appsku/appsku/MetaCalendar/build/Build/Intermediates.noindex/MetaCalendar.build/Release-iphoneos/MetaCalendar.build/Objects-normal/arm64/MetaSolarEngine.o -o /Users/runner/work/appsku/appsku/MetaCalendar/build/Build/Intermediates.noindex/MetaCalendar.build/Release-iphoneos/MetaCalendar.build/Objects-normal/arm64/SettingsView.o -o /Users/runner/work/appsku/appsku/MetaCalendar/build/Build/Intermediates.noindex/MetaCalendar.build/Release-iphoneos/MetaCalendar.build/Objects-normal/arm64/Theme.o -o /Users/runner/work/appsku/appsku/MetaCalendar/build/Build/Intermediates.noindex/MetaCalendar.build/Release-iphoneos/MetaCalendar.build/Objects-normal/arm64/TimeRingsView.o -o /Users/runner/work/appsku/appsku/MetaCalendar/build/Build/Intermediates.noindex/MetaCalendar.build/Release-iphoneos/MetaCalendar.build/Objects-normal/arm64/TimelineView.o -o /Users/runner/work/appsku/appsku/MetaCalendar/build/Build/Intermediates.noindex/MetaCalendar.build/Release-iphoneos/MetaCalendar.build/Objects-normal/arm64/TodayView.o -o /Users/runner/work/appsku/appsku/MetaCalendar/build/Build/Intermediates.noindex/MetaCalendar.build/Release-iphoneos/MetaCalendar.build/Objects-normal/arm64/WorldEvents.o -o /Users/runner/work/appsku/appsku/MetaCalendar/build/Build/Intermediates.noindex/MetaCalendar.build/Release-iphoneos/MetaCalendar.build/Objects-normal/arm64/GeneratedAssetSymbols.o -index-unit-output-path /MetaCalendar.build/Release-iphoneos/MetaCalendar.build/Objects-normal/arm64/AlignmentFinder.o -index-unit-output-path /MetaCalendar.build/Release-iphoneos/MetaCalendar.build/Objects-normal/arm64/AlignmentView.o -index-unit-output-path /MetaCalendar.build/Release-iphoneos/MetaCalendar.build/Objects-normal/arm64/AstroEvents.o -index-unit-output-path /MetaCalendar.build/Release-iphoneos/MetaCalendar.build/Objects-normal/arm64/AstronomyEngine.o -index-unit-output-path /MetaCalendar.build/Release-iphoneos/MetaCalendar.build/Objects-normal/arm64/AstronomyProvenance.o -index-unit-output-path /MetaCalendar.build/Release-iphoneos/MetaCalendar.build/Objects-normal/arm64/CalendarEngine.o -index-unit-output-path /MetaCalendar.build/Release-iphoneos/MetaCalendar.build/Objects-normal/arm64/CalendarEvents.o -index-unit-output-path /MetaCalendar.build/Release-iphoneos/MetaCalendar.build/Objects-normal/arm64/CalendarGridView.o -index-unit-output-path /MetaCalendar.build/Release-iphoneos/MetaCalendar.build/Objects-normal/arm64/CalendarTypes.o -index-unit-output-path /MetaCalendar.build/Release-iphoneos/MetaCalendar.build/Objects-normal/arm64/ChineseAdapter.o -index-unit-output-path /MetaCalendar.build/Release-iphoneos/MetaCalendar.build/Objects-normal/arm64/CosmicSignatureView.o -index-unit-output-path /MetaCalendar.build/Release-iphoneos/MetaCalendar.build/Objects-normal/arm64/CycleLabView.o -index-unit-output-path /MetaCalendar.build/Release-iphoneos/MetaCalendar.build/Objects-normal/arm64/DomainProtocols.o -index-unit-output-path /MetaCalendar.build/Release-iphoneos/MetaCalendar.build/Objects-normal/arm64/ExploreView.o -index-unit-output-path /MetaCalendar.build/Release-iphoneos/MetaCalendar.build/Objects-normal/arm64/GregorianAdapter.o -index-unit-output-path /MetaCalendar.build/Release-iphoneos/MetaCalendar.build/Objects-normal/arm64/HijriAdapter.o -index-unit-output-path /MetaCalendar.build/Release-iphoneos/MetaCalendar.build/Objects-normal/arm64/JavaneseAdapter.o -index-unit-output-path /MetaCalendar.build/Release-iphoneos/MetaCalendar.build/Objects-normal/arm64/MetaCalendarApp.o -index-unit-output-path /MetaCalendar.build/Release-iphoneos/MetaCalendar.build/Objects-normal/arm64/MetaSolarEngine.o -index-unit-output-path /MetaCalendar.build/Release-iphoneos/MetaCalendar.build/Objects-normal/arm64/SettingsView.o -index-unit-output-path /MetaCalendar.build/Release-iphoneos/MetaCalendar.build/Objects-normal/arm64/Theme.o -index-unit-output-path /MetaCalendar.build/Release-iphoneos/MetaCalendar.build/Objects-normal/arm64/TimeRingsView.o -index-unit-output-path /MetaCalendar.build/Release-iphoneos/MetaCalendar.build/Objects-normal/arm64/TimelineView.o -index-unit-output-path /MetaCalendar.build/Release-iphoneos/MetaCalendar.build/Objects-normal/arm64/TodayView.o -index-unit-output-path /MetaCalendar.build/Release-iphoneos/MetaCalendar.build/Objects-normal/arm64/WorldEvents.o -index-unit-output-path /MetaCalendar.build/Release-iphoneos/MetaCalendar.build/Objects-normal/arm64/GeneratedAssetSymbols.o

CompileSwift normal arm64 (in target 'MetaCalendar' from project 'MetaCalendar')
    cd /Users/runner/work/appsku/appsku/MetaCalendar
    
/Users/runner/work/appsku/appsku/MetaCalendar/App/Views/AlignmentView.swift:183:36: warning: main actor-isolated property 'displayTimeZone' can not be referenced from a Sendable closure; this is an error in the Swift 6 language mode
                timeZone: appState.displayTimeZone,
                                   ^
/Users/runner/work/appsku/appsku/MetaCalendar/App/Views/Theme.swift:117:9: note: property declared here
    var displayTimeZone: TimeZone {
        ^
/Users/runner/work/appsku/appsku/MetaCalendar/App/Views/AlignmentView.swift:184:35: warning: main actor-isolated property 'ruleset' can not be referenced from a Sendable closure; this is an error in the Swift 6 language mode
                ruleset: appState.ruleset
                                  ^
/Users/runner/work/appsku/appsku/MetaCalendar/App/Views/Theme.swift:106:9: note: property declared here
    var ruleset: RulesetSelection = .default
        ^
/Users/runner/work/appsku/appsku/MetaCalendar/App/Core/AstronomyProvenance.swift:68:26: error: type 'EpistemicClass' has no member 'approximate'
        epistemicClass: .approximate,
                        ~^~~~~~~~~~~
/Users/runner/work/appsku/appsku/MetaCalendar/App/Core/AstronomyProvenance.swift:123:26: error: type 'EpistemicClass' has no member 'approximate'
        epistemicClass: .approximate,
                        ~^~~~~~~~~~~
/Users/runner/work/appsku/appsku/MetaCalendar/App/Core/CalendarEngine.swift:37:13: warning: variable 'warnings' was never mutated; consider changing to 'let' constant
        var warnings: [String] = []
        ~~~ ^
        let
/Users/runner/work/appsku/appsku/MetaCalendar/App/Core/CalendarEngine.swift:185:13: warning: initialization of immutable value 'instant' was never used; consider replacing with assignment to '_' or removing it
        let instant = Instant()
        ~~~~^~~~~~~
        _
/Users/runner/work/appsku/appsku/MetaCalendar/App/Views/CosmicSignatureView.swift:90:21: warning: initialization of immutable value 'fmt' was never used; consider replacing with assignment to '_' or removing it
                let fmt = DateFormatter()
                ~~~~^~~
                _
/Users/runner/work/appsku/appsku/MetaCalendar/App/Core/JavaneseAdapter.swift:66:13: warning: initialization of immutable value 'sapta' was never used; consider replacing with assignment to '_' or removing it
        let sapta = Int64(saptawaraIndex(fixedDay: fixedDay))
        ~~~~^~~~~
        _
/Users/runner/work/appsku/appsku/MetaCalendar/App/Core/JavaneseAdapter.swift:67:13: warning: initialization of immutable value 'pasaran' was never used; consider replacing with assignment to '_' or removing it
        let pasaran = Int64(pasaranIndex(fixedDay: fixedDay))
        ~~~~^~~~~~~
        _
/Users/runner/work/appsku/appsku/MetaCalendar/App/Core/JavaneseAdapter.swift:175:20: warning: immutable value 'dayInWuku' was never used; consider replacing with '_' or removing it
        let (wuku, dayInWuku) = wukuIndex(fixedDay: fixedDay)
                   ^~~~~~~~~
                   _

SwiftDriver\ Compilation MetaCalendar normal arm64 com.apple.xcode.tools.swift.compiler (in target 'MetaCalendar' from project 'MetaCalendar')
    cd /Users/runner/work/appsku/appsku/MetaCalendar
    builtin-Swift-Compilation -- /Applications/Xcode_16.4.app/Contents/Developer/Toolchains/XcodeDefault.xctoolchain/usr/bin/swiftc -module-name MetaCalendar -O -whole-module-optimization -enforce-exclusivity\=checked @/Users/runner/work/appsku/appsku/MetaCalendar/build/Build/Intermediates.noindex/MetaCalendar.build/Release-iphoneos/MetaCalendar.build/Objects-normal/arm64/MetaCalendar.SwiftFileList -enable-bare-slash-regex -enable-experimental-feature DebugDescriptionMacro -sdk /Applications/Xcode_16.4.app/Contents/Developer/Platforms/iPhoneOS.platform/Developer/SDKs/iPhoneOS18.5.sdk -target arm64-apple-ios17.0 -g -module-cache-path /Users/runner/work/appsku/appsku/MetaCalendar/build/ModuleCache.noindex -Xfrontend -serialize-debugging-options -swift-version 5 -I /Users/runner/work/appsku/appsku/MetaCalendar/build/Build/Products/Release-iphoneos -F /Users/runner/work/appsku/appsku/MetaCalendar/build/Build/Products/Release-iphoneos -c -num-threads 3 -Xcc -ivfsstatcache -Xcc /Users/runner/work/appsku/appsku/MetaCalendar/build/SDKStatCaches.noindex/iphoneos18.5-22F76-a529daf784b3616c7c04a36aeb7f5c05.sdkstatcache -output-file-map /Users/runner/work/appsku/appsku/MetaCalendar/build/Build/Intermediates.noindex/MetaCalendar.build/Release-iphoneos/MetaCalendar.build/Objects-normal/arm64/MetaCalendar-OutputFileMap.json -use-frontend-parseable-output -save-temps -no-color-diagnostics -serialize-diagnostics -emit-dependencies -emit-module -emit-module-path /Users/runner/work/appsku/appsku/MetaCalendar/build/Build/Intermediates.noindex/MetaCalendar.build/Release-iphoneos/MetaCalendar.build/Objects-normal/arm64/MetaCalendar.swiftmodule -validate-clang-modules-once -clang-build-session-file /Users/runner/work/appsku/appsku/MetaCalendar/build/ModuleCache.noindex/Session.modulevalidation -Xcc -I/Users/runner/work/appsku/appsku/MetaCalendar/build/Build/Intermediates.noindex/MetaCalendar.build/Release-iphoneos/MetaCalendar.build/swift-overrides.hmap -emit-const-values -Xfrontend -const-gather-protocols-file -Xfrontend /Users/runner/work/appsku/appsku/MetaCalendar/build/Build/Intermediates.noindex/MetaCalendar.build/Release-iphoneos/MetaCalendar.build/Objects-normal/arm64/MetaCalendar_const_extract_protocols.json -Xcc -iquote -Xcc /Users/runner/work/appsku/appsku/MetaCalendar/build/Build/Intermediates.noindex/MetaCalendar.build/Release-iphoneos/MetaCalendar.build/MetaCalendar-generated-files.hmap -Xcc -I/Users/runner/work/appsku/appsku/MetaCalendar/build/Build/Intermediates.noindex/MetaCalendar.build/Release-iphoneos/MetaCalendar.build/MetaCalendar-own-target-headers.hmap -Xcc -I/Users/runner/work/appsku/appsku/MetaCalendar/build/Build/Intermediates.noindex/MetaCalendar.build/Release-iphoneos/MetaCalendar.build/MetaCalendar-all-target-headers.hmap -Xcc -iquote -Xcc /Users/runner/work/appsku/appsku/MetaCalendar/build/Build/Intermediates.noindex/MetaCalendar.build/Release-iphoneos/MetaCalendar.build/MetaCalendar-project-headers.hmap -Xcc -I/Users/runner/work/appsku/appsku/MetaCalendar/build/Build/Products/Release-iphoneos/include -Xcc -I/Users/runner/work/appsku/appsku/MetaCalendar/build/Build/Intermediates.noindex/MetaCalendar.build/Release-iphoneos/MetaCalendar.build/DerivedSources-normal/arm64 -Xcc -I/Users/runner/work/appsku/appsku/MetaCalendar/build/Build/Intermediates.noindex/MetaCalendar.build/Release-iphoneos/MetaCalendar.build/DerivedSources/arm64 -Xcc -I/Users/runner/work/appsku/appsku/MetaCalendar/build/Build/Intermediates.noindex/MetaCalendar.build/Release-iphoneos/MetaCalendar.build/DerivedSources -emit-objc-header -emit-objc-header-path /Users/runner/work/appsku/appsku/MetaCalendar/build/Build/Intermediates.noindex/MetaCalendar.build/Release-iphoneos/MetaCalendar.build/Objects-normal/arm64/MetaCalendar-Swift.h -working-directory /Users/runner/work/appsku/appsku/MetaCalendar -no-emit-module-separately-wmo

note: Disabling previews because SWIFT_VERSION is set and SWIFT_OPTIMIZATION_LEVEL=-O, expected -Onone (in target 'MetaCalendar' from project 'MetaCalendar')
** BUILD FAILED **


The following build commands failed:
	SwiftCompile normal arm64 Compiling\ AlignmentFinder.swift,\ AlignmentView.swift,\ AstroEvents.swift,\ AstronomyEngine.swift,\ AstronomyProvenance.swift,\ CalendarEngine.swift,\ CalendarEvents.swift,\ CalendarGridView.swift,\ CalendarTypes.swift,\ ChineseAdapter.swift,\ CosmicSignatureView.swift,\ CycleLabView.swift,\ DomainProtocols.swift,\ ExploreView.swift,\ GregorianAdapter.swift,\ HijriAdapter.swift,\ JavaneseAdapter.swift,\ MetaCalendarApp.swift,\ MetaSolarEngine.swift,\ SettingsView.swift,\ Theme.swift,\ TimeRingsView.swift,\ TimelineView.swift,\ TodayView.swift,\ WorldEvents.swift,\ GeneratedAssetSymbols.swift /Users/runner/work/appsku/appsku/MetaCalendar/App/Core/AlignmentFinder.swift /Users/runner/work/appsku/appsku/MetaCalendar/App/Views/AlignmentView.swift /Users/runner/work/appsku/appsku/MetaCalendar/App/Core/AstroEvents.swift /Users/runner/work/appsku/appsku/MetaCalendar/App/Core/AstronomyEngine.swift /Users/runner/work/appsku/appsku/MetaCalendar/App/Core/AstronomyProvenance.swift /Users/runner/work/appsku/appsku/MetaCalendar/App/Core/CalendarEngine.swift /Users/runner/work/appsku/appsku/MetaCalendar/App/Core/CalendarEvents.swift /Users/runner/work/appsku/appsku/MetaCalendar/App/Views/CalendarGridView.swift /Users/runner/work/appsku/appsku/MetaCalendar/App/Core/CalendarTypes.swift /Users/runner/work/appsku/appsku/MetaCalendar/App/Core/ChineseAdapter.swift /Users/runner/work/appsku/appsku/MetaCalendar/App/Views/CosmicSignatureView.swift /Users/runner/work/appsku/appsku/MetaCalendar/App/Views/CycleLabView.swift /Users/runner/work/appsku/appsku/MetaCalendar/App/Core/DomainProtocols.swift /Users/runner/work/appsku/appsku/MetaCalendar/App/Views/ExploreView.swift /Users/runner/work/appsku/appsku/MetaCalendar/App/Core/GregorianAdapter.swift /Users/runner/work/appsku/appsku/MetaCalendar/App/Core/HijriAdapter.swift /Users/runner/work/appsku/appsku/MetaCalendar/App/Core/JavaneseAdapter.swift /Users/runner/work/appsku/appsku/MetaCalendar/App/MetaCalendarApp.swift /Users/runner/work/appsku/appsku/MetaCalendar/App/Core/MetaSolarEngine.swift /Users/runner/work/appsku/appsku/MetaCalendar/App/Views/SettingsView.swift /Users/runner/work/appsku/appsku/MetaCalendar/App/Views/Theme.swift /Users/runner/work/appsku/appsku/MetaCalendar/App/Views/TimeRingsView.swift /Users/runner/work/appsku/appsku/MetaCalendar/App/Views/TimelineView.swift /Users/runner/work/appsku/appsku/MetaCalendar/App/Views/TodayView.swift /Users/runner/work/appsku/appsku/MetaCalendar/App/Core/WorldEvents.swift /Users/runner/work/appsku/appsku/MetaCalendar/build/Build/Intermediates.noindex/MetaCalendar.build/Release-iphoneos/MetaCalendar.build/DerivedSources/GeneratedAssetSymbols.swift (in target 'MetaCalendar' from project 'MetaCalendar')
	CompileSwift normal arm64 (in target 'MetaCalendar' from project 'MetaCalendar')
	Building project MetaCalendar with scheme MetaCalendar and configuration Release
(3 failures)
