Command line invocation:
    /Applications/Xcode_16.4.app/Contents/Developer/usr/bin/xcodebuild test -project MetaCalendar.xcodeproj -scheme MetaCalendar -destination "platform=iOS Simulator,name=iPhone 16 Pro" -enableCodeCoverage NO

--- xcodebuild: WARNING: Using the first of multiple matching destinations:
{ platform:iOS Simulator, arch:arm64, id:DB7A4F45-473E-4AFF-B207-43FBCE9682DE, OS:26.2, name:iPhone 16 Pro }
{ platform:iOS Simulator, arch:x86_64, id:DB7A4F45-473E-4AFF-B207-43FBCE9682DE, OS:26.2, name:iPhone 16 Pro }
ComputePackagePrebuildTargetDependencyGraph

Prepare packages

CreateBuildRequest

SendProjectDescription

CreateBuildOperation

ComputeTargetDependencyGraph
note: Building targets in dependency order
note: Target dependency graph (2 targets)
    Target 'MetaCalendarTests' in project 'MetaCalendar'
        ➜ Explicit dependency on target 'MetaCalendar' in project 'MetaCalendar'
    Target 'MetaCalendar' in project 'MetaCalendar' (no dependencies)

GatherProvisioningInputs

CreateBuildDescription

ExecuteExternalTool /Applications/Xcode_16.4.app/Contents/Developer/usr/bin/actool --print-asset-tag-combinations --output-format xml1 /Users/runner/work/appsku/appsku/MetaCalendar/App/Assets.xcassets

ExecuteExternalTool /Applications/Xcode_16.4.app/Contents/Developer/Toolchains/XcodeDefault.xctoolchain/usr/bin/swiftc --version

ExecuteExternalTool /Applications/Xcode_16.4.app/Contents/Developer/Toolchains/XcodeDefault.xctoolchain/usr/bin/clang -v -E -dM -isysroot /Applications/Xcode_16.4.app/Contents/Developer/Platforms/iPhoneSimulator.platform/Developer/SDKs/iPhoneSimulator18.5.sdk -x c -c /dev/null

ExecuteExternalTool /Applications/Xcode_16.4.app/Contents/Developer/Toolchains/XcodeDefault.xctoolchain/usr/bin/ld -version_details

ExecuteExternalTool /Applications/Xcode_16.4.app/Contents/Developer/usr/bin/actool --version --output-format xml1

Build description signature: 566044150b2f0d28bb92054c2736454b
Build description path: /Users/runner/Library/Developer/Xcode/DerivedData/MetaCalendar-gysjjzysjdujjxdacwnishooluxp/Build/Intermediates.noindex/XCBuildData/566044150b2f0d28bb92054c2736454b.xcbuilddata
ClangStatCache /Applications/Xcode_16.4.app/Contents/Developer/Toolchains/XcodeDefault.xctoolchain/usr/bin/clang-stat-cache /Applications/Xcode_16.4.app/Contents/Developer/Platforms/iPhoneSimulator.platform/Developer/SDKs/iPhoneSimulator18.5.sdk /Users/runner/Library/Developer/Xcode/DerivedData/SDKStatCaches.noindex/iphonesimulator18.5-22F76-96ae0914227b19deccb34b33ba7b5dea.sdkstatcache
    cd /Users/runner/work/appsku/appsku/MetaCalendar/MetaCalendar.xcodeproj
    /Applications/Xcode_16.4.app/Contents/Developer/Toolchains/XcodeDefault.xctoolchain/usr/bin/clang-stat-cache /Applications/Xcode_16.4.app/Contents/Developer/Platforms/iPhoneSimulator.platform/Developer/SDKs/iPhoneSimulator18.5.sdk -o /Users/runner/Library/Developer/Xcode/DerivedData/SDKStatCaches.noindex/iphonesimulator18.5-22F76-96ae0914227b19deccb34b33ba7b5dea.sdkstatcache

CreateBuildDirectory /Users/runner/Library/Developer/Xcode/DerivedData/MetaCalendar-gysjjzysjdujjxdacwnishooluxp/Build/Intermediates.noindex
    cd /Users/runner/work/appsku/appsku/MetaCalendar/MetaCalendar.xcodeproj
    builtin-create-build-directory /Users/runner/Library/Developer/Xcode/DerivedData/MetaCalendar-gysjjzysjdujjxdacwnishooluxp/Build/Intermediates.noindex

CreateBuildDirectory /Users/runner/Library/Developer/Xcode/DerivedData/MetaCalendar-gysjjzysjdujjxdacwnishooluxp/Build/Products
    cd /Users/runner/work/appsku/appsku/MetaCalendar/MetaCalendar.xcodeproj
    builtin-create-build-directory /Users/runner/Library/Developer/Xcode/DerivedData/MetaCalendar-gysjjzysjdujjxdacwnishooluxp/Build/Products

WriteAuxiliaryFile /Users/runner/Library/Developer/Xcode/DerivedData/MetaCalendar-gysjjzysjdujjxdacwnishooluxp/Build/Intermediates.noindex/MetaCalendar.build/Debug-iphonesimulator/MetaCalendar-aea7b97a234906fbe9e0a8b28e4d1cac-VFS-iphonesimulator/all-product-headers.yaml
    cd /Users/runner/work/appsku/appsku/MetaCalendar/MetaCalendar.xcodeproj
    write-file /Users/runner/Library/Developer/Xcode/DerivedData/MetaCalendar-gysjjzysjdujjxdacwnishooluxp/Build/Intermediates.noindex/MetaCalendar.build/Debug-iphonesimulator/MetaCalendar-aea7b97a234906fbe9e0a8b28e4d1cac-VFS-iphonesimulator/all-product-headers.yaml

CreateBuildDirectory /Users/runner/Library/Developer/Xcode/DerivedData/MetaCalendar-gysjjzysjdujjxdacwnishooluxp/Build/Products/Debug-iphonesimulator
    cd /Users/runner/work/appsku/appsku/MetaCalendar/MetaCalendar.xcodeproj
    builtin-create-build-directory /Users/runner/Library/Developer/Xcode/DerivedData/MetaCalendar-gysjjzysjdujjxdacwnishooluxp/Build/Products/Debug-iphonesimulator

CreateBuildDirectory /Users/runner/Library/Developer/Xcode/DerivedData/MetaCalendar-gysjjzysjdujjxdacwnishooluxp/Build/Intermediates.noindex/EagerLinkingTBDs/Debug-iphonesimulator
    cd /Users/runner/work/appsku/appsku/MetaCalendar/MetaCalendar.xcodeproj
    builtin-create-build-directory /Users/runner/Library/Developer/Xcode/DerivedData/MetaCalendar-gysjjzysjdujjxdacwnishooluxp/Build/Intermediates.noindex/EagerLinkingTBDs/Debug-iphonesimulator

WriteAuxiliaryFile /Users/runner/Library/Developer/Xcode/DerivedData/MetaCalendar-gysjjzysjdujjxdacwnishooluxp/Build/Intermediates.noindex/MetaCalendar.build/Debug-iphonesimulator/MetaCalendar.build/empty-MetaCalendar.plist (in target 'MetaCalendar' from project 'MetaCalendar')
    cd /Users/runner/work/appsku/appsku/MetaCalendar
    write-file /Users/runner/Library/Developer/Xcode/DerivedData/MetaCalendar-gysjjzysjdujjxdacwnishooluxp/Build/Intermediates.noindex/MetaCalendar.build/Debug-iphonesimulator/MetaCalendar.build/empty-MetaCalendar.plist

WriteAuxiliaryFile /Users/runner/Library/Developer/Xcode/DerivedData/MetaCalendar-gysjjzysjdujjxdacwnishooluxp/Build/Intermediates.noindex/MetaCalendar.build/Debug-iphonesimulator/MetaCalendarTests.build/empty-MetaCalendarTests.plist (in target 'MetaCalendarTests' from project 'MetaCalendar')
    cd /Users/runner/work/appsku/appsku/MetaCalendar
    write-file /Users/runner/Library/Developer/Xcode/DerivedData/MetaCalendar-gysjjzysjdujjxdacwnishooluxp/Build/Intermediates.noindex/MetaCalendar.build/Debug-iphonesimulator/MetaCalendarTests.build/empty-MetaCalendarTests.plist

WriteAuxiliaryFile /Users/runner/Library/Developer/Xcode/DerivedData/MetaCalendar-gysjjzysjdujjxdacwnishooluxp/Build/Intermediates.noindex/MetaCalendar.build/Debug-iphonesimulator/MetaCalendarTests.build/Objects-normal/arm64/MetaCalendarTests_const_extract_protocols.json (in target 'MetaCalendarTests' from project 'MetaCalendar')
    cd /Users/runner/work/appsku/appsku/MetaCalendar
    write-file /Users/runner/Library/Developer/Xcode/DerivedData/MetaCalendar-gysjjzysjdujjxdacwnishooluxp/Build/Intermediates.noindex/MetaCalendar.build/Debug-iphonesimulator/MetaCalendarTests.build/Objects-normal/arm64/MetaCalendarTests_const_extract_protocols.json

WriteAuxiliaryFile /Users/runner/Library/Developer/Xcode/DerivedData/MetaCalendar-gysjjzysjdujjxdacwnishooluxp/Build/Intermediates.noindex/MetaCalendar.build/Debug-iphonesimulator/MetaCalendarTests.build/Objects-normal/arm64/MetaCalendarTests.SwiftFileList (in target 'MetaCalendarTests' from project 'MetaCalendar')
    cd /Users/runner/work/appsku/appsku/MetaCalendar
    write-file /Users/runner/Library/Developer/Xcode/DerivedData/MetaCalendar-gysjjzysjdujjxdacwnishooluxp/Build/Intermediates.noindex/MetaCalendar.build/Debug-iphonesimulator/MetaCalendarTests.build/Objects-normal/arm64/MetaCalendarTests.SwiftFileList

WriteAuxiliaryFile /Users/runner/Library/Developer/Xcode/DerivedData/MetaCalendar-gysjjzysjdujjxdacwnishooluxp/Build/Intermediates.noindex/MetaCalendar.build/Debug-iphonesimulator/MetaCalendarTests.build/Objects-normal/arm64/MetaCalendarTests.SwiftConstValuesFileList (in target 'MetaCalendarTests' from project 'MetaCalendar')
    cd /Users/runner/work/appsku/appsku/MetaCalendar
    write-file /Users/runner/Library/Developer/Xcode/DerivedData/MetaCalendar-gysjjzysjdujjxdacwnishooluxp/Build/Intermediates.noindex/MetaCalendar.build/Debug-iphonesimulator/MetaCalendarTests.build/Objects-normal/arm64/MetaCalendarTests.SwiftConstValuesFileList

WriteAuxiliaryFile /Users/runner/Library/Developer/Xcode/DerivedData/MetaCalendar-gysjjzysjdujjxdacwnishooluxp/Build/Intermediates.noindex/MetaCalendar.build/Debug-iphonesimulator/MetaCalendarTests.build/Objects-normal/arm64/MetaCalendarTests.LinkFileList (in target 'MetaCalendarTests' from project 'MetaCalendar')
    cd /Users/runner/work/appsku/appsku/MetaCalendar
    write-file /Users/runner/Library/Developer/Xcode/DerivedData/MetaCalendar-gysjjzysjdujjxdacwnishooluxp/Build/Intermediates.noindex/MetaCalendar.build/Debug-iphonesimulator/MetaCalendarTests.build/Objects-normal/arm64/MetaCalendarTests.LinkFileList

WriteAuxiliaryFile /Users/runner/Library/Developer/Xcode/DerivedData/MetaCalendar-gysjjzysjdujjxdacwnishooluxp/Build/Intermediates.noindex/MetaCalendar.build/Debug-iphonesimulator/MetaCalendarTests.build/Objects-normal/arm64/MetaCalendarTests-OutputFileMap.json (in target 'MetaCalendarTests' from project 'MetaCalendar')
    cd /Users/runner/work/appsku/appsku/MetaCalendar
    write-file /Users/runner/Library/Developer/Xcode/DerivedData/MetaCalendar-gysjjzysjdujjxdacwnishooluxp/Build/Intermediates.noindex/MetaCalendar.build/Debug-iphonesimulator/MetaCalendarTests.build/Objects-normal/arm64/MetaCalendarTests-OutputFileMap.json

WriteAuxiliaryFile /Users/runner/Library/Developer/Xcode/DerivedData/MetaCalendar-gysjjzysjdujjxdacwnishooluxp/Build/Intermediates.noindex/MetaCalendar.build/Debug-iphonesimulator/MetaCalendarTests.build/MetaCalendarTests.hmap (in target 'MetaCalendarTests' from project 'MetaCalendar')
    cd /Users/runner/work/appsku/appsku/MetaCalendar
    write-file /Users/runner/Library/Developer/Xcode/DerivedData/MetaCalendar-gysjjzysjdujjxdacwnishooluxp/Build/Intermediates.noindex/MetaCalendar.build/Debug-iphonesimulator/MetaCalendarTests.build/MetaCalendarTests.hmap

WriteAuxiliaryFile /Users/runner/Library/Developer/Xcode/DerivedData/MetaCalendar-gysjjzysjdujjxdacwnishooluxp/Build/Intermediates.noindex/MetaCalendar.build/Debug-iphonesimulator/MetaCalendarTests.build/MetaCalendarTests.DependencyStaticMetadataFileList (in target 'MetaCalendarTests' from project 'MetaCalendar')
    cd /Users/runner/work/appsku/appsku/MetaCalendar
    write-file /Users/runner/Library/Developer/Xcode/DerivedData/MetaCalendar-gysjjzysjdujjxdacwnishooluxp/Build/Intermediates.noindex/MetaCalendar.build/Debug-iphonesimulator/MetaCalendarTests.build/MetaCalendarTests.DependencyStaticMetadataFileList

WriteAuxiliaryFile /Users/runner/Library/Developer/Xcode/DerivedData/MetaCalendar-gysjjzysjdujjxdacwnishooluxp/Build/Intermediates.noindex/MetaCalendar.build/Debug-iphonesimulator/MetaCalendarTests.build/MetaCalendarTests.DependencyMetadataFileList (in target 'MetaCalendarTests' from project 'MetaCalendar')
    cd /Users/runner/work/appsku/appsku/MetaCalendar
    write-file /Users/runner/Library/Developer/Xcode/DerivedData/MetaCalendar-gysjjzysjdujjxdacwnishooluxp/Build/Intermediates.noindex/MetaCalendar.build/Debug-iphonesimulator/MetaCalendarTests.build/MetaCalendarTests.DependencyMetadataFileList

WriteAuxiliaryFile /Users/runner/Library/Developer/Xcode/DerivedData/MetaCalendar-gysjjzysjdujjxdacwnishooluxp/Build/Intermediates.noindex/MetaCalendar.build/Debug-iphonesimulator/MetaCalendarTests.build/MetaCalendarTests-project-headers.hmap (in target 'MetaCalendarTests' from project 'MetaCalendar')
    cd /Users/runner/work/appsku/appsku/MetaCalendar
    write-file /Users/runner/Library/Developer/Xcode/DerivedData/MetaCalendar-gysjjzysjdujjxdacwnishooluxp/Build/Intermediates.noindex/MetaCalendar.build/Debug-iphonesimulator/MetaCalendarTests.build/MetaCalendarTests-project-headers.hmap

WriteAuxiliaryFile /Users/runner/Library/Developer/Xcode/DerivedData/MetaCalendar-gysjjzysjdujjxdacwnishooluxp/Build/Intermediates.noindex/MetaCalendar.build/Debug-iphonesimulator/MetaCalendarTests.build/MetaCalendarTests-own-target-headers.hmap (in target 'MetaCalendarTests' from project 'MetaCalendar')
    cd /Users/runner/work/appsku/appsku/MetaCalendar
    write-file /Users/runner/Library/Developer/Xcode/DerivedData/MetaCalendar-gysjjzysjdujjxdacwnishooluxp/Build/Intermediates.noindex/MetaCalendar.build/Debug-iphonesimulator/MetaCalendarTests.build/MetaCalendarTests-own-target-headers.hmap

WriteAuxiliaryFile /Users/runner/Library/Developer/Xcode/DerivedData/MetaCalendar-gysjjzysjdujjxdacwnishooluxp/Build/Intermediates.noindex/MetaCalendar.build/Debug-iphonesimulator/MetaCalendarTests.build/MetaCalendarTests-generated-files.hmap (in target 'MetaCalendarTests' from project 'MetaCalendar')
    cd /Users/runner/work/appsku/appsku/MetaCalendar
    write-file /Users/runner/Library/Developer/Xcode/DerivedData/MetaCalendar-gysjjzysjdujjxdacwnishooluxp/Build/Intermediates.noindex/MetaCalendar.build/Debug-iphonesimulator/MetaCalendarTests.build/MetaCalendarTests-generated-files.hmap

WriteAuxiliaryFile /Users/runner/Library/Developer/Xcode/DerivedData/MetaCalendar-gysjjzysjdujjxdacwnishooluxp/Build/Intermediates.noindex/MetaCalendar.build/Debug-iphonesimulator/MetaCalendarTests.build/MetaCalendarTests-all-target-headers.hmap (in target 'MetaCalendarTests' from project 'MetaCalendar')
    cd /Users/runner/work/appsku/appsku/MetaCalendar
    write-file /Users/runner/Library/Developer/Xcode/DerivedData/MetaCalendar-gysjjzysjdujjxdacwnishooluxp/Build/Intermediates.noindex/MetaCalendar.build/Debug-iphonesimulator/MetaCalendarTests.build/MetaCalendarTests-all-target-headers.hmap

WriteAuxiliaryFile /Users/runner/Library/Developer/Xcode/DerivedData/MetaCalendar-gysjjzysjdujjxdacwnishooluxp/Build/Intermediates.noindex/MetaCalendar.build/Debug-iphonesimulator/MetaCalendarTests.build/MetaCalendarTests-all-non-framework-target-headers.hmap (in target 'MetaCalendarTests' from project 'MetaCalendar')
    cd /Users/runner/work/appsku/appsku/MetaCalendar
    write-file /Users/runner/Library/Developer/Xcode/DerivedData/MetaCalendar-gysjjzysjdujjxdacwnishooluxp/Build/Intermediates.noindex/MetaCalendar.build/Debug-iphonesimulator/MetaCalendarTests.build/MetaCalendarTests-all-non-framework-target-headers.hmap

WriteAuxiliaryFile /Users/runner/Library/Developer/Xcode/DerivedData/MetaCalendar-gysjjzysjdujjxdacwnishooluxp/Build/Intermediates.noindex/MetaCalendar.build/Debug-iphonesimulator/MetaCalendar.build/Objects-normal/arm64/MetaCalendar_const_extract_protocols.json (in target 'MetaCalendar' from project 'MetaCalendar')
    cd /Users/runner/work/appsku/appsku/MetaCalendar
    write-file /Users/runner/Library/Developer/Xcode/DerivedData/MetaCalendar-gysjjzysjdujjxdacwnishooluxp/Build/Intermediates.noindex/MetaCalendar.build/Debug-iphonesimulator/MetaCalendar.build/Objects-normal/arm64/MetaCalendar_const_extract_protocols.json

WriteAuxiliaryFile /Users/runner/Library/Developer/Xcode/DerivedData/MetaCalendar-gysjjzysjdujjxdacwnishooluxp/Build/Intermediates.noindex/MetaCalendar.build/Debug-iphonesimulator/MetaCalendar.build/Objects-normal/arm64/MetaCalendar.SwiftFileList (in target 'MetaCalendar' from project 'MetaCalendar')
    cd /Users/runner/work/appsku/appsku/MetaCalendar
    write-file /Users/runner/Library/Developer/Xcode/DerivedData/MetaCalendar-gysjjzysjdujjxdacwnishooluxp/Build/Intermediates.noindex/MetaCalendar.build/Debug-iphonesimulator/MetaCalendar.build/Objects-normal/arm64/MetaCalendar.SwiftFileList

WriteAuxiliaryFile /Users/runner/Library/Developer/Xcode/DerivedData/MetaCalendar-gysjjzysjdujjxdacwnishooluxp/Build/Intermediates.noindex/MetaCalendar.build/Debug-iphonesimulator/MetaCalendar.build/Objects-normal/arm64/MetaCalendar.SwiftConstValuesFileList (in target 'MetaCalendar' from project 'MetaCalendar')
    cd /Users/runner/work/appsku/appsku/MetaCalendar
    write-file /Users/runner/Library/Developer/Xcode/DerivedData/MetaCalendar-gysjjzysjdujjxdacwnishooluxp/Build/Intermediates.noindex/MetaCalendar.build/Debug-iphonesimulator/MetaCalendar.build/Objects-normal/arm64/MetaCalendar.SwiftConstValuesFileList

WriteAuxiliaryFile /Users/runner/Library/Developer/Xcode/DerivedData/MetaCalendar-gysjjzysjdujjxdacwnishooluxp/Build/Intermediates.noindex/MetaCalendar.build/Debug-iphonesimulator/MetaCalendar.build/Objects-normal/arm64/MetaCalendar.LinkFileList (in target 'MetaCalendar' from project 'MetaCalendar')
    cd /Users/runner/work/appsku/appsku/MetaCalendar
    write-file /Users/runner/Library/Developer/Xcode/DerivedData/MetaCalendar-gysjjzysjdujjxdacwnishooluxp/Build/Intermediates.noindex/MetaCalendar.build/Debug-iphonesimulator/MetaCalendar.build/Objects-normal/arm64/MetaCalendar.LinkFileList

WriteAuxiliaryFile /Users/runner/Library/Developer/Xcode/DerivedData/MetaCalendar-gysjjzysjdujjxdacwnishooluxp/Build/Intermediates.noindex/MetaCalendar.build/Debug-iphonesimulator/MetaCalendar.build/Objects-normal/arm64/MetaCalendar-OutputFileMap.json (in target 'MetaCalendar' from project 'MetaCalendar')
    cd /Users/runner/work/appsku/appsku/MetaCalendar
    write-file /Users/runner/Library/Developer/Xcode/DerivedData/MetaCalendar-gysjjzysjdujjxdacwnishooluxp/Build/Intermediates.noindex/MetaCalendar.build/Debug-iphonesimulator/MetaCalendar.build/Objects-normal/arm64/MetaCalendar-OutputFileMap.json

WriteAuxiliaryFile /Users/runner/Library/Developer/Xcode/DerivedData/MetaCalendar-gysjjzysjdujjxdacwnishooluxp/Build/Intermediates.noindex/MetaCalendar.build/Debug-iphonesimulator/MetaCalendar.build/MetaCalendar.hmap (in target 'MetaCalendar' from project 'MetaCalendar')
    cd /Users/runner/work/appsku/appsku/MetaCalendar
    write-file /Users/runner/Library/Developer/Xcode/DerivedData/MetaCalendar-gysjjzysjdujjxdacwnishooluxp/Build/Intermediates.noindex/MetaCalendar.build/Debug-iphonesimulator/MetaCalendar.build/MetaCalendar.hmap

WriteAuxiliaryFile /Users/runner/Library/Developer/Xcode/DerivedData/MetaCalendar-gysjjzysjdujjxdacwnishooluxp/Build/Intermediates.noindex/MetaCalendar.build/Debug-iphonesimulator/MetaCalendar.build/MetaCalendar.DependencyStaticMetadataFileList (in target 'MetaCalendar' from project 'MetaCalendar')
    cd /Users/runner/work/appsku/appsku/MetaCalendar
    write-file /Users/runner/Library/Developer/Xcode/DerivedData/MetaCalendar-gysjjzysjdujjxdacwnishooluxp/Build/Intermediates.noindex/MetaCalendar.build/Debug-iphonesimulator/MetaCalendar.build/MetaCalendar.DependencyStaticMetadataFileList

WriteAuxiliaryFile /Users/runner/Library/Developer/Xcode/DerivedData/MetaCalendar-gysjjzysjdujjxdacwnishooluxp/Build/Intermediates.noindex/MetaCalendar.build/Debug-iphonesimulator/MetaCalendar.build/MetaCalendar.DependencyMetadataFileList (in target 'MetaCalendar' from project 'MetaCalendar')
    cd /Users/runner/work/appsku/appsku/MetaCalendar
    write-file /Users/runner/Library/Developer/Xcode/DerivedData/MetaCalendar-gysjjzysjdujjxdacwnishooluxp/Build/Intermediates.noindex/MetaCalendar.build/Debug-iphonesimulator/MetaCalendar.build/MetaCalendar.DependencyMetadataFileList

WriteAuxiliaryFile /Users/runner/Library/Developer/Xcode/DerivedData/MetaCalendar-gysjjzysjdujjxdacwnishooluxp/Build/Intermediates.noindex/MetaCalendar.build/Debug-iphonesimulator/MetaCalendar.build/MetaCalendar-project-headers.hmap (in target 'MetaCalendar' from project 'MetaCalendar')
    cd /Users/runner/work/appsku/appsku/MetaCalendar
    write-file /Users/runner/Library/Developer/Xcode/DerivedData/MetaCalendar-gysjjzysjdujjxdacwnishooluxp/Build/Intermediates.noindex/MetaCalendar.build/Debug-iphonesimulator/MetaCalendar.build/MetaCalendar-project-headers.hmap

WriteAuxiliaryFile /Users/runner/Library/Developer/Xcode/DerivedData/MetaCalendar-gysjjzysjdujjxdacwnishooluxp/Build/Intermediates.noindex/MetaCalendar.build/Debug-iphonesimulator/MetaCalendar.build/MetaCalendar-own-target-headers.hmap (in target 'MetaCalendar' from project 'MetaCalendar')
    cd /Users/runner/work/appsku/appsku/MetaCalendar
    write-file /Users/runner/Library/Developer/Xcode/DerivedData/MetaCalendar-gysjjzysjdujjxdacwnishooluxp/Build/Intermediates.noindex/MetaCalendar.build/Debug-iphonesimulator/MetaCalendar.build/MetaCalendar-own-target-headers.hmap

WriteAuxiliaryFile /Users/runner/Library/Developer/Xcode/DerivedData/MetaCalendar-gysjjzysjdujjxdacwnishooluxp/Build/Intermediates.noindex/MetaCalendar.build/Debug-iphonesimulator/MetaCalendar.build/MetaCalendar-generated-files.hmap (in target 'MetaCalendar' from project 'MetaCalendar')
    cd /Users/runner/work/appsku/appsku/MetaCalendar
    write-file /Users/runner/Library/Developer/Xcode/DerivedData/MetaCalendar-gysjjzysjdujjxdacwnishooluxp/Build/Intermediates.noindex/MetaCalendar.build/Debug-iphonesimulator/MetaCalendar.build/MetaCalendar-generated-files.hmap

WriteAuxiliaryFile /Users/runner/Library/Developer/Xcode/DerivedData/MetaCalendar-gysjjzysjdujjxdacwnishooluxp/Build/Intermediates.noindex/MetaCalendar.build/Debug-iphonesimulator/MetaCalendar.build/MetaCalendar-all-target-headers.hmap (in target 'MetaCalendar' from project 'MetaCalendar')
    cd /Users/runner/work/appsku/appsku/MetaCalendar
    write-file /Users/runner/Library/Developer/Xcode/DerivedData/MetaCalendar-gysjjzysjdujjxdacwnishooluxp/Build/Intermediates.noindex/MetaCalendar.build/Debug-iphonesimulator/MetaCalendar.build/MetaCalendar-all-target-headers.hmap

WriteAuxiliaryFile /Users/runner/Library/Developer/Xcode/DerivedData/MetaCalendar-gysjjzysjdujjxdacwnishooluxp/Build/Intermediates.noindex/MetaCalendar.build/Debug-iphonesimulator/MetaCalendar.build/MetaCalendar-all-non-framework-target-headers.hmap (in target 'MetaCalendar' from project 'MetaCalendar')
    cd /Users/runner/work/appsku/appsku/MetaCalendar
    write-file /Users/runner/Library/Developer/Xcode/DerivedData/MetaCalendar-gysjjzysjdujjxdacwnishooluxp/Build/Intermediates.noindex/MetaCalendar.build/Debug-iphonesimulator/MetaCalendar.build/MetaCalendar-all-non-framework-target-headers.hmap

WriteAuxiliaryFile /Users/runner/Library/Developer/Xcode/DerivedData/MetaCalendar-gysjjzysjdujjxdacwnishooluxp/Build/Intermediates.noindex/MetaCalendar.build/Debug-iphonesimulator/MetaCalendar.build/MetaCalendar-DebugDylibPath-normal-arm64.txt (in target 'MetaCalendar' from project 'MetaCalendar')
    cd /Users/runner/work/appsku/appsku/MetaCalendar
    write-file /Users/runner/Library/Developer/Xcode/DerivedData/MetaCalendar-gysjjzysjdujjxdacwnishooluxp/Build/Intermediates.noindex/MetaCalendar.build/Debug-iphonesimulator/MetaCalendar.build/MetaCalendar-DebugDylibPath-normal-arm64.txt

WriteAuxiliaryFile /Users/runner/Library/Developer/Xcode/DerivedData/MetaCalendar-gysjjzysjdujjxdacwnishooluxp/Build/Intermediates.noindex/MetaCalendar.build/Debug-iphonesimulator/MetaCalendar.build/MetaCalendar-DebugDylibInstallName-normal-arm64.txt (in target 'MetaCalendar' from project 'MetaCalendar')
    cd /Users/runner/work/appsku/appsku/MetaCalendar
    write-file /Users/runner/Library/Developer/Xcode/DerivedData/MetaCalendar-gysjjzysjdujjxdacwnishooluxp/Build/Intermediates.noindex/MetaCalendar.build/Debug-iphonesimulator/MetaCalendar.build/MetaCalendar-DebugDylibInstallName-normal-arm64.txt

MkDir /Users/runner/Library/Developer/Xcode/DerivedData/MetaCalendar-gysjjzysjdujjxdacwnishooluxp/Build/Products/Debug-iphonesimulator/MetaCalendar.app/PlugIns/MetaCalendarTests.xctest (in target 'MetaCalendarTests' from project 'MetaCalendar')
    cd /Users/runner/work/appsku/appsku/MetaCalendar
    /bin/mkdir -p /Users/runner/Library/Developer/Xcode/DerivedData/MetaCalendar-gysjjzysjdujjxdacwnishooluxp/Build/Products/Debug-iphonesimulator/MetaCalendar.app/PlugIns/MetaCalendarTests.xctest

MkDir /Users/runner/Library/Developer/Xcode/DerivedData/MetaCalendar-gysjjzysjdujjxdacwnishooluxp/Build/Products/Debug-iphonesimulator/MetaCalendar.app/PlugIns (in target 'MetaCalendar' from project 'MetaCalendar')
    cd /Users/runner/work/appsku/appsku/MetaCalendar
    /bin/mkdir -p /Users/runner/Library/Developer/Xcode/DerivedData/MetaCalendar-gysjjzysjdujjxdacwnishooluxp/Build/Products/Debug-iphonesimulator/MetaCalendar.app/PlugIns

MkDir /Users/runner/Library/Developer/Xcode/DerivedData/MetaCalendar-gysjjzysjdujjxdacwnishooluxp/Build/Products/Debug-iphonesimulator/MetaCalendar.app/Frameworks (in target 'MetaCalendar' from project 'MetaCalendar')
    cd /Users/runner/work/appsku/appsku/MetaCalendar
    /bin/mkdir -p /Users/runner/Library/Developer/Xcode/DerivedData/MetaCalendar-gysjjzysjdujjxdacwnishooluxp/Build/Products/Debug-iphonesimulator/MetaCalendar.app/Frameworks

MkDir /Users/runner/Library/Developer/Xcode/DerivedData/MetaCalendar-gysjjzysjdujjxdacwnishooluxp/Build/Products/Debug-iphonesimulator/MetaCalendar.app (in target 'MetaCalendar' from project 'MetaCalendar')
    cd /Users/runner/work/appsku/appsku/MetaCalendar
    /bin/mkdir -p /Users/runner/Library/Developer/Xcode/DerivedData/MetaCalendar-gysjjzysjdujjxdacwnishooluxp/Build/Products/Debug-iphonesimulator/MetaCalendar.app

MkDir /Users/runner/Library/Developer/Xcode/DerivedData/MetaCalendar-gysjjzysjdujjxdacwnishooluxp/Build/Intermediates.noindex/MetaCalendar.build/Debug-iphonesimulator/MetaCalendar.build/assetcatalog_output/unthinned (in target 'MetaCalendar' from project 'MetaCalendar')
    cd /Users/runner/work/appsku/appsku/MetaCalendar
    /bin/mkdir -p /Users/runner/Library/Developer/Xcode/DerivedData/MetaCalendar-gysjjzysjdujjxdacwnishooluxp/Build/Intermediates.noindex/MetaCalendar.build/Debug-iphonesimulator/MetaCalendar.build/assetcatalog_output/unthinned

Ld /Users/runner/Library/Developer/Xcode/DerivedData/MetaCalendar-gysjjzysjdujjxdacwnishooluxp/Build/Products/Debug-iphonesimulator/MetaCalendar.app/__preview.dylib normal (in target 'MetaCalendar' from project 'MetaCalendar')
    cd /Users/runner/work/appsku/appsku/MetaCalendar
    /Applications/Xcode_16.4.app/Contents/Developer/Toolchains/XcodeDefault.xctoolchain/usr/bin/clang -Xlinker -reproducible -target arm64-apple-ios17.0-simulator -dynamiclib -isysroot /Applications/Xcode_16.4.app/Contents/Developer/Platforms/iPhoneSimulator.platform/Developer/SDKs/iPhoneSimulator18.5.sdk -O0 -L/Users/runner/Library/Developer/Xcode/DerivedData/MetaCalendar-gysjjzysjdujjxdacwnishooluxp/Build/Products/Debug-iphonesimulator -F/Users/runner/Library/Developer/Xcode/DerivedData/MetaCalendar-gysjjzysjdujjxdacwnishooluxp/Build/Products/Debug-iphonesimulator -install_name @rpath/MetaCalendar.debug.dylib -dead_strip -rdynamic -Xlinker -no_deduplicate -Xlinker -objc_abi_version -Xlinker 2 -Xlinker -dependency_info -Xlinker /Users/runner/Library/Developer/Xcode/DerivedData/MetaCalendar-gysjjzysjdujjxdacwnishooluxp/Build/Intermediates.noindex/MetaCalendar.build/Debug-iphonesimulator/MetaCalendar.build/Objects-normal/arm64/MetaCalendar_dependency_info.dat -o /Users/runner/Library/Developer/Xcode/DerivedData/MetaCalendar-gysjjzysjdujjxdacwnishooluxp/Build/Products/Debug-iphonesimulator/MetaCalendar.app/__preview.dylib

MkDir /Users/runner/Library/Developer/Xcode/DerivedData/MetaCalendar-gysjjzysjdujjxdacwnishooluxp/Build/Intermediates.noindex/MetaCalendar.build/Debug-iphonesimulator/MetaCalendar.build/assetcatalog_output/thinned (in target 'MetaCalendar' from project 'MetaCalendar')
    cd /Users/runner/work/appsku/appsku/MetaCalendar
    /bin/mkdir -p /Users/runner/Library/Developer/Xcode/DerivedData/MetaCalendar-gysjjzysjdujjxdacwnishooluxp/Build/Intermediates.noindex/MetaCalendar.build/Debug-iphonesimulator/MetaCalendar.build/assetcatalog_output/thinned

GenerateAssetSymbols /Users/runner/work/appsku/appsku/MetaCalendar/App/Assets.xcassets (in target 'MetaCalendar' from project 'MetaCalendar')
    cd /Users/runner/work/appsku/appsku/MetaCalendar
    /Applications/Xcode_16.4.app/Contents/Developer/usr/bin/actool /Users/runner/work/appsku/appsku/MetaCalendar/App/Assets.xcassets --compile /Users/runner/Library/Developer/Xcode/DerivedData/MetaCalendar-gysjjzysjdujjxdacwnishooluxp/Build/Products/Debug-iphonesimulator/MetaCalendar.app --output-format human-readable-text --notices --warnings --export-dependency-info /Users/runner/Library/Developer/Xcode/DerivedData/MetaCalendar-gysjjzysjdujjxdacwnishooluxp/Build/Intermediates.noindex/MetaCalendar.build/Debug-iphonesimulator/MetaCalendar.build/assetcatalog_dependencies --output-partial-info-plist /Users/runner/Library/Developer/Xcode/DerivedData/MetaCalendar-gysjjzysjdujjxdacwnishooluxp/Build/Intermediates.noindex/MetaCalendar.build/Debug-iphonesimulator/MetaCalendar.build/assetcatalog_generated_info.plist --app-icon AppIcon --compress-pngs --enable-on-demand-resources YES --development-region en --target-device iphone --target-device ipad --minimum-deployment-target 17.0 --platform iphonesimulator --bundle-identifier com.metacalendar.app --generate-swift-asset-symbol-extensions NO --generate-swift-asset-symbols /Users/runner/Library/Developer/Xcode/DerivedData/MetaCalendar-gysjjzysjdujjxdacwnishooluxp/Build/Intermediates.noindex/MetaCalendar.build/Debug-iphonesimulator/MetaCalendar.build/DerivedSources/GeneratedAssetSymbols.swift --generate-objc-asset-symbols /Users/runner/Library/Developer/Xcode/DerivedData/MetaCalendar-gysjjzysjdujjxdacwnishooluxp/Build/Intermediates.noindex/MetaCalendar.build/Debug-iphonesimulator/MetaCalendar.build/DerivedSources/GeneratedAssetSymbols.h --generate-asset-symbol-index /Users/runner/Library/Developer/Xcode/DerivedData/MetaCalendar-gysjjzysjdujjxdacwnishooluxp/Build/Intermediates.noindex/MetaCalendar.build/Debug-iphonesimulator/MetaCalendar.build/DerivedSources/GeneratedAssetSymbols-Index.plist
/* com.apple.actool.compilation-results */
/Users/runner/Library/Developer/Xcode/DerivedData/MetaCalendar-gysjjzysjdujjxdacwnishooluxp/Build/Intermediates.noindex/MetaCalendar.build/Debug-iphonesimulator/MetaCalendar.build/DerivedSources/GeneratedAssetSymbols-Index.plist
/Users/runner/Library/Developer/Xcode/DerivedData/MetaCalendar-gysjjzysjdujjxdacwnishooluxp/Build/Intermediates.noindex/MetaCalendar.build/Debug-iphonesimulator/MetaCalendar.build/DerivedSources/GeneratedAssetSymbols.h
/Users/runner/Library/Developer/Xcode/DerivedData/MetaCalendar-gysjjzysjdujjxdacwnishooluxp/Build/Intermediates.noindex/MetaCalendar.build/Debug-iphonesimulator/MetaCalendar.build/DerivedSources/GeneratedAssetSymbols.swift


Copy /Users/runner/Library/Developer/Xcode/DerivedData/MetaCalendar-gysjjzysjdujjxdacwnishooluxp/Build/Products/Debug-iphonesimulator/MetaCalendar.app/Frameworks/libXCTestSwiftSupport.dylib /Applications/Xcode_16.4.app/Contents/Developer/Platforms/iPhoneSimulator.platform/Developer/usr/lib/libXCTestSwiftSupport.dylib (in target 'MetaCalendar' from project 'MetaCalendar')
    cd /Users/runner/work/appsku/appsku/MetaCalendar
    builtin-copy -exclude .DS_Store -exclude CVS -exclude .svn -exclude .git -exclude .hg -exclude Headers -exclude PrivateHeaders -exclude Modules -exclude \*.tbd -resolve-src-symlinks /Applications/Xcode_16.4.app/Contents/Developer/Platforms/iPhoneSimulator.platform/Developer/usr/lib/libXCTestSwiftSupport.dylib /Users/runner/Library/Developer/Xcode/DerivedData/MetaCalendar-gysjjzysjdujjxdacwnishooluxp/Build/Products/Debug-iphonesimulator/MetaCalendar.app/Frameworks

Copy /Users/runner/Library/Developer/Xcode/DerivedData/MetaCalendar-gysjjzysjdujjxdacwnishooluxp/Build/Products/Debug-iphonesimulator/MetaCalendar.app/Frameworks/libXCTestBundleInject.dylib /Applications/Xcode_16.4.app/Contents/Developer/Platforms/iPhoneSimulator.platform/Developer/usr/lib/libXCTestBundleInject.dylib (in target 'MetaCalendar' from project 'MetaCalendar')
    cd /Users/runner/work/appsku/appsku/MetaCalendar
    builtin-copy -exclude .DS_Store -exclude CVS -exclude .svn -exclude .git -exclude .hg -exclude Headers -exclude PrivateHeaders -exclude Modules -exclude \*.tbd -resolve-src-symlinks /Applications/Xcode_16.4.app/Contents/Developer/Platforms/iPhoneSimulator.platform/Developer/usr/lib/libXCTestBundleInject.dylib /Users/runner/Library/Developer/Xcode/DerivedData/MetaCalendar-gysjjzysjdujjxdacwnishooluxp/Build/Products/Debug-iphonesimulator/MetaCalendar.app/Frameworks

Copy /Users/runner/Library/Developer/Xcode/DerivedData/MetaCalendar-gysjjzysjdujjxdacwnishooluxp/Build/Products/Debug-iphonesimulator/MetaCalendar.app/Frameworks/XCUnit.framework /Applications/Xcode_16.4.app/Contents/Developer/Platforms/iPhoneSimulator.platform/Developer/Library/PrivateFrameworks/XCUnit.framework (in target 'MetaCalendar' from project 'MetaCalendar')
    cd /Users/runner/work/appsku/appsku/MetaCalendar
    builtin-copy -exclude .DS_Store -exclude CVS -exclude .svn -exclude .git -exclude .hg -exclude Headers -exclude PrivateHeaders -exclude Modules -exclude \*.tbd -resolve-src-symlinks /Applications/Xcode_16.4.app/Contents/Developer/Platforms/iPhoneSimulator.platform/Developer/Library/PrivateFrameworks/XCUnit.framework /Users/runner/Library/Developer/Xcode/DerivedData/MetaCalendar-gysjjzysjdujjxdacwnishooluxp/Build/Products/Debug-iphonesimulator/MetaCalendar.app/Frameworks

Copy /Users/runner/Library/Developer/Xcode/DerivedData/MetaCalendar-gysjjzysjdujjxdacwnishooluxp/Build/Products/Debug-iphonesimulator/MetaCalendar.app/Frameworks/XCUIAutomation.framework /Applications/Xcode_16.4.app/Contents/Developer/Platforms/iPhoneSimulator.platform/Developer/Library/Frameworks/XCUIAutomation.framework (in target 'MetaCalendar' from project 'MetaCalendar')
    cd /Users/runner/work/appsku/appsku/MetaCalendar
    builtin-copy -exclude .DS_Store -exclude CVS -exclude .svn -exclude .git -exclude .hg -exclude Headers -exclude PrivateHeaders -exclude Modules -exclude \*.tbd -resolve-src-symlinks /Applications/Xcode_16.4.app/Contents/Developer/Platforms/iPhoneSimulator.platform/Developer/Library/Frameworks/XCUIAutomation.framework /Users/runner/Library/Developer/Xcode/DerivedData/MetaCalendar-gysjjzysjdujjxdacwnishooluxp/Build/Products/Debug-iphonesimulator/MetaCalendar.app/Frameworks

Copy /Users/runner/Library/Developer/Xcode/DerivedData/MetaCalendar-gysjjzysjdujjxdacwnishooluxp/Build/Products/Debug-iphonesimulator/MetaCalendar.app/Frameworks/XCTestSupport.framework /Applications/Xcode_16.4.app/Contents/Developer/Platforms/iPhoneSimulator.platform/Developer/Library/PrivateFrameworks/XCTestSupport.framework (in target 'MetaCalendar' from project 'MetaCalendar')
    cd /Users/runner/work/appsku/appsku/MetaCalendar
    builtin-copy -exclude .DS_Store -exclude CVS -exclude .svn -exclude .git -exclude .hg -exclude Headers -exclude PrivateHeaders -exclude Modules -exclude \*.tbd -resolve-src-symlinks /Applications/Xcode_16.4.app/Contents/Developer/Platforms/iPhoneSimulator.platform/Developer/Library/PrivateFrameworks/XCTestSupport.framework /Users/runner/Library/Developer/Xcode/DerivedData/MetaCalendar-gysjjzysjdujjxdacwnishooluxp/Build/Products/Debug-iphonesimulator/MetaCalendar.app/Frameworks

Copy /Users/runner/Library/Developer/Xcode/DerivedData/MetaCalendar-gysjjzysjdujjxdacwnishooluxp/Build/Products/Debug-iphonesimulator/MetaCalendar.app/Frameworks/XCTestCore.framework /Applications/Xcode_16.4.app/Contents/Developer/Platforms/iPhoneSimulator.platform/Developer/Library/PrivateFrameworks/XCTestCore.framework (in target 'MetaCalendar' from project 'MetaCalendar')
    cd /Users/runner/work/appsku/appsku/MetaCalendar
    builtin-copy -exclude .DS_Store -exclude CVS -exclude .svn -exclude .git -exclude .hg -exclude Headers -exclude PrivateHeaders -exclude Modules -exclude \*.tbd -resolve-src-symlinks /Applications/Xcode_16.4.app/Contents/Developer/Platforms/iPhoneSimulator.platform/Developer/Library/PrivateFrameworks/XCTestCore.framework /Users/runner/Library/Developer/Xcode/DerivedData/MetaCalendar-gysjjzysjdujjxdacwnishooluxp/Build/Products/Debug-iphonesimulator/MetaCalendar.app/Frameworks

Copy /Users/runner/Library/Developer/Xcode/DerivedData/MetaCalendar-gysjjzysjdujjxdacwnishooluxp/Build/Products/Debug-iphonesimulator/MetaCalendar.app/Frameworks/XCTest.framework /Applications/Xcode_16.4.app/Contents/Developer/Platforms/iPhoneSimulator.platform/Developer/Library/Frameworks/XCTest.framework (in target 'MetaCalendar' from project 'MetaCalendar')
    cd /Users/runner/work/appsku/appsku/MetaCalendar
    builtin-copy -exclude .DS_Store -exclude CVS -exclude .svn -exclude .git -exclude .hg -exclude Headers -exclude PrivateHeaders -exclude Modules -exclude \*.tbd -resolve-src-symlinks /Applications/Xcode_16.4.app/Contents/Developer/Platforms/iPhoneSimulator.platform/Developer/Library/Frameworks/XCTest.framework /Users/runner/Library/Developer/Xcode/DerivedData/MetaCalendar-gysjjzysjdujjxdacwnishooluxp/Build/Products/Debug-iphonesimulator/MetaCalendar.app/Frameworks

Copy /Users/runner/Library/Developer/Xcode/DerivedData/MetaCalendar-gysjjzysjdujjxdacwnishooluxp/Build/Products/Debug-iphonesimulator/MetaCalendar.app/Frameworks/XCTAutomationSupport.framework /Applications/Xcode_16.4.app/Contents/Developer/Platforms/iPhoneSimulator.platform/Developer/Library/PrivateFrameworks/XCTAutomationSupport.framework (in target 'MetaCalendar' from project 'MetaCalendar')
    cd /Users/runner/work/appsku/appsku/MetaCalendar
    builtin-copy -exclude .DS_Store -exclude CVS -exclude .svn -exclude .git -exclude .hg -exclude Headers -exclude PrivateHeaders -exclude Modules -exclude \*.tbd -resolve-src-symlinks /Applications/Xcode_16.4.app/Contents/Developer/Platforms/iPhoneSimulator.platform/Developer/Library/PrivateFrameworks/XCTAutomationSupport.framework /Users/runner/Library/Developer/Xcode/DerivedData/MetaCalendar-gysjjzysjdujjxdacwnishooluxp/Build/Products/Debug-iphonesimulator/MetaCalendar.app/Frameworks

Copy /Users/runner/Library/Developer/Xcode/DerivedData/MetaCalendar-gysjjzysjdujjxdacwnishooluxp/Build/Products/Debug-iphonesimulator/MetaCalendar.app/Frameworks/Testing.framework /Applications/Xcode_16.4.app/Contents/Developer/Platforms/iPhoneSimulator.platform/Developer/Library/Frameworks/Testing.framework (in target 'MetaCalendar' from project 'MetaCalendar')
    cd /Users/runner/work/appsku/appsku/MetaCalendar
    builtin-copy -exclude .DS_Store -exclude CVS -exclude .svn -exclude .git -exclude .hg -exclude Headers -exclude PrivateHeaders -exclude Modules -exclude \*.tbd -resolve-src-symlinks /Applications/Xcode_16.4.app/Contents/Developer/Platforms/iPhoneSimulator.platform/Developer/Library/Frameworks/Testing.framework /Users/runner/Library/Developer/Xcode/DerivedData/MetaCalendar-gysjjzysjdujjxdacwnishooluxp/Build/Products/Debug-iphonesimulator/MetaCalendar.app/Frameworks

CompileAssetCatalogVariant thinned /Users/runner/Library/Developer/Xcode/DerivedData/MetaCalendar-gysjjzysjdujjxdacwnishooluxp/Build/Products/Debug-iphonesimulator/MetaCalendar.app /Users/runner/work/appsku/appsku/MetaCalendar/App/Assets.xcassets (in target 'MetaCalendar' from project 'MetaCalendar')
    cd /Users/runner/work/appsku/appsku/MetaCalendar
    /Applications/Xcode_16.4.app/Contents/Developer/usr/bin/actool /Users/runner/work/appsku/appsku/MetaCalendar/App/Assets.xcassets --compile /Users/runner/Library/Developer/Xcode/DerivedData/MetaCalendar-gysjjzysjdujjxdacwnishooluxp/Build/Intermediates.noindex/MetaCalendar.build/Debug-iphonesimulator/MetaCalendar.build/assetcatalog_output/thinned --output-format human-readable-text --notices --warnings --export-dependency-info /Users/runner/Library/Developer/Xcode/DerivedData/MetaCalendar-gysjjzysjdujjxdacwnishooluxp/Build/Intermediates.noindex/MetaCalendar.build/Debug-iphonesimulator/MetaCalendar.build/assetcatalog_dependencies_thinned --output-partial-info-plist /Users/runner/Library/Developer/Xcode/DerivedData/MetaCalendar-gysjjzysjdujjxdacwnishooluxp/Build/Intermediates.noindex/MetaCalendar.build/Debug-iphonesimulator/MetaCalendar.build/assetcatalog_generated_info.plist_thinned --app-icon AppIcon --compress-pngs --enable-on-demand-resources YES --filter-for-thinning-device-configuration iPhone17,1 --filter-for-device-os-version 26.2 --development-region en --target-device iphone --target-device ipad --minimum-deployment-target 17.0 --platform iphonesimulator
/* com.apple.actool.compilation-results */
/Users/runner/Library/Developer/Xcode/DerivedData/MetaCalendar-gysjjzysjdujjxdacwnishooluxp/Build/Intermediates.noindex/MetaCalendar.build/Debug-iphonesimulator/MetaCalendar.build/assetcatalog_generated_info.plist_thinned
/Users/runner/Library/Developer/Xcode/DerivedData/MetaCalendar-gysjjzysjdujjxdacwnishooluxp/Build/Intermediates.noindex/MetaCalendar.build/Debug-iphonesimulator/MetaCalendar.build/assetcatalog_output/thinned/AppIcon60x60@2x.png
/Users/runner/Library/Developer/Xcode/DerivedData/MetaCalendar-gysjjzysjdujjxdacwnishooluxp/Build/Intermediates.noindex/MetaCalendar.build/Debug-iphonesimulator/MetaCalendar.build/assetcatalog_output/thinned/AppIcon76x76@2x~ipad.png
/Users/runner/Library/Developer/Xcode/DerivedData/MetaCalendar-gysjjzysjdujjxdacwnishooluxp/Build/Intermediates.noindex/MetaCalendar.build/Debug-iphonesimulator/MetaCalendar.build/assetcatalog_output/thinned/Assets.car


SwiftDriver MetaCalendar normal arm64 com.apple.xcode.tools.swift.compiler (in target 'MetaCalendar' from project 'MetaCalendar')
    cd /Users/runner/work/appsku/appsku/MetaCalendar
    builtin-SwiftDriver -- /Applications/Xcode_16.4.app/Contents/Developer/Toolchains/XcodeDefault.xctoolchain/usr/bin/swiftc -module-name MetaCalendar -Onone -enforce-exclusivity\=checked @/Users/runner/Library/Developer/Xcode/DerivedData/MetaCalendar-gysjjzysjdujjxdacwnishooluxp/Build/Intermediates.noindex/MetaCalendar.build/Debug-iphonesimulator/MetaCalendar.build/Objects-normal/arm64/MetaCalendar.SwiftFileList -DDEBUG -enable-bare-slash-regex -enable-experimental-feature DebugDescriptionMacro -sdk /Applications/Xcode_16.4.app/Contents/Developer/Platforms/iPhoneSimulator.platform/Developer/SDKs/iPhoneSimulator18.5.sdk -target arm64-apple-ios17.0-simulator -g -module-cache-path /Users/runner/Library/Developer/Xcode/DerivedData/ModuleCache.noindex -Xfrontend -serialize-debugging-options -enable-testing -index-store-path /Users/runner/Library/Developer/Xcode/DerivedData/MetaCalendar-gysjjzysjdujjxdacwnishooluxp/Index.noindex/DataStore -swift-version 5 -I /Users/runner/Library/Developer/Xcode/DerivedData/MetaCalendar-gysjjzysjdujjxdacwnishooluxp/Build/Products/Debug-iphonesimulator -F /Users/runner/Library/Developer/Xcode/DerivedData/MetaCalendar-gysjjzysjdujjxdacwnishooluxp/Build/Products/Debug-iphonesimulator -c -j3 -enable-batch-mode -incremental -Xcc -ivfsstatcache -Xcc /Users/runner/Library/Developer/Xcode/DerivedData/SDKStatCaches.noindex/iphonesimulator18.5-22F76-96ae0914227b19deccb34b33ba7b5dea.sdkstatcache -output-file-map /Users/runner/Library/Developer/Xcode/DerivedData/MetaCalendar-gysjjzysjdujjxdacwnishooluxp/Build/Intermediates.noindex/MetaCalendar.build/Debug-iphonesimulator/MetaCalendar.build/Objects-normal/arm64/MetaCalendar-OutputFileMap.json -use-frontend-parseable-output -save-temps -no-color-diagnostics -serialize-diagnostics -emit-dependencies -emit-module -emit-module-path /Users/runner/Library/Developer/Xcode/DerivedData/MetaCalendar-gysjjzysjdujjxdacwnishooluxp/Build/Intermediates.noindex/MetaCalendar.build/Debug-iphonesimulator/MetaCalendar.build/Objects-normal/arm64/MetaCalendar.swiftmodule -validate-clang-modules-once -clang-build-session-file /Users/runner/Library/Developer/Xcode/DerivedData/ModuleCache.noindex/Session.modulevalidation -Xcc -I/Users/runner/Library/Developer/Xcode/DerivedData/MetaCalendar-gysjjzysjdujjxdacwnishooluxp/Build/Intermediates.noindex/MetaCalendar.build/Debug-iphonesimulator/MetaCalendar.build/swift-overrides.hmap -emit-const-values -Xfrontend -const-gather-protocols-file -Xfrontend /Users/runner/Library/Developer/Xcode/DerivedData/MetaCalendar-gysjjzysjdujjxdacwnishooluxp/Build/Intermediates.noindex/MetaCalendar.build/Debug-iphonesimulator/MetaCalendar.build/Objects-normal/arm64/MetaCalendar_const_extract_protocols.json -Xcc -iquote -Xcc /Users/runner/Library/Developer/Xcode/DerivedData/MetaCalendar-gysjjzysjdujjxdacwnishooluxp/Build/Intermediates.noindex/MetaCalendar.build/Debug-iphonesimulator/MetaCalendar.build/MetaCalendar-generated-files.hmap -Xcc -I/Users/runner/Library/Developer/Xcode/DerivedData/MetaCalendar-gysjjzysjdujjxdacwnishooluxp/Build/Intermediates.noindex/MetaCalendar.build/Debug-iphonesimulator/MetaCalendar.build/MetaCalendar-own-target-headers.hmap -Xcc -I/Users/runner/Library/Developer/Xcode/DerivedData/MetaCalendar-gysjjzysjdujjxdacwnishooluxp/Build/Intermediates.noindex/MetaCalendar.build/Debug-iphonesimulator/MetaCalendar.build/MetaCalendar-all-target-headers.hmap -Xcc -iquote -Xcc /Users/runner/Library/Developer/Xcode/DerivedData/MetaCalendar-gysjjzysjdujjxdacwnishooluxp/Build/Intermediates.noindex/MetaCalendar.build/Debug-iphonesimulator/MetaCalendar.build/MetaCalendar-project-headers.hmap -Xcc -I/Users/runner/Library/Developer/Xcode/DerivedData/MetaCalendar-gysjjzysjdujjxdacwnishooluxp/Build/Products/Debug-iphonesimulator/include -Xcc -I/Users/runner/Library/Developer/Xcode/DerivedData/MetaCalendar-gysjjzysjdujjxdacwnishooluxp/Build/Intermediates.noindex/MetaCalendar.build/Debug-iphonesimulator/MetaCalendar.build/DerivedSources-normal/arm64 -Xcc -I/Users/runner/Library/Developer/Xcode/DerivedData/MetaCalendar-gysjjzysjdujjxdacwnishooluxp/Build/Intermediates.noindex/MetaCalendar.build/Debug-iphonesimulator/MetaCalendar.build/DerivedSources/arm64 -Xcc -I/Users/runner/Library/Developer/Xcode/DerivedData/MetaCalendar-gysjjzysjdujjxdacwnishooluxp/Build/Intermediates.noindex/MetaCalendar.build/Debug-iphonesimulator/MetaCalendar.build/DerivedSources -Xcc -DDEBUG\=1 -emit-objc-header -emit-objc-header-path /Users/runner/Library/Developer/Xcode/DerivedData/MetaCalendar-gysjjzysjdujjxdacwnishooluxp/Build/Intermediates.noindex/MetaCalendar.build/Debug-iphonesimulator/MetaCalendar.build/Objects-normal/arm64/MetaCalendar-Swift.h -working-directory /Users/runner/work/appsku/appsku/MetaCalendar -experimental-emit-module-separately -disable-cmo

SwiftEmitModule normal arm64 Emitting\ module\ for\ MetaCalendar (in target 'MetaCalendar' from project 'MetaCalendar')
EmitSwiftModule normal arm64 (in target 'MetaCalendar' from project 'MetaCalendar')
    cd /Users/runner/work/appsku/appsku/MetaCalendar
    

SwiftCompile normal arm64 Compiling\ ChineseAdapter.swift,\ CosmicSignatureView.swift,\ CycleLabView.swift,\ DomainProtocols.swift,\ ExploreView.swift,\ GregorianAdapter.swift,\ HijriAdapter.swift,\ JavaneseAdapter.swift,\ MetaCalendarApp.swift /Users/runner/work/appsku/appsku/MetaCalendar/App/Core/ChineseAdapter.swift /Users/runner/work/appsku/appsku/MetaCalendar/App/Views/CosmicSignatureView.swift /Users/runner/work/appsku/appsku/MetaCalendar/App/Views/CycleLabView.swift /Users/runner/work/appsku/appsku/MetaCalendar/App/Core/DomainProtocols.swift /Users/runner/work/appsku/appsku/MetaCalendar/App/Views/ExploreView.swift /Users/runner/work/appsku/appsku/MetaCalendar/App/Core/GregorianAdapter.swift /Users/runner/work/appsku/appsku/MetaCalendar/App/Core/HijriAdapter.swift /Users/runner/work/appsku/appsku/MetaCalendar/App/Core/JavaneseAdapter.swift /Users/runner/work/appsku/appsku/MetaCalendar/App/MetaCalendarApp.swift (in target 'MetaCalendar' from project 'MetaCalendar')
SwiftCompile normal arm64 /Users/runner/work/appsku/appsku/MetaCalendar/App/Core/ChineseAdapter.swift (in target 'MetaCalendar' from project 'MetaCalendar')
    cd /Users/runner/work/appsku/appsku/MetaCalendar
    

SwiftCompile normal arm64 /Users/runner/work/appsku/appsku/MetaCalendar/App/Views/CosmicSignatureView.swift (in target 'MetaCalendar' from project 'MetaCalendar')
    cd /Users/runner/work/appsku/appsku/MetaCalendar
    
/Users/runner/work/appsku/appsku/MetaCalendar/App/Views/CosmicSignatureView.swift:90:21: warning: initialization of immutable value 'fmt' was never used; consider replacing with assignment to '_' or removing it
                let fmt = DateFormatter()
                ~~~~^~~
                _

SwiftCompile normal arm64 /Users/runner/work/appsku/appsku/MetaCalendar/App/Views/CycleLabView.swift (in target 'MetaCalendar' from project 'MetaCalendar')
    cd /Users/runner/work/appsku/appsku/MetaCalendar
    

SwiftCompile normal arm64 /Users/runner/work/appsku/appsku/MetaCalendar/App/Core/DomainProtocols.swift (in target 'MetaCalendar' from project 'MetaCalendar')
    cd /Users/runner/work/appsku/appsku/MetaCalendar
    

SwiftCompile normal arm64 /Users/runner/work/appsku/appsku/MetaCalendar/App/Views/ExploreView.swift (in target 'MetaCalendar' from project 'MetaCalendar')
    cd /Users/runner/work/appsku/appsku/MetaCalendar
    

SwiftCompile normal arm64 /Users/runner/work/appsku/appsku/MetaCalendar/App/Core/GregorianAdapter.swift (in target 'MetaCalendar' from project 'MetaCalendar')
    cd /Users/runner/work/appsku/appsku/MetaCalendar
    

SwiftCompile normal arm64 /Users/runner/work/appsku/appsku/MetaCalendar/App/Core/HijriAdapter.swift (in target 'MetaCalendar' from project 'MetaCalendar')
    cd /Users/runner/work/appsku/appsku/MetaCalendar
    

SwiftCompile normal arm64 /Users/runner/work/appsku/appsku/MetaCalendar/App/Core/JavaneseAdapter.swift (in target 'MetaCalendar' from project 'MetaCalendar')
    cd /Users/runner/work/appsku/appsku/MetaCalendar
    
/Users/runner/work/appsku/appsku/MetaCalendar/App/Core/JavaneseAdapter.swift:66:13: warning: initialization of immutable value 'sapta' was never used; consider replacing with assignment to '_' or removing it
        let sapta = Int64(saptawaraIndex(fixedDay: fixedDay))
        ~~~~^~~~~
        _
/Users/runner/work/appsku/appsku/MetaCalendar/App/Core/JavaneseAdapter.swift:67:13: warning: initialization of immutable value 'pasaran' was never used; consider replacing with assignment to '_' or removing it
        let pasaran = Int64(pasaranIndex(fixedDay: fixedDay))
        ~~~~^~~~~~~
        _
/Users/runner/work/appsku/appsku/MetaCalendar/App/Core/JavaneseAdapter.swift:175:20: warning: immutable value 'dayInWuku' was never used; consider replacing with '_' or removing it
        let (wuku, dayInWuku) = wukuIndex(fixedDay: fixedDay)
                   ^~~~~~~~~
                   _

SwiftCompile normal arm64 /Users/runner/work/appsku/appsku/MetaCalendar/App/MetaCalendarApp.swift (in target 'MetaCalendar' from project 'MetaCalendar')
    cd /Users/runner/work/appsku/appsku/MetaCalendar
    

SwiftCompile normal arm64 Compiling\ MetaSolarEngine.swift,\ SettingsView.swift,\ Theme.swift,\ TimeRingsView.swift,\ TimelineView.swift,\ TodayView.swift,\ WorldEvents.swift,\ GeneratedAssetSymbols.swift /Users/runner/work/appsku/appsku/MetaCalendar/App/Core/MetaSolarEngine.swift /Users/runner/work/appsku/appsku/MetaCalendar/App/Views/SettingsView.swift /Users/runner/work/appsku/appsku/MetaCalendar/App/Views/Theme.swift /Users/runner/work/appsku/appsku/MetaCalendar/App/Views/TimeRingsView.swift /Users/runner/work/appsku/appsku/MetaCalendar/App/Views/TimelineView.swift /Users/runner/work/appsku/appsku/MetaCalendar/App/Views/TodayView.swift /Users/runner/work/appsku/appsku/MetaCalendar/App/Core/WorldEvents.swift /Users/runner/Library/Developer/Xcode/DerivedData/MetaCalendar-gysjjzysjdujjxdacwnishooluxp/Build/Intermediates.noindex/MetaCalendar.build/Debug-iphonesimulator/MetaCalendar.build/DerivedSources/GeneratedAssetSymbols.swift (in target 'MetaCalendar' from project 'MetaCalendar')
SwiftCompile normal arm64 /Users/runner/work/appsku/appsku/MetaCalendar/App/Core/MetaSolarEngine.swift (in target 'MetaCalendar' from project 'MetaCalendar')
    cd /Users/runner/work/appsku/appsku/MetaCalendar
    

SwiftCompile normal arm64 /Users/runner/work/appsku/appsku/MetaCalendar/App/Views/SettingsView.swift (in target 'MetaCalendar' from project 'MetaCalendar')
    cd /Users/runner/work/appsku/appsku/MetaCalendar
    

SwiftCompile normal arm64 /Users/runner/work/appsku/appsku/MetaCalendar/App/Views/Theme.swift (in target 'MetaCalendar' from project 'MetaCalendar')
    cd /Users/runner/work/appsku/appsku/MetaCalendar
    

SwiftCompile normal arm64 /Users/runner/work/appsku/appsku/MetaCalendar/App/Views/TimeRingsView.swift (in target 'MetaCalendar' from project 'MetaCalendar')
    cd /Users/runner/work/appsku/appsku/MetaCalendar
    

SwiftCompile normal arm64 /Users/runner/work/appsku/appsku/MetaCalendar/App/Views/TimelineView.swift (in target 'MetaCalendar' from project 'MetaCalendar')
    cd /Users/runner/work/appsku/appsku/MetaCalendar
    

SwiftCompile normal arm64 /Users/runner/work/appsku/appsku/MetaCalendar/App/Views/TodayView.swift (in target 'MetaCalendar' from project 'MetaCalendar')
    cd /Users/runner/work/appsku/appsku/MetaCalendar
    

SwiftCompile normal arm64 /Users/runner/work/appsku/appsku/MetaCalendar/App/Core/WorldEvents.swift (in target 'MetaCalendar' from project 'MetaCalendar')
    cd /Users/runner/work/appsku/appsku/MetaCalendar
    

SwiftCompile normal arm64 /Users/runner/Library/Developer/Xcode/DerivedData/MetaCalendar-gysjjzysjdujjxdacwnishooluxp/Build/Intermediates.noindex/MetaCalendar.build/Debug-iphonesimulator/MetaCalendar.build/DerivedSources/GeneratedAssetSymbols.swift (in target 'MetaCalendar' from project 'MetaCalendar')
    cd /Users/runner/work/appsku/appsku/MetaCalendar
    

SwiftCompile normal arm64 Compiling\ AlignmentFinder.swift,\ AlignmentView.swift,\ AstroEvents.swift,\ AstronomyEngine.swift,\ AstronomyProvenance.swift,\ CalendarEngine.swift,\ CalendarEvents.swift,\ CalendarGridView.swift,\ CalendarTypes.swift /Users/runner/work/appsku/appsku/MetaCalendar/App/Core/AlignmentFinder.swift /Users/runner/work/appsku/appsku/MetaCalendar/App/Views/AlignmentView.swift /Users/runner/work/appsku/appsku/MetaCalendar/App/Core/AstroEvents.swift /Users/runner/work/appsku/appsku/MetaCalendar/App/Core/AstronomyEngine.swift /Users/runner/work/appsku/appsku/MetaCalendar/App/Core/AstronomyProvenance.swift /Users/runner/work/appsku/appsku/MetaCalendar/App/Core/CalendarEngine.swift /Users/runner/work/appsku/appsku/MetaCalendar/App/Core/CalendarEvents.swift /Users/runner/work/appsku/appsku/MetaCalendar/App/Views/CalendarGridView.swift /Users/runner/work/appsku/appsku/MetaCalendar/App/Core/CalendarTypes.swift (in target 'MetaCalendar' from project 'MetaCalendar')

SwiftCompile normal arm64 /Users/runner/work/appsku/appsku/MetaCalendar/App/Core/AlignmentFinder.swift (in target 'MetaCalendar' from project 'MetaCalendar')
    cd /Users/runner/work/appsku/appsku/MetaCalendar
    

SwiftCompile normal arm64 /Users/runner/work/appsku/appsku/MetaCalendar/App/Views/AlignmentView.swift (in target 'MetaCalendar' from project 'MetaCalendar')
    cd /Users/runner/work/appsku/appsku/MetaCalendar
    
/Users/runner/work/appsku/appsku/MetaCalendar/App/Views/AlignmentView.swift:183:36: warning: main actor-isolated property 'displayTimeZone' can not be referenced from a Sendable closure; this is an error in the Swift 6 language mode
                timeZone: appState.displayTimeZone,
                                   ^
/Users/runner/work/appsku/appsku/MetaCalendar/App/Views/Theme.swift:117:9: note: property declared here
    var displayTimeZone: TimeZone {
        ^
/Users/runner/work/appsku/appsku/MetaCalendar/App/Views/AlignmentView.swift:184:35: warning: main actor-isolated property 'ruleset' can not be referenced from a Sendable closure; this is an error in the Swift 6 language mode
                ruleset: appState.ruleset
                                  ^
/Users/runner/work/appsku/appsku/MetaCalendar/App/Views/Theme.swift:106:9: note: property declared here
    var ruleset: RulesetSelection = .default
        ^

SwiftCompile normal arm64 /Users/runner/work/appsku/appsku/MetaCalendar/App/Core/AstroEvents.swift (in target 'MetaCalendar' from project 'MetaCalendar')
    cd /Users/runner/work/appsku/appsku/MetaCalendar
    

SwiftCompile normal arm64 /Users/runner/work/appsku/appsku/MetaCalendar/App/Core/AstronomyEngine.swift (in target 'MetaCalendar' from project 'MetaCalendar')
    cd /Users/runner/work/appsku/appsku/MetaCalendar
    

SwiftCompile normal arm64 /Users/runner/work/appsku/appsku/MetaCalendar/App/Core/AstronomyProvenance.swift (in target 'MetaCalendar' from project 'MetaCalendar')
    cd /Users/runner/work/appsku/appsku/MetaCalendar
    

SwiftCompile normal arm64 /Users/runner/work/appsku/appsku/MetaCalendar/App/Core/CalendarEngine.swift (in target 'MetaCalendar' from project 'MetaCalendar')
    cd /Users/runner/work/appsku/appsku/MetaCalendar
    
/Users/runner/work/appsku/appsku/MetaCalendar/App/Core/CalendarEngine.swift:47:13: warning: variable 'warnings' was never mutated; consider changing to 'let' constant
        var warnings: [String] = []
        ~~~ ^
        let
/Users/runner/work/appsku/appsku/MetaCalendar/App/Core/CalendarEngine.swift:218:13: warning: initialization of immutable value 'instant' was never used; consider replacing with assignment to '_' or removing it
        let instant = Instant()
        ~~~~^~~~~~~
        _

SwiftCompile normal arm64 /Users/runner/work/appsku/appsku/MetaCalendar/App/Core/CalendarEvents.swift (in target 'MetaCalendar' from project 'MetaCalendar')
    cd /Users/runner/work/appsku/appsku/MetaCalendar
    

SwiftCompile normal arm64 /Users/runner/work/appsku/appsku/MetaCalendar/App/Views/CalendarGridView.swift (in target 'MetaCalendar' from project 'MetaCalendar')
    cd /Users/runner/work/appsku/appsku/MetaCalendar
    

SwiftCompile normal arm64 /Users/runner/work/appsku/appsku/MetaCalendar/App/Core/CalendarTypes.swift (in target 'MetaCalendar' from project 'MetaCalendar')
    cd /Users/runner/work/appsku/appsku/MetaCalendar
    

SwiftDriverJobDiscovery normal arm64 Emitting module for MetaCalendar (in target 'MetaCalendar' from project 'MetaCalendar')

SwiftDriver\ Compilation\ Requirements MetaCalendar normal arm64 com.apple.xcode.tools.swift.compiler (in target 'MetaCalendar' from project 'MetaCalendar')
    cd /Users/runner/work/appsku/appsku/MetaCalendar
    builtin-Swift-Compilation-Requirements -- /Applications/Xcode_16.4.app/Contents/Developer/Toolchains/XcodeDefault.xctoolchain/usr/bin/swiftc -module-name MetaCalendar -Onone -enforce-exclusivity\=checked @/Users/runner/Library/Developer/Xcode/DerivedData/MetaCalendar-gysjjzysjdujjxdacwnishooluxp/Build/Intermediates.noindex/MetaCalendar.build/Debug-iphonesimulator/MetaCalendar.build/Objects-normal/arm64/MetaCalendar.SwiftFileList -DDEBUG -enable-bare-slash-regex -enable-experimental-feature DebugDescriptionMacro -sdk /Applications/Xcode_16.4.app/Contents/Developer/Platforms/iPhoneSimulator.platform/Developer/SDKs/iPhoneSimulator18.5.sdk -target arm64-apple-ios17.0-simulator -g -module-cache-path /Users/runner/Library/Developer/Xcode/DerivedData/ModuleCache.noindex -Xfrontend -serialize-debugging-options -enable-testing -index-store-path /Users/runner/Library/Developer/Xcode/DerivedData/MetaCalendar-gysjjzysjdujjxdacwnishooluxp/Index.noindex/DataStore -swift-version 5 -I /Users/runner/Library/Developer/Xcode/DerivedData/MetaCalendar-gysjjzysjdujjxdacwnishooluxp/Build/Products/Debug-iphonesimulator -F /Users/runner/Library/Developer/Xcode/DerivedData/MetaCalendar-gysjjzysjdujjxdacwnishooluxp/Build/Products/Debug-iphonesimulator -c -j3 -enable-batch-mode -incremental -Xcc -ivfsstatcache -Xcc /Users/runner/Library/Developer/Xcode/DerivedData/SDKStatCaches.noindex/iphonesimulator18.5-22F76-96ae0914227b19deccb34b33ba7b5dea.sdkstatcache -output-file-map /Users/runner/Library/Developer/Xcode/DerivedData/MetaCalendar-gysjjzysjdujjxdacwnishooluxp/Build/Intermediates.noindex/MetaCalendar.build/Debug-iphonesimulator/MetaCalendar.build/Objects-normal/arm64/MetaCalendar-OutputFileMap.json -use-frontend-parseable-output -save-temps -no-color-diagnostics -serialize-diagnostics -emit-dependencies -emit-module -emit-module-path /Users/runner/Library/Developer/Xcode/DerivedData/MetaCalendar-gysjjzysjdujjxdacwnishooluxp/Build/Intermediates.noindex/MetaCalendar.build/Debug-iphonesimulator/MetaCalendar.build/Objects-normal/arm64/MetaCalendar.swiftmodule -validate-clang-modules-once -clang-build-session-file /Users/runner/Library/Developer/Xcode/DerivedData/ModuleCache.noindex/Session.modulevalidation -Xcc -I/Users/runner/Library/Developer/Xcode/DerivedData/MetaCalendar-gysjjzysjdujjxdacwnishooluxp/Build/Intermediates.noindex/MetaCalendar.build/Debug-iphonesimulator/MetaCalendar.build/swift-overrides.hmap -emit-const-values -Xfrontend -const-gather-protocols-file -Xfrontend /Users/runner/Library/Developer/Xcode/DerivedData/MetaCalendar-gysjjzysjdujjxdacwnishooluxp/Build/Intermediates.noindex/MetaCalendar.build/Debug-iphonesimulator/MetaCalendar.build/Objects-normal/arm64/MetaCalendar_const_extract_protocols.json -Xcc -iquote -Xcc /Users/runner/Library/Developer/Xcode/DerivedData/MetaCalendar-gysjjzysjdujjxdacwnishooluxp/Build/Intermediates.noindex/MetaCalendar.build/Debug-iphonesimulator/MetaCalendar.build/MetaCalendar-generated-files.hmap -Xcc -I/Users/runner/Library/Developer/Xcode/DerivedData/MetaCalendar-gysjjzysjdujjxdacwnishooluxp/Build/Intermediates.noindex/MetaCalendar.build/Debug-iphonesimulator/MetaCalendar.build/MetaCalendar-own-target-headers.hmap -Xcc -I/Users/runner/Library/Developer/Xcode/DerivedData/MetaCalendar-gysjjzysjdujjxdacwnishooluxp/Build/Intermediates.noindex/MetaCalendar.build/Debug-iphonesimulator/MetaCalendar.build/MetaCalendar-all-target-headers.hmap -Xcc -iquote -Xcc /Users/runner/Library/Developer/Xcode/DerivedData/MetaCalendar-gysjjzysjdujjxdacwnishooluxp/Build/Intermediates.noindex/MetaCalendar.build/Debug-iphonesimulator/MetaCalendar.build/MetaCalendar-project-headers.hmap -Xcc -I/Users/runner/Library/Developer/Xcode/DerivedData/MetaCalendar-gysjjzysjdujjxdacwnishooluxp/Build/Products/Debug-iphonesimulator/include -Xcc -I/Users/runner/Library/Developer/Xcode/DerivedData/MetaCalendar-gysjjzysjdujjxdacwnishooluxp/Build/Intermediates.noindex/MetaCalendar.build/Debug-iphonesimulator/MetaCalendar.build/DerivedSources-normal/arm64 -Xcc -I/Users/runner/Library/Developer/Xcode/DerivedData/MetaCalendar-gysjjzysjdujjxdacwnishooluxp/Build/Intermediates.noindex/MetaCalendar.build/Debug-iphonesimulator/MetaCalendar.build/DerivedSources/arm64 -Xcc -I/Users/runner/Library/Developer/Xcode/DerivedData/MetaCalendar-gysjjzysjdujjxdacwnishooluxp/Build/Intermediates.noindex/MetaCalendar.build/Debug-iphonesimulator/MetaCalendar.build/DerivedSources -Xcc -DDEBUG\=1 -emit-objc-header -emit-objc-header-path /Users/runner/Library/Developer/Xcode/DerivedData/MetaCalendar-gysjjzysjdujjxdacwnishooluxp/Build/Intermediates.noindex/MetaCalendar.build/Debug-iphonesimulator/MetaCalendar.build/Objects-normal/arm64/MetaCalendar-Swift.h -working-directory /Users/runner/work/appsku/appsku/MetaCalendar -experimental-emit-module-separately -disable-cmo

SwiftDriverJobDiscovery normal arm64 Compiling AlignmentFinder.swift, AlignmentView.swift, AstroEvents.swift, AstronomyEngine.swift, AstronomyProvenance.swift, CalendarEngine.swift, CalendarEvents.swift, CalendarGridView.swift, CalendarTypes.swift (in target 'MetaCalendar' from project 'MetaCalendar')

LinkAssetCatalog /Users/runner/work/appsku/appsku/MetaCalendar/App/Assets.xcassets (in target 'MetaCalendar' from project 'MetaCalendar')
    cd /Users/runner/work/appsku/appsku/MetaCalendar
    builtin-linkAssetCatalog --thinned /Users/runner/Library/Developer/Xcode/DerivedData/MetaCalendar-gysjjzysjdujjxdacwnishooluxp/Build/Intermediates.noindex/MetaCalendar.build/Debug-iphonesimulator/MetaCalendar.build/assetcatalog_output/thinned --thinned-dependencies /Users/runner/Library/Developer/Xcode/DerivedData/MetaCalendar-gysjjzysjdujjxdacwnishooluxp/Build/Intermediates.noindex/MetaCalendar.build/Debug-iphonesimulator/MetaCalendar.build/assetcatalog_dependencies_thinned --thinned-info-plist-content /Users/runner/Library/Developer/Xcode/DerivedData/MetaCalendar-gysjjzysjdujjxdacwnishooluxp/Build/Intermediates.noindex/MetaCalendar.build/Debug-iphonesimulator/MetaCalendar.build/assetcatalog_generated_info.plist_thinned --unthinned /Users/runner/Library/Developer/Xcode/DerivedData/MetaCalendar-gysjjzysjdujjxdacwnishooluxp/Build/Intermediates.noindex/MetaCalendar.build/Debug-iphonesimulator/MetaCalendar.build/assetcatalog_output/unthinned --unthinned-dependencies /Users/runner/Library/Developer/Xcode/DerivedData/MetaCalendar-gysjjzysjdujjxdacwnishooluxp/Build/Intermediates.noindex/MetaCalendar.build/Debug-iphonesimulator/MetaCalendar.build/assetcatalog_dependencies_unthinned --unthinned-info-plist-content /Users/runner/Library/Developer/Xcode/DerivedData/MetaCalendar-gysjjzysjdujjxdacwnishooluxp/Build/Intermediates.noindex/MetaCalendar.build/Debug-iphonesimulator/MetaCalendar.build/assetcatalog_generated_info.plist_unthinned --output /Users/runner/Library/Developer/Xcode/DerivedData/MetaCalendar-gysjjzysjdujjxdacwnishooluxp/Build/Products/Debug-iphonesimulator/MetaCalendar.app --plist-output /Users/runner/Library/Developer/Xcode/DerivedData/MetaCalendar-gysjjzysjdujjxdacwnishooluxp/Build/Intermediates.noindex/MetaCalendar.build/Debug-iphonesimulator/MetaCalendar.build/assetcatalog_generated_info.plist
note: Emplaced /Users/runner/Library/Developer/Xcode/DerivedData/MetaCalendar-gysjjzysjdujjxdacwnishooluxp/Build/Products/Debug-iphonesimulator/MetaCalendar.app/AppIcon76x76@2x~ipad.png (in target 'MetaCalendar' from project 'MetaCalendar')
note: Emplaced /Users/runner/Library/Developer/Xcode/DerivedData/MetaCalendar-gysjjzysjdujjxdacwnishooluxp/Build/Products/Debug-iphonesimulator/MetaCalendar.app/AppIcon60x60@2x.png (in target 'MetaCalendar' from project 'MetaCalendar')
note: Emplaced /Users/runner/Library/Developer/Xcode/DerivedData/MetaCalendar-gysjjzysjdujjxdacwnishooluxp/Build/Products/Debug-iphonesimulator/MetaCalendar.app/Assets.car (in target 'MetaCalendar' from project 'MetaCalendar')

SwiftMergeGeneratedHeaders /Users/runner/Library/Developer/Xcode/DerivedData/MetaCalendar-gysjjzysjdujjxdacwnishooluxp/Build/Intermediates.noindex/MetaCalendar.build/Debug-iphonesimulator/MetaCalendar.build/DerivedSources/MetaCalendar-Swift.h /Users/runner/Library/Developer/Xcode/DerivedData/MetaCalendar-gysjjzysjdujjxdacwnishooluxp/Build/Intermediates.noindex/MetaCalendar.build/Debug-iphonesimulator/MetaCalendar.build/Objects-normal/arm64/MetaCalendar-Swift.h (in target 'MetaCalendar' from project 'MetaCalendar')
    cd /Users/runner/work/appsku/appsku/MetaCalendar
    builtin-swiftHeaderTool -arch arm64 /Users/runner/Library/Developer/Xcode/DerivedData/MetaCalendar-gysjjzysjdujjxdacwnishooluxp/Build/Intermediates.noindex/MetaCalendar.build/Debug-iphonesimulator/MetaCalendar.build/Objects-normal/arm64/MetaCalendar-Swift.h -o /Users/runner/Library/Developer/Xcode/DerivedData/MetaCalendar-gysjjzysjdujjxdacwnishooluxp/Build/Intermediates.noindex/MetaCalendar.build/Debug-iphonesimulator/MetaCalendar.build/DerivedSources/MetaCalendar-Swift.h

Copy /Users/runner/Library/Developer/Xcode/DerivedData/MetaCalendar-gysjjzysjdujjxdacwnishooluxp/Build/Products/Debug-iphonesimulator/MetaCalendar.swiftmodule/arm64-apple-ios-simulator.swiftmodule /Users/runner/Library/Developer/Xcode/DerivedData/MetaCalendar-gysjjzysjdujjxdacwnishooluxp/Build/Intermediates.noindex/MetaCalendar.build/Debug-iphonesimulator/MetaCalendar.build/Objects-normal/arm64/MetaCalendar.swiftmodule (in target 'MetaCalendar' from project 'MetaCalendar')
    cd /Users/runner/work/appsku/appsku/MetaCalendar
    builtin-copy -exclude .DS_Store -exclude CVS -exclude .svn -exclude .git -exclude .hg -resolve-src-symlinks -rename /Users/runner/Library/Developer/Xcode/DerivedData/MetaCalendar-gysjjzysjdujjxdacwnishooluxp/Build/Intermediates.noindex/MetaCalendar.build/Debug-iphonesimulator/MetaCalendar.build/Objects-normal/arm64/MetaCalendar.swiftmodule /Users/runner/Library/Developer/Xcode/DerivedData/MetaCalendar-gysjjzysjdujjxdacwnishooluxp/Build/Products/Debug-iphonesimulator/MetaCalendar.swiftmodule/arm64-apple-ios-simulator.swiftmodule

Copy /Users/runner/Library/Developer/Xcode/DerivedData/MetaCalendar-gysjjzysjdujjxdacwnishooluxp/Build/Products/Debug-iphonesimulator/MetaCalendar.swiftmodule/arm64-apple-ios-simulator.swiftdoc /Users/runner/Library/Developer/Xcode/DerivedData/MetaCalendar-gysjjzysjdujjxdacwnishooluxp/Build/Intermediates.noindex/MetaCalendar.build/Debug-iphonesimulator/MetaCalendar.build/Objects-normal/arm64/MetaCalendar.swiftdoc (in target 'MetaCalendar' from project 'MetaCalendar')
    cd /Users/runner/work/appsku/appsku/MetaCalendar
    builtin-copy -exclude .DS_Store -exclude CVS -exclude .svn -exclude .git -exclude .hg -resolve-src-symlinks -rename /Users/runner/Library/Developer/Xcode/DerivedData/MetaCalendar-gysjjzysjdujjxdacwnishooluxp/Build/Intermediates.noindex/MetaCalendar.build/Debug-iphonesimulator/MetaCalendar.build/Objects-normal/arm64/MetaCalendar.swiftdoc /Users/runner/Library/Developer/Xcode/DerivedData/MetaCalendar-gysjjzysjdujjxdacwnishooluxp/Build/Products/Debug-iphonesimulator/MetaCalendar.swiftmodule/arm64-apple-ios-simulator.swiftdoc

Copy /Users/runner/Library/Developer/Xcode/DerivedData/MetaCalendar-gysjjzysjdujjxdacwnishooluxp/Build/Products/Debug-iphonesimulator/MetaCalendar.swiftmodule/arm64-apple-ios-simulator.abi.json /Users/runner/Library/Developer/Xcode/DerivedData/MetaCalendar-gysjjzysjdujjxdacwnishooluxp/Build/Intermediates.noindex/MetaCalendar.build/Debug-iphonesimulator/MetaCalendar.build/Objects-normal/arm64/MetaCalendar.abi.json (in target 'MetaCalendar' from project 'MetaCalendar')
    cd /Users/runner/work/appsku/appsku/MetaCalendar
    builtin-copy -exclude .DS_Store -exclude CVS -exclude .svn -exclude .git -exclude .hg -resolve-src-symlinks -rename /Users/runner/Library/Developer/Xcode/DerivedData/MetaCalendar-gysjjzysjdujjxdacwnishooluxp/Build/Intermediates.noindex/MetaCalendar.build/Debug-iphonesimulator/MetaCalendar.build/Objects-normal/arm64/MetaCalendar.abi.json /Users/runner/Library/Developer/Xcode/DerivedData/MetaCalendar-gysjjzysjdujjxdacwnishooluxp/Build/Products/Debug-iphonesimulator/MetaCalendar.swiftmodule/arm64-apple-ios-simulator.abi.json

Copy /Users/runner/Library/Developer/Xcode/DerivedData/MetaCalendar-gysjjzysjdujjxdacwnishooluxp/Build/Products/Debug-iphonesimulator/MetaCalendar.swiftmodule/Project/arm64-apple-ios-simulator.swiftsourceinfo /Users/runner/Library/Developer/Xcode/DerivedData/MetaCalendar-gysjjzysjdujjxdacwnishooluxp/Build/Intermediates.noindex/MetaCalendar.build/Debug-iphonesimulator/MetaCalendar.build/Objects-normal/arm64/MetaCalendar.swiftsourceinfo (in target 'MetaCalendar' from project 'MetaCalendar')
    cd /Users/runner/work/appsku/appsku/MetaCalendar
    builtin-copy -exclude .DS_Store -exclude CVS -exclude .svn -exclude .git -exclude .hg -resolve-src-symlinks -rename /Users/runner/Library/Developer/Xcode/DerivedData/MetaCalendar-gysjjzysjdujjxdacwnishooluxp/Build/Intermediates.noindex/MetaCalendar.build/Debug-iphonesimulator/MetaCalendar.build/Objects-normal/arm64/MetaCalendar.swiftsourceinfo /Users/runner/Library/Developer/Xcode/DerivedData/MetaCalendar-gysjjzysjdujjxdacwnishooluxp/Build/Products/Debug-iphonesimulator/MetaCalendar.swiftmodule/Project/arm64-apple-ios-simulator.swiftsourceinfo

ProcessInfoPlistFile /Users/runner/Library/Developer/Xcode/DerivedData/MetaCalendar-gysjjzysjdujjxdacwnishooluxp/Build/Products/Debug-iphonesimulator/MetaCalendar.app/Info.plist /Users/runner/Library/Developer/Xcode/DerivedData/MetaCalendar-gysjjzysjdujjxdacwnishooluxp/Build/Intermediates.noindex/MetaCalendar.build/Debug-iphonesimulator/MetaCalendar.build/empty-MetaCalendar.plist (in target 'MetaCalendar' from project 'MetaCalendar')
    cd /Users/runner/work/appsku/appsku/MetaCalendar
    builtin-infoPlistUtility /Users/runner/Library/Developer/Xcode/DerivedData/MetaCalendar-gysjjzysjdujjxdacwnishooluxp/Build/Intermediates.noindex/MetaCalendar.build/Debug-iphonesimulator/MetaCalendar.build/empty-MetaCalendar.plist -producttype com.apple.product-type.application -genpkginfo /Users/runner/Library/Developer/Xcode/DerivedData/MetaCalendar-gysjjzysjdujjxdacwnishooluxp/Build/Products/Debug-iphonesimulator/MetaCalendar.app/PkgInfo -expandbuildsettings -format binary -platform iphonesimulator -additionalcontentfile /Users/runner/Library/Developer/Xcode/DerivedData/MetaCalendar-gysjjzysjdujjxdacwnishooluxp/Build/Intermediates.noindex/MetaCalendar.build/Debug-iphonesimulator/MetaCalendar.build/assetcatalog_generated_info.plist -o /Users/runner/Library/Developer/Xcode/DerivedData/MetaCalendar-gysjjzysjdujjxdacwnishooluxp/Build/Products/Debug-iphonesimulator/MetaCalendar.app/Info.plist

SwiftDriver MetaCalendarTests normal arm64 com.apple.xcode.tools.swift.compiler (in target 'MetaCalendarTests' from project 'MetaCalendar')
    cd /Users/runner/work/appsku/appsku/MetaCalendar
    builtin-SwiftDriver -- /Applications/Xcode_16.4.app/Contents/Developer/Toolchains/XcodeDefault.xctoolchain/usr/bin/swiftc -module-name MetaCalendarTests -Onone -enforce-exclusivity\=checked @/Users/runner/Library/Developer/Xcode/DerivedData/MetaCalendar-gysjjzysjdujjxdacwnishooluxp/Build/Intermediates.noindex/MetaCalendar.build/Debug-iphonesimulator/MetaCalendarTests.build/Objects-normal/arm64/MetaCalendarTests.SwiftFileList -DDEBUG -plugin-path /Applications/Xcode_16.4.app/Contents/Developer/Toolchains/XcodeDefault.xctoolchain/usr/lib/swift/host/plugins/testing -enable-bare-slash-regex -enable-experimental-feature DebugDescriptionMacro -sdk /Applications/Xcode_16.4.app/Contents/Developer/Platforms/iPhoneSimulator.platform/Developer/SDKs/iPhoneSimulator18.5.sdk -target arm64-apple-ios17.0-simulator -g -module-cache-path /Users/runner/Library/Developer/Xcode/DerivedData/ModuleCache.noindex -Xfrontend -serialize-debugging-options -enable-testing -index-store-path /Users/runner/Library/Developer/Xcode/DerivedData/MetaCalendar-gysjjzysjdujjxdacwnishooluxp/Index.noindex/DataStore -swift-version 5 -I /Users/runner/Library/Developer/Xcode/DerivedData/MetaCalendar-gysjjzysjdujjxdacwnishooluxp/Build/Products/Debug-iphonesimulator -I /Applications/Xcode_16.4.app/Contents/Developer/Platforms/iPhoneSimulator.platform/Developer/usr/lib -F /Users/runner/Library/Developer/Xcode/DerivedData/MetaCalendar-gysjjzysjdujjxdacwnishooluxp/Build/Products/Debug-iphonesimulator -F /Applications/Xcode_16.4.app/Contents/Developer/Platforms/iPhoneSimulator.platform/Developer/Library/Frameworks -F /Applications/Xcode_16.4.app/Contents/Developer/Platforms/iPhoneSimulator.platform/Developer/SDKs/iPhoneSimulator18.5.sdk/Developer/Library/Frameworks -c -j3 -enable-batch-mode -incremental -Xcc -ivfsstatcache -Xcc /Users/runner/Library/Developer/Xcode/DerivedData/SDKStatCaches.noindex/iphonesimulator18.5-22F76-96ae0914227b19deccb34b33ba7b5dea.sdkstatcache -output-file-map /Users/runner/Library/Developer/Xcode/DerivedData/MetaCalendar-gysjjzysjdujjxdacwnishooluxp/Build/Intermediates.noindex/MetaCalendar.build/Debug-iphonesimulator/MetaCalendarTests.build/Objects-normal/arm64/MetaCalendarTests-OutputFileMap.json -use-frontend-parseable-output -save-temps -no-color-diagnostics -serialize-diagnostics -emit-dependencies -emit-module -emit-module-path /Users/runner/Library/Developer/Xcode/DerivedData/MetaCalendar-gysjjzysjdujjxdacwnishooluxp/Build/Intermediates.noindex/MetaCalendar.build/Debug-iphonesimulator/MetaCalendarTests.build/Objects-normal/arm64/MetaCalendarTests.swiftmodule -validate-clang-modules-once -clang-build-session-file /Users/runner/Library/Developer/Xcode/DerivedData/ModuleCache.noindex/Session.modulevalidation -Xcc -I/Users/runner/Library/Developer/Xcode/DerivedData/MetaCalendar-gysjjzysjdujjxdacwnishooluxp/Build/Intermediates.noindex/MetaCalendar.build/Debug-iphonesimulator/MetaCalendarTests.build/swift-overrides.hmap -emit-const-values -Xfrontend -const-gather-protocols-file -Xfrontend /Users/runner/Library/Developer/Xcode/DerivedData/MetaCalendar-gysjjzysjdujjxdacwnishooluxp/Build/Intermediates.noindex/MetaCalendar.build/Debug-iphonesimulator/MetaCalendarTests.build/Objects-normal/arm64/MetaCalendarTests_const_extract_protocols.json -Xcc -iquote -Xcc /Users/runner/Library/Developer/Xcode/DerivedData/MetaCalendar-gysjjzysjdujjxdacwnishooluxp/Build/Intermediates.noindex/MetaCalendar.build/Debug-iphonesimulator/MetaCalendarTests.build/MetaCalendarTests-generated-files.hmap -Xcc -I/Users/runner/Library/Developer/Xcode/DerivedData/MetaCalendar-gysjjzysjdujjxdacwnishooluxp/Build/Intermediates.noindex/MetaCalendar.build/Debug-iphonesimulator/MetaCalendarTests.build/MetaCalendarTests-own-target-headers.hmap -Xcc -I/Users/runner/Library/Developer/Xcode/DerivedData/MetaCalendar-gysjjzysjdujjxdacwnishooluxp/Build/Intermediates.noindex/MetaCalendar.build/Debug-iphonesimulator/MetaCalendarTests.build/MetaCalendarTests-all-target-headers.hmap -Xcc -iquote -Xcc /Users/runner/Library/Developer/Xcode/DerivedData/MetaCalendar-gysjjzysjdujjxdacwnishooluxp/Build/Intermediates.noindex/MetaCalendar.build/Debug-iphonesimulator/MetaCalendarTests.build/MetaCalendarTests-project-headers.hmap -Xcc -I/Users/runner/Library/Developer/Xcode/DerivedData/MetaCalendar-gysjjzysjdujjxdacwnishooluxp/Build/Products/Debug-iphonesimulator/include -Xcc -I/Users/runner/Library/Developer/Xcode/DerivedData/MetaCalendar-gysjjzysjdujjxdacwnishooluxp/Build/Intermediates.noindex/MetaCalendar.build/Debug-iphonesimulator/MetaCalendarTests.build/DerivedSources-normal/arm64 -Xcc -I/Users/runner/Library/Developer/Xcode/DerivedData/MetaCalendar-gysjjzysjdujjxdacwnishooluxp/Build/Intermediates.noindex/MetaCalendar.build/Debug-iphonesimulator/MetaCalendarTests.build/DerivedSources/arm64 -Xcc -I/Users/runner/Library/Developer/Xcode/DerivedData/MetaCalendar-gysjjzysjdujjxdacwnishooluxp/Build/Intermediates.noindex/MetaCalendar.build/Debug-iphonesimulator/MetaCalendarTests.build/DerivedSources -Xcc -DDEBUG\=1 -emit-objc-header -emit-objc-header-path /Users/runner/Library/Developer/Xcode/DerivedData/MetaCalendar-gysjjzysjdujjxdacwnishooluxp/Build/Intermediates.noindex/MetaCalendar.build/Debug-iphonesimulator/MetaCalendarTests.build/Objects-normal/arm64/MetaCalendarTests-Swift.h -working-directory /Users/runner/work/appsku/appsku/MetaCalendar -experimental-emit-module-separately -disable-cmo

SwiftDriverJobDiscovery normal arm64 Compiling ChineseAdapter.swift, CosmicSignatureView.swift, CycleLabView.swift, DomainProtocols.swift, ExploreView.swift, GregorianAdapter.swift, HijriAdapter.swift, JavaneseAdapter.swift, MetaCalendarApp.swift (in target 'MetaCalendar' from project 'MetaCalendar')

SwiftEmitModule normal arm64 Emitting\ module\ for\ MetaCalendarTests (in target 'MetaCalendarTests' from project 'MetaCalendar')
EmitSwiftModule normal arm64 (in target 'MetaCalendarTests' from project 'MetaCalendar')
    cd /Users/runner/work/appsku/appsku/MetaCalendar
    

SwiftCompile normal arm64 Compiling\ AstronomyGoldenFixtureTests.swift,\ CalendarCharacterizationTests.swift /Users/runner/work/appsku/appsku/MetaCalendar/MetaCalendarTests/AstronomyGoldenFixtureTests.swift /Users/runner/work/appsku/appsku/MetaCalendar/MetaCalendarTests/CalendarCharacterizationTests.swift (in target 'MetaCalendarTests' from project 'MetaCalendar')
SwiftCompile normal arm64 /Users/runner/work/appsku/appsku/MetaCalendar/MetaCalendarTests/AstronomyGoldenFixtureTests.swift (in target 'MetaCalendarTests' from project 'MetaCalendar')
    cd /Users/runner/work/appsku/appsku/MetaCalendar
    

SwiftCompile normal arm64 /Users/runner/work/appsku/appsku/MetaCalendar/MetaCalendarTests/CalendarCharacterizationTests.swift (in target 'MetaCalendarTests' from project 'MetaCalendar')
    cd /Users/runner/work/appsku/appsku/MetaCalendar
    

SwiftCompile normal arm64 Compiling\ M2ProductionIntegrationTests.swift /Users/runner/work/appsku/appsku/MetaCalendar/MetaCalendarTests/M2ProductionIntegrationTests.swift (in target 'MetaCalendarTests' from project 'MetaCalendar')
SwiftCompile normal arm64 /Users/runner/work/appsku/appsku/MetaCalendar/MetaCalendarTests/M2ProductionIntegrationTests.swift (in target 'MetaCalendarTests' from project 'MetaCalendar')
    cd /Users/runner/work/appsku/appsku/MetaCalendar
    

SwiftDriverJobDiscovery normal arm64 Compiling MetaSolarEngine.swift, SettingsView.swift, Theme.swift, TimeRingsView.swift, TimelineView.swift, TodayView.swift, WorldEvents.swift, GeneratedAssetSymbols.swift (in target 'MetaCalendar' from project 'MetaCalendar')

SwiftCompile normal arm64 Compiling\ FeatureFlagTests.swift,\ FixedDayPropertyTests.swift /Users/runner/work/appsku/appsku/MetaCalendar/MetaCalendarTests/FeatureFlagTests.swift /Users/runner/work/appsku/appsku/MetaCalendar/MetaCalendarTests/FixedDayPropertyTests.swift (in target 'MetaCalendarTests' from project 'MetaCalendar')
SwiftCompile normal arm64 /Users/runner/work/appsku/appsku/MetaCalendar/MetaCalendarTests/FeatureFlagTests.swift (in target 'MetaCalendarTests' from project 'MetaCalendar')
    cd /Users/runner/work/appsku/appsku/MetaCalendar
    

SwiftCompile normal arm64 /Users/runner/work/appsku/appsku/MetaCalendar/MetaCalendarTests/FixedDayPropertyTests.swift (in target 'MetaCalendarTests' from project 'MetaCalendar')
    cd /Users/runner/work/appsku/appsku/MetaCalendar
    

SwiftDriverJobDiscovery normal arm64 Emitting module for MetaCalendarTests (in target 'MetaCalendarTests' from project 'MetaCalendar')

SwiftDriver\ Compilation\ Requirements MetaCalendarTests normal arm64 com.apple.xcode.tools.swift.compiler (in target 'MetaCalendarTests' from project 'MetaCalendar')
    cd /Users/runner/work/appsku/appsku/MetaCalendar
    builtin-Swift-Compilation-Requirements -- /Applications/Xcode_16.4.app/Contents/Developer/Toolchains/XcodeDefault.xctoolchain/usr/bin/swiftc -module-name MetaCalendarTests -Onone -enforce-exclusivity\=checked @/Users/runner/Library/Developer/Xcode/DerivedData/MetaCalendar-gysjjzysjdujjxdacwnishooluxp/Build/Intermediates.noindex/MetaCalendar.build/Debug-iphonesimulator/MetaCalendarTests.build/Objects-normal/arm64/MetaCalendarTests.SwiftFileList -DDEBUG -plugin-path /Applications/Xcode_16.4.app/Contents/Developer/Toolchains/XcodeDefault.xctoolchain/usr/lib/swift/host/plugins/testing -enable-bare-slash-regex -enable-experimental-feature DebugDescriptionMacro -sdk /Applications/Xcode_16.4.app/Contents/Developer/Platforms/iPhoneSimulator.platform/Developer/SDKs/iPhoneSimulator18.5.sdk -target arm64-apple-ios17.0-simulator -g -module-cache-path /Users/runner/Library/Developer/Xcode/DerivedData/ModuleCache.noindex -Xfrontend -serialize-debugging-options -enable-testing -index-store-path /Users/runner/Library/Developer/Xcode/DerivedData/MetaCalendar-gysjjzysjdujjxdacwnishooluxp/Index.noindex/DataStore -swift-version 5 -I /Users/runner/Library/Developer/Xcode/DerivedData/MetaCalendar-gysjjzysjdujjxdacwnishooluxp/Build/Products/Debug-iphonesimulator -I /Applications/Xcode_16.4.app/Contents/Developer/Platforms/iPhoneSimulator.platform/Developer/usr/lib -F /Users/runner/Library/Developer/Xcode/DerivedData/MetaCalendar-gysjjzysjdujjxdacwnishooluxp/Build/Products/Debug-iphonesimulator -F /Applications/Xcode_16.4.app/Contents/Developer/Platforms/iPhoneSimulator.platform/Developer/Library/Frameworks -F /Applications/Xcode_16.4.app/Contents/Developer/Platforms/iPhoneSimulator.platform/Developer/SDKs/iPhoneSimulator18.5.sdk/Developer/Library/Frameworks -c -j3 -enable-batch-mode -incremental -Xcc -ivfsstatcache -Xcc /Users/runner/Library/Developer/Xcode/DerivedData/SDKStatCaches.noindex/iphonesimulator18.5-22F76-96ae0914227b19deccb34b33ba7b5dea.sdkstatcache -output-file-map /Users/runner/Library/Developer/Xcode/DerivedData/MetaCalendar-gysjjzysjdujjxdacwnishooluxp/Build/Intermediates.noindex/MetaCalendar.build/Debug-iphonesimulator/MetaCalendarTests.build/Objects-normal/arm64/MetaCalendarTests-OutputFileMap.json -use-frontend-parseable-output -save-temps -no-color-diagnostics -serialize-diagnostics -emit-dependencies -emit-module -emit-module-path /Users/runner/Library/Developer/Xcode/DerivedData/MetaCalendar-gysjjzysjdujjxdacwnishooluxp/Build/Intermediates.noindex/MetaCalendar.build/Debug-iphonesimulator/MetaCalendarTests.build/Objects-normal/arm64/MetaCalendarTests.swiftmodule -validate-clang-modules-once -clang-build-session-file /Users/runner/Library/Developer/Xcode/DerivedData/ModuleCache.noindex/Session.modulevalidation -Xcc -I/Users/runner/Library/Developer/Xcode/DerivedData/MetaCalendar-gysjjzysjdujjxdacwnishooluxp/Build/Intermediates.noindex/MetaCalendar.build/Debug-iphonesimulator/MetaCalendarTests.build/swift-overrides.hmap -emit-const-values -Xfrontend -const-gather-protocols-file -Xfrontend /Users/runner/Library/Developer/Xcode/DerivedData/MetaCalendar-gysjjzysjdujjxdacwnishooluxp/Build/Intermediates.noindex/MetaCalendar.build/Debug-iphonesimulator/MetaCalendarTests.build/Objects-normal/arm64/MetaCalendarTests_const_extract_protocols.json -Xcc -iquote -Xcc /Users/runner/Library/Developer/Xcode/DerivedData/MetaCalendar-gysjjzysjdujjxdacwnishooluxp/Build/Intermediates.noindex/MetaCalendar.build/Debug-iphonesimulator/MetaCalendarTests.build/MetaCalendarTests-generated-files.hmap -Xcc -I/Users/runner/Library/Developer/Xcode/DerivedData/MetaCalendar-gysjjzysjdujjxdacwnishooluxp/Build/Intermediates.noindex/MetaCalendar.build/Debug-iphonesimulator/MetaCalendarTests.build/MetaCalendarTests-own-target-headers.hmap -Xcc -I/Users/runner/Library/Developer/Xcode/DerivedData/MetaCalendar-gysjjzysjdujjxdacwnishooluxp/Build/Intermediates.noindex/MetaCalendar.build/Debug-iphonesimulator/MetaCalendarTests.build/MetaCalendarTests-all-target-headers.hmap -Xcc -iquote -Xcc /Users/runner/Library/Developer/Xcode/DerivedData/MetaCalendar-gysjjzysjdujjxdacwnishooluxp/Build/Intermediates.noindex/MetaCalendar.build/Debug-iphonesimulator/MetaCalendarTests.build/MetaCalendarTests-project-headers.hmap -Xcc -I/Users/runner/Library/Developer/Xcode/DerivedData/MetaCalendar-gysjjzysjdujjxdacwnishooluxp/Build/Products/Debug-iphonesimulator/include -Xcc -I/Users/runner/Library/Developer/Xcode/DerivedData/MetaCalendar-gysjjzysjdujjxdacwnishooluxp/Build/Intermediates.noindex/MetaCalendar.build/Debug-iphonesimulator/MetaCalendarTests.build/DerivedSources-normal/arm64 -Xcc -I/Users/runner/Library/Developer/Xcode/DerivedData/MetaCalendar-gysjjzysjdujjxdacwnishooluxp/Build/Intermediates.noindex/MetaCalendar.build/Debug-iphonesimulator/MetaCalendarTests.build/DerivedSources/arm64 -Xcc -I/Users/runner/Library/Developer/Xcode/DerivedData/MetaCalendar-gysjjzysjdujjxdacwnishooluxp/Build/Intermediates.noindex/MetaCalendar.build/Debug-iphonesimulator/MetaCalendarTests.build/DerivedSources -Xcc -DDEBUG\=1 -emit-objc-header -emit-objc-header-path /Users/runner/Library/Developer/Xcode/DerivedData/MetaCalendar-gysjjzysjdujjxdacwnishooluxp/Build/Intermediates.noindex/MetaCalendar.build/Debug-iphonesimulator/MetaCalendarTests.build/Objects-normal/arm64/MetaCalendarTests-Swift.h -working-directory /Users/runner/work/appsku/appsku/MetaCalendar -experimental-emit-module-separately -disable-cmo

SwiftDriverJobDiscovery normal arm64 Compiling AstronomyGoldenFixtureTests.swift, CalendarCharacterizationTests.swift (in target 'MetaCalendarTests' from project 'MetaCalendar')

SwiftDriver\ Compilation MetaCalendar normal arm64 com.apple.xcode.tools.swift.compiler (in target 'MetaCalendar' from project 'MetaCalendar')
    cd /Users/runner/work/appsku/appsku/MetaCalendar
    builtin-Swift-Compilation -- /Applications/Xcode_16.4.app/Contents/Developer/Toolchains/XcodeDefault.xctoolchain/usr/bin/swiftc -module-name MetaCalendar -Onone -enforce-exclusivity\=checked @/Users/runner/Library/Developer/Xcode/DerivedData/MetaCalendar-gysjjzysjdujjxdacwnishooluxp/Build/Intermediates.noindex/MetaCalendar.build/Debug-iphonesimulator/MetaCalendar.build/Objects-normal/arm64/MetaCalendar.SwiftFileList -DDEBUG -enable-bare-slash-regex -enable-experimental-feature DebugDescriptionMacro -sdk /Applications/Xcode_16.4.app/Contents/Developer/Platforms/iPhoneSimulator.platform/Developer/SDKs/iPhoneSimulator18.5.sdk -target arm64-apple-ios17.0-simulator -g -module-cache-path /Users/runner/Library/Developer/Xcode/DerivedData/ModuleCache.noindex -Xfrontend -serialize-debugging-options -enable-testing -index-store-path /Users/runner/Library/Developer/Xcode/DerivedData/MetaCalendar-gysjjzysjdujjxdacwnishooluxp/Index.noindex/DataStore -swift-version 5 -I /Users/runner/Library/Developer/Xcode/DerivedData/MetaCalendar-gysjjzysjdujjxdacwnishooluxp/Build/Products/Debug-iphonesimulator -F /Users/runner/Library/Developer/Xcode/DerivedData/MetaCalendar-gysjjzysjdujjxdacwnishooluxp/Build/Products/Debug-iphonesimulator -c -j3 -enable-batch-mode -incremental -Xcc -ivfsstatcache -Xcc /Users/runner/Library/Developer/Xcode/DerivedData/SDKStatCaches.noindex/iphonesimulator18.5-22F76-96ae0914227b19deccb34b33ba7b5dea.sdkstatcache -output-file-map /Users/runner/Library/Developer/Xcode/DerivedData/MetaCalendar-gysjjzysjdujjxdacwnishooluxp/Build/Intermediates.noindex/MetaCalendar.build/Debug-iphonesimulator/MetaCalendar.build/Objects-normal/arm64/MetaCalendar-OutputFileMap.json -use-frontend-parseable-output -save-temps -no-color-diagnostics -serialize-diagnostics -emit-dependencies -emit-module -emit-module-path /Users/runner/Library/Developer/Xcode/DerivedData/MetaCalendar-gysjjzysjdujjxdacwnishooluxp/Build/Intermediates.noindex/MetaCalendar.build/Debug-iphonesimulator/MetaCalendar.build/Objects-normal/arm64/MetaCalendar.swiftmodule -validate-clang-modules-once -clang-build-session-file /Users/runner/Library/Developer/Xcode/DerivedData/ModuleCache.noindex/Session.modulevalidation -Xcc -I/Users/runner/Library/Developer/Xcode/DerivedData/MetaCalendar-gysjjzysjdujjxdacwnishooluxp/Build/Intermediates.noindex/MetaCalendar.build/Debug-iphonesimulator/MetaCalendar.build/swift-overrides.hmap -emit-const-values -Xfrontend -const-gather-protocols-file -Xfrontend /Users/runner/Library/Developer/Xcode/DerivedData/MetaCalendar-gysjjzysjdujjxdacwnishooluxp/Build/Intermediates.noindex/MetaCalendar.build/Debug-iphonesimulator/MetaCalendar.build/Objects-normal/arm64/MetaCalendar_const_extract_protocols.json -Xcc -iquote -Xcc /Users/runner/Library/Developer/Xcode/DerivedData/MetaCalendar-gysjjzysjdujjxdacwnishooluxp/Build/Intermediates.noindex/MetaCalendar.build/Debug-iphonesimulator/MetaCalendar.build/MetaCalendar-generated-files.hmap -Xcc -I/Users/runner/Library/Developer/Xcode/DerivedData/MetaCalendar-gysjjzysjdujjxdacwnishooluxp/Build/Intermediates.noindex/MetaCalendar.build/Debug-iphonesimulator/MetaCalendar.build/MetaCalendar-own-target-headers.hmap -Xcc -I/Users/runner/Library/Developer/Xcode/DerivedData/MetaCalendar-gysjjzysjdujjxdacwnishooluxp/Build/Intermediates.noindex/MetaCalendar.build/Debug-iphonesimulator/MetaCalendar.build/MetaCalendar-all-target-headers.hmap -Xcc -iquote -Xcc /Users/runner/Library/Developer/Xcode/DerivedData/MetaCalendar-gysjjzysjdujjxdacwnishooluxp/Build/Intermediates.noindex/MetaCalendar.build/Debug-iphonesimulator/MetaCalendar.build/MetaCalendar-project-headers.hmap -Xcc -I/Users/runner/Library/Developer/Xcode/DerivedData/MetaCalendar-gysjjzysjdujjxdacwnishooluxp/Build/Products/Debug-iphonesimulator/include -Xcc -I/Users/runner/Library/Developer/Xcode/DerivedData/MetaCalendar-gysjjzysjdujjxdacwnishooluxp/Build/Intermediates.noindex/MetaCalendar.build/Debug-iphonesimulator/MetaCalendar.build/DerivedSources-normal/arm64 -Xcc -I/Users/runner/Library/Developer/Xcode/DerivedData/MetaCalendar-gysjjzysjdujjxdacwnishooluxp/Build/Intermediates.noindex/MetaCalendar.build/Debug-iphonesimulator/MetaCalendar.build/DerivedSources/arm64 -Xcc -I/Users/runner/Library/Developer/Xcode/DerivedData/MetaCalendar-gysjjzysjdujjxdacwnishooluxp/Build/Intermediates.noindex/MetaCalendar.build/Debug-iphonesimulator/MetaCalendar.build/DerivedSources -Xcc -DDEBUG\=1 -emit-objc-header -emit-objc-header-path /Users/runner/Library/Developer/Xcode/DerivedData/MetaCalendar-gysjjzysjdujjxdacwnishooluxp/Build/Intermediates.noindex/MetaCalendar.build/Debug-iphonesimulator/MetaCalendar.build/Objects-normal/arm64/MetaCalendar-Swift.h -working-directory /Users/runner/work/appsku/appsku/MetaCalendar -experimental-emit-module-separately -disable-cmo

SwiftMergeGeneratedHeaders /Users/runner/Library/Developer/Xcode/DerivedData/MetaCalendar-gysjjzysjdujjxdacwnishooluxp/Build/Intermediates.noindex/MetaCalendar.build/Debug-iphonesimulator/MetaCalendarTests.build/DerivedSources/MetaCalendarTests-Swift.h /Users/runner/Library/Developer/Xcode/DerivedData/MetaCalendar-gysjjzysjdujjxdacwnishooluxp/Build/Intermediates.noindex/MetaCalendar.build/Debug-iphonesimulator/MetaCalendarTests.build/Objects-normal/arm64/MetaCalendarTests-Swift.h (in target 'MetaCalendarTests' from project 'MetaCalendar')
    cd /Users/runner/work/appsku/appsku/MetaCalendar
    builtin-swiftHeaderTool -arch arm64 /Users/runner/Library/Developer/Xcode/DerivedData/MetaCalendar-gysjjzysjdujjxdacwnishooluxp/Build/Intermediates.noindex/MetaCalendar.build/Debug-iphonesimulator/MetaCalendarTests.build/Objects-normal/arm64/MetaCalendarTests-Swift.h -o /Users/runner/Library/Developer/Xcode/DerivedData/MetaCalendar-gysjjzysjdujjxdacwnishooluxp/Build/Intermediates.noindex/MetaCalendar.build/Debug-iphonesimulator/MetaCalendarTests.build/DerivedSources/MetaCalendarTests-Swift.h

Copy /Users/runner/Library/Developer/Xcode/DerivedData/MetaCalendar-gysjjzysjdujjxdacwnishooluxp/Build/Products/Debug-iphonesimulator/MetaCalendarTests.swiftmodule/arm64-apple-ios-simulator.swiftmodule /Users/runner/Library/Developer/Xcode/DerivedData/MetaCalendar-gysjjzysjdujjxdacwnishooluxp/Build/Intermediates.noindex/MetaCalendar.build/Debug-iphonesimulator/MetaCalendarTests.build/Objects-normal/arm64/MetaCalendarTests.swiftmodule (in target 'MetaCalendarTests' from project 'MetaCalendar')
    cd /Users/runner/work/appsku/appsku/MetaCalendar
    builtin-copy -exclude .DS_Store -exclude CVS -exclude .svn -exclude .git -exclude .hg -resolve-src-symlinks -rename /Users/runner/Library/Developer/Xcode/DerivedData/MetaCalendar-gysjjzysjdujjxdacwnishooluxp/Build/Intermediates.noindex/MetaCalendar.build/Debug-iphonesimulator/MetaCalendarTests.build/Objects-normal/arm64/MetaCalendarTests.swiftmodule /Users/runner/Library/Developer/Xcode/DerivedData/MetaCalendar-gysjjzysjdujjxdacwnishooluxp/Build/Products/Debug-iphonesimulator/MetaCalendarTests.swiftmodule/arm64-apple-ios-simulator.swiftmodule

Copy /Users/runner/Library/Developer/Xcode/DerivedData/MetaCalendar-gysjjzysjdujjxdacwnishooluxp/Build/Products/Debug-iphonesimulator/MetaCalendarTests.swiftmodule/arm64-apple-ios-simulator.swiftdoc /Users/runner/Library/Developer/Xcode/DerivedData/MetaCalendar-gysjjzysjdujjxdacwnishooluxp/Build/Intermediates.noindex/MetaCalendar.build/Debug-iphonesimulator/MetaCalendarTests.build/Objects-normal/arm64/MetaCalendarTests.swiftdoc (in target 'MetaCalendarTests' from project 'MetaCalendar')
    cd /Users/runner/work/appsku/appsku/MetaCalendar
    builtin-copy -exclude .DS_Store -exclude CVS -exclude .svn -exclude .git -exclude .hg -resolve-src-symlinks -rename /Users/runner/Library/Developer/Xcode/DerivedData/MetaCalendar-gysjjzysjdujjxdacwnishooluxp/Build/Intermediates.noindex/MetaCalendar.build/Debug-iphonesimulator/MetaCalendarTests.build/Objects-normal/arm64/MetaCalendarTests.swiftdoc /Users/runner/Library/Developer/Xcode/DerivedData/MetaCalendar-gysjjzysjdujjxdacwnishooluxp/Build/Products/Debug-iphonesimulator/MetaCalendarTests.swiftmodule/arm64-apple-ios-simulator.swiftdoc

Copy /Users/runner/Library/Developer/Xcode/DerivedData/MetaCalendar-gysjjzysjdujjxdacwnishooluxp/Build/Products/Debug-iphonesimulator/MetaCalendarTests.swiftmodule/arm64-apple-ios-simulator.abi.json /Users/runner/Library/Developer/Xcode/DerivedData/MetaCalendar-gysjjzysjdujjxdacwnishooluxp/Build/Intermediates.noindex/MetaCalendar.build/Debug-iphonesimulator/MetaCalendarTests.build/Objects-normal/arm64/MetaCalendarTests.abi.json (in target 'MetaCalendarTests' from project 'MetaCalendar')
    cd /Users/runner/work/appsku/appsku/MetaCalendar
    builtin-copy -exclude .DS_Store -exclude CVS -exclude .svn -exclude .git -exclude .hg -resolve-src-symlinks -rename /Users/runner/Library/Developer/Xcode/DerivedData/MetaCalendar-gysjjzysjdujjxdacwnishooluxp/Build/Intermediates.noindex/MetaCalendar.build/Debug-iphonesimulator/MetaCalendarTests.build/Objects-normal/arm64/MetaCalendarTests.abi.json /Users/runner/Library/Developer/Xcode/DerivedData/MetaCalendar-gysjjzysjdujjxdacwnishooluxp/Build/Products/Debug-iphonesimulator/MetaCalendarTests.swiftmodule/arm64-apple-ios-simulator.abi.json

Copy /Users/runner/Library/Developer/Xcode/DerivedData/MetaCalendar-gysjjzysjdujjxdacwnishooluxp/Build/Products/Debug-iphonesimulator/MetaCalendarTests.swiftmodule/Project/arm64-apple-ios-simulator.swiftsourceinfo /Users/runner/Library/Developer/Xcode/DerivedData/MetaCalendar-gysjjzysjdujjxdacwnishooluxp/Build/Intermediates.noindex/MetaCalendar.build/Debug-iphonesimulator/MetaCalendarTests.build/Objects-normal/arm64/MetaCalendarTests.swiftsourceinfo (in target 'MetaCalendarTests' from project 'MetaCalendar')
    cd /Users/runner/work/appsku/appsku/MetaCalendar
    builtin-copy -exclude .DS_Store -exclude CVS -exclude .svn -exclude .git -exclude .hg -resolve-src-symlinks -rename /Users/runner/Library/Developer/Xcode/DerivedData/MetaCalendar-gysjjzysjdujjxdacwnishooluxp/Build/Intermediates.noindex/MetaCalendar.build/Debug-iphonesimulator/MetaCalendarTests.build/Objects-normal/arm64/MetaCalendarTests.swiftsourceinfo /Users/runner/Library/Developer/Xcode/DerivedData/MetaCalendar-gysjjzysjdujjxdacwnishooluxp/Build/Products/Debug-iphonesimulator/MetaCalendarTests.swiftmodule/Project/arm64-apple-ios-simulator.swiftsourceinfo

Ld /Users/runner/Library/Developer/Xcode/DerivedData/MetaCalendar-gysjjzysjdujjxdacwnishooluxp/Build/Products/Debug-iphonesimulator/MetaCalendar.app/MetaCalendar.debug.dylib normal (in target 'MetaCalendar' from project 'MetaCalendar')
    cd /Users/runner/work/appsku/appsku/MetaCalendar
    /Applications/Xcode_16.4.app/Contents/Developer/Toolchains/XcodeDefault.xctoolchain/usr/bin/clang -Xlinker -reproducible -target arm64-apple-ios17.0-simulator -dynamiclib -isysroot /Applications/Xcode_16.4.app/Contents/Developer/Platforms/iPhoneSimulator.platform/Developer/SDKs/iPhoneSimulator18.5.sdk -O0 -L/Users/runner/Library/Developer/Xcode/DerivedData/MetaCalendar-gysjjzysjdujjxdacwnishooluxp/Build/Intermediates.noindex/EagerLinkingTBDs/Debug-iphonesimulator -L/Users/runner/Library/Developer/Xcode/DerivedData/MetaCalendar-gysjjzysjdujjxdacwnishooluxp/Build/Products/Debug-iphonesimulator -F/Users/runner/Library/Developer/Xcode/DerivedData/MetaCalendar-gysjjzysjdujjxdacwnishooluxp/Build/Intermediates.noindex/EagerLinkingTBDs/Debug-iphonesimulator -F/Users/runner/Library/Developer/Xcode/DerivedData/MetaCalendar-gysjjzysjdujjxdacwnishooluxp/Build/Products/Debug-iphonesimulator -filelist /Users/runner/Library/Developer/Xcode/DerivedData/MetaCalendar-gysjjzysjdujjxdacwnishooluxp/Build/Intermediates.noindex/MetaCalendar.build/Debug-iphonesimulator/MetaCalendar.build/Objects-normal/arm64/MetaCalendar.LinkFileList -install_name @rpath/MetaCalendar.debug.dylib -Xlinker -rpath -Xlinker @executable_path/Frameworks -dead_strip -Xlinker -object_path_lto -Xlinker /Users/runner/Library/Developer/Xcode/DerivedData/MetaCalendar-gysjjzysjdujjxdacwnishooluxp/Build/Intermediates.noindex/MetaCalendar.build/Debug-iphonesimulator/MetaCalendar.build/Objects-normal/arm64/MetaCalendar_lto.o -rdynamic -Xlinker -no_deduplicate -Xlinker -objc_abi_version -Xlinker 2 -Xlinker -dependency_info -Xlinker /Users/runner/Library/Developer/Xcode/DerivedData/MetaCalendar-gysjjzysjdujjxdacwnishooluxp/Build/Intermediates.noindex/MetaCalendar.build/Debug-iphonesimulator/MetaCalendar.build/Objects-normal/arm64/MetaCalendar_dependency_info.dat -fobjc-link-runtime -L/Applications/Xcode_16.4.app/Contents/Developer/Toolchains/XcodeDefault.xctoolchain/usr/lib/swift/iphonesimulator -L/usr/lib/swift -Xlinker -add_ast_path -Xlinker /Users/runner/Library/Developer/Xcode/DerivedData/MetaCalendar-gysjjzysjdujjxdacwnishooluxp/Build/Intermediates.noindex/MetaCalendar.build/Debug-iphonesimulator/MetaCalendar.build/Objects-normal/arm64/MetaCalendar.swiftmodule -Xlinker -alias -Xlinker _main -Xlinker ___debug_main_executable_dylib_entry_point -o /Users/runner/Library/Developer/Xcode/DerivedData/MetaCalendar-gysjjzysjdujjxdacwnishooluxp/Build/Products/Debug-iphonesimulator/MetaCalendar.app/MetaCalendar.debug.dylib

SwiftDriverJobDiscovery normal arm64 Compiling M2ProductionIntegrationTests.swift (in target 'MetaCalendarTests' from project 'MetaCalendar')

SwiftDriverJobDiscovery normal arm64 Compiling FeatureFlagTests.swift, FixedDayPropertyTests.swift (in target 'MetaCalendarTests' from project 'MetaCalendar')

SwiftDriver\ Compilation MetaCalendarTests normal arm64 com.apple.xcode.tools.swift.compiler (in target 'MetaCalendarTests' from project 'MetaCalendar')
    cd /Users/runner/work/appsku/appsku/MetaCalendar
    builtin-Swift-Compilation -- /Applications/Xcode_16.4.app/Contents/Developer/Toolchains/XcodeDefault.xctoolchain/usr/bin/swiftc -module-name MetaCalendarTests -Onone -enforce-exclusivity\=checked @/Users/runner/Library/Developer/Xcode/DerivedData/MetaCalendar-gysjjzysjdujjxdacwnishooluxp/Build/Intermediates.noindex/MetaCalendar.build/Debug-iphonesimulator/MetaCalendarTests.build/Objects-normal/arm64/MetaCalendarTests.SwiftFileList -DDEBUG -plugin-path /Applications/Xcode_16.4.app/Contents/Developer/Toolchains/XcodeDefault.xctoolchain/usr/lib/swift/host/plugins/testing -enable-bare-slash-regex -enable-experimental-feature DebugDescriptionMacro -sdk /Applications/Xcode_16.4.app/Contents/Developer/Platforms/iPhoneSimulator.platform/Developer/SDKs/iPhoneSimulator18.5.sdk -target arm64-apple-ios17.0-simulator -g -module-cache-path /Users/runner/Library/Developer/Xcode/DerivedData/ModuleCache.noindex -Xfrontend -serialize-debugging-options -enable-testing -index-store-path /Users/runner/Library/Developer/Xcode/DerivedData/MetaCalendar-gysjjzysjdujjxdacwnishooluxp/Index.noindex/DataStore -swift-version 5 -I /Users/runner/Library/Developer/Xcode/DerivedData/MetaCalendar-gysjjzysjdujjxdacwnishooluxp/Build/Products/Debug-iphonesimulator -I /Applications/Xcode_16.4.app/Contents/Developer/Platforms/iPhoneSimulator.platform/Developer/usr/lib -F /Users/runner/Library/Developer/Xcode/DerivedData/MetaCalendar-gysjjzysjdujjxdacwnishooluxp/Build/Products/Debug-iphonesimulator -F /Applications/Xcode_16.4.app/Contents/Developer/Platforms/iPhoneSimulator.platform/Developer/Library/Frameworks -F /Applications/Xcode_16.4.app/Contents/Developer/Platforms/iPhoneSimulator.platform/Developer/SDKs/iPhoneSimulator18.5.sdk/Developer/Library/Frameworks -c -j3 -enable-batch-mode -incremental -Xcc -ivfsstatcache -Xcc /Users/runner/Library/Developer/Xcode/DerivedData/SDKStatCaches.noindex/iphonesimulator18.5-22F76-96ae0914227b19deccb34b33ba7b5dea.sdkstatcache -output-file-map /Users/runner/Library/Developer/Xcode/DerivedData/MetaCalendar-gysjjzysjdujjxdacwnishooluxp/Build/Intermediates.noindex/MetaCalendar.build/Debug-iphonesimulator/MetaCalendarTests.build/Objects-normal/arm64/MetaCalendarTests-OutputFileMap.json -use-frontend-parseable-output -save-temps -no-color-diagnostics -serialize-diagnostics -emit-dependencies -emit-module -emit-module-path /Users/runner/Library/Developer/Xcode/DerivedData/MetaCalendar-gysjjzysjdujjxdacwnishooluxp/Build/Intermediates.noindex/MetaCalendar.build/Debug-iphonesimulator/MetaCalendarTests.build/Objects-normal/arm64/MetaCalendarTests.swiftmodule -validate-clang-modules-once -clang-build-session-file /Users/runner/Library/Developer/Xcode/DerivedData/ModuleCache.noindex/Session.modulevalidation -Xcc -I/Users/runner/Library/Developer/Xcode/DerivedData/MetaCalendar-gysjjzysjdujjxdacwnishooluxp/Build/Intermediates.noindex/MetaCalendar.build/Debug-iphonesimulator/MetaCalendarTests.build/swift-overrides.hmap -emit-const-values -Xfrontend -const-gather-protocols-file -Xfrontend /Users/runner/Library/Developer/Xcode/DerivedData/MetaCalendar-gysjjzysjdujjxdacwnishooluxp/Build/Intermediates.noindex/MetaCalendar.build/Debug-iphonesimulator/MetaCalendarTests.build/Objects-normal/arm64/MetaCalendarTests_const_extract_protocols.json -Xcc -iquote -Xcc /Users/runner/Library/Developer/Xcode/DerivedData/MetaCalendar-gysjjzysjdujjxdacwnishooluxp/Build/Intermediates.noindex/MetaCalendar.build/Debug-iphonesimulator/MetaCalendarTests.build/MetaCalendarTests-generated-files.hmap -Xcc -I/Users/runner/Library/Developer/Xcode/DerivedData/MetaCalendar-gysjjzysjdujjxdacwnishooluxp/Build/Intermediates.noindex/MetaCalendar.build/Debug-iphonesimulator/MetaCalendarTests.build/MetaCalendarTests-own-target-headers.hmap -Xcc -I/Users/runner/Library/Developer/Xcode/DerivedData/MetaCalendar-gysjjzysjdujjxdacwnishooluxp/Build/Intermediates.noindex/MetaCalendar.build/Debug-iphonesimulator/MetaCalendarTests.build/MetaCalendarTests-all-target-headers.hmap -Xcc -iquote -Xcc /Users/runner/Library/Developer/Xcode/DerivedData/MetaCalendar-gysjjzysjdujjxdacwnishooluxp/Build/Intermediates.noindex/MetaCalendar.build/Debug-iphonesimulator/MetaCalendarTests.build/MetaCalendarTests-project-headers.hmap -Xcc -I/Users/runner/Library/Developer/Xcode/DerivedData/MetaCalendar-gysjjzysjdujjxdacwnishooluxp/Build/Products/Debug-iphonesimulator/include -Xcc -I/Users/runner/Library/Developer/Xcode/DerivedData/MetaCalendar-gysjjzysjdujjxdacwnishooluxp/Build/Intermediates.noindex/MetaCalendar.build/Debug-iphonesimulator/MetaCalendarTests.build/DerivedSources-normal/arm64 -Xcc -I/Users/runner/Library/Developer/Xcode/DerivedData/MetaCalendar-gysjjzysjdujjxdacwnishooluxp/Build/Intermediates.noindex/MetaCalendar.build/Debug-iphonesimulator/MetaCalendarTests.build/DerivedSources/arm64 -Xcc -I/Users/runner/Library/Developer/Xcode/DerivedData/MetaCalendar-gysjjzysjdujjxdacwnishooluxp/Build/Intermediates.noindex/MetaCalendar.build/Debug-iphonesimulator/MetaCalendarTests.build/DerivedSources -Xcc -DDEBUG\=1 -emit-objc-header -emit-objc-header-path /Users/runner/Library/Developer/Xcode/DerivedData/MetaCalendar-gysjjzysjdujjxdacwnishooluxp/Build/Intermediates.noindex/MetaCalendar.build/Debug-iphonesimulator/MetaCalendarTests.build/Objects-normal/arm64/MetaCalendarTests-Swift.h -working-directory /Users/runner/work/appsku/appsku/MetaCalendar -experimental-emit-module-separately -disable-cmo

ConstructStubExecutorLinkFileList /Users/runner/Library/Developer/Xcode/DerivedData/MetaCalendar-gysjjzysjdujjxdacwnishooluxp/Build/Intermediates.noindex/MetaCalendar.build/Debug-iphonesimulator/MetaCalendar.build/MetaCalendar-ExecutorLinkFileList-normal-arm64.txt (in target 'MetaCalendar' from project 'MetaCalendar')
    cd /Users/runner/work/appsku/appsku/MetaCalendar
    construct-stub-executor-link-file-list /Users/runner/Library/Developer/Xcode/DerivedData/MetaCalendar-gysjjzysjdujjxdacwnishooluxp/Build/Products/Debug-iphonesimulator/MetaCalendar.app/MetaCalendar.debug.dylib /Applications/Xcode_16.4.app/Contents/Developer/Platforms/iPhoneSimulator.platform/Developer/usr/lib/libPreviewsJITStubExecutor_no_swift_entry_point.a /Applications/Xcode_16.4.app/Contents/Developer/Platforms/iPhoneSimulator.platform/Developer/usr/lib/libPreviewsJITStubExecutor.a --output /Users/runner/Library/Developer/Xcode/DerivedData/MetaCalendar-gysjjzysjdujjxdacwnishooluxp/Build/Intermediates.noindex/MetaCalendar.build/Debug-iphonesimulator/MetaCalendar.build/MetaCalendar-ExecutorLinkFileList-normal-arm64.txt
note: Using stub executor library with Swift entry point. (in target 'MetaCalendar' from project 'MetaCalendar')

Ld /Users/runner/Library/Developer/Xcode/DerivedData/MetaCalendar-gysjjzysjdujjxdacwnishooluxp/Build/Products/Debug-iphonesimulator/MetaCalendar.app/MetaCalendar normal (in target 'MetaCalendar' from project 'MetaCalendar')
    cd /Users/runner/work/appsku/appsku/MetaCalendar
    /Applications/Xcode_16.4.app/Contents/Developer/Toolchains/XcodeDefault.xctoolchain/usr/bin/clang -Xlinker -reproducible -target arm64-apple-ios17.0-simulator -isysroot /Applications/Xcode_16.4.app/Contents/Developer/Platforms/iPhoneSimulator.platform/Developer/SDKs/iPhoneSimulator18.5.sdk -O0 -L/Users/runner/Library/Developer/Xcode/DerivedData/MetaCalendar-gysjjzysjdujjxdacwnishooluxp/Build/Products/Debug-iphonesimulator -F/Users/runner/Library/Developer/Xcode/DerivedData/MetaCalendar-gysjjzysjdujjxdacwnishooluxp/Build/Products/Debug-iphonesimulator -Xlinker -rpath -Xlinker @executable_path -Xlinker -rpath -Xlinker @executable_path/Frameworks -rdynamic -Xlinker -no_deduplicate -Xlinker -objc_abi_version -Xlinker 2 -e ___debug_blank_executor_main -Xlinker -sectcreate -Xlinker __TEXT -Xlinker __debug_dylib -Xlinker /Users/runner/Library/Developer/Xcode/DerivedData/MetaCalendar-gysjjzysjdujjxdacwnishooluxp/Build/Intermediates.noindex/MetaCalendar.build/Debug-iphonesimulator/MetaCalendar.build/MetaCalendar-DebugDylibPath-normal-arm64.txt -Xlinker -sectcreate -Xlinker __TEXT -Xlinker __debug_instlnm -Xlinker /Users/runner/Library/Developer/Xcode/DerivedData/MetaCalendar-gysjjzysjdujjxdacwnishooluxp/Build/Intermediates.noindex/MetaCalendar.build/Debug-iphonesimulator/MetaCalendar.build/MetaCalendar-DebugDylibInstallName-normal-arm64.txt -Xlinker -filelist -Xlinker /Users/runner/Library/Developer/Xcode/DerivedData/MetaCalendar-gysjjzysjdujjxdacwnishooluxp/Build/Intermediates.noindex/MetaCalendar.build/Debug-iphonesimulator/MetaCalendar.build/MetaCalendar-ExecutorLinkFileList-normal-arm64.txt /Users/runner/Library/Developer/Xcode/DerivedData/MetaCalendar-gysjjzysjdujjxdacwnishooluxp/Build/Products/Debug-iphonesimulator/MetaCalendar.app/MetaCalendar.debug.dylib -o /Users/runner/Library/Developer/Xcode/DerivedData/MetaCalendar-gysjjzysjdujjxdacwnishooluxp/Build/Products/Debug-iphonesimulator/MetaCalendar.app/MetaCalendar

CopySwiftLibs /Users/runner/Library/Developer/Xcode/DerivedData/MetaCalendar-gysjjzysjdujjxdacwnishooluxp/Build/Products/Debug-iphonesimulator/MetaCalendar.app (in target 'MetaCalendar' from project 'MetaCalendar')
    cd /Users/runner/work/appsku/appsku/MetaCalendar
    builtin-swiftStdLibTool --copy --verbose --scan-executable /Users/runner/Library/Developer/Xcode/DerivedData/MetaCalendar-gysjjzysjdujjxdacwnishooluxp/Build/Products/Debug-iphonesimulator/MetaCalendar.app/MetaCalendar.debug.dylib --scan-folder /Users/runner/Library/Developer/Xcode/DerivedData/MetaCalendar-gysjjzysjdujjxdacwnishooluxp/Build/Products/Debug-iphonesimulator/MetaCalendar.app/Frameworks --scan-folder /Users/runner/Library/Developer/Xcode/DerivedData/MetaCalendar-gysjjzysjdujjxdacwnishooluxp/Build/Products/Debug-iphonesimulator/MetaCalendar.app/PlugIns --scan-folder /Users/runner/Library/Developer/Xcode/DerivedData/MetaCalendar-gysjjzysjdujjxdacwnishooluxp/Build/Products/Debug-iphonesimulator/MetaCalendar.app/SystemExtensions --scan-folder /Users/runner/Library/Developer/Xcode/DerivedData/MetaCalendar-gysjjzysjdujjxdacwnishooluxp/Build/Products/Debug-iphonesimulator/MetaCalendar.app/Extensions --platform iphonesimulator --toolchain /Applications/Xcode_16.4.app/Contents/Developer/Toolchains/XcodeDefault.xctoolchain --destination /Users/runner/Library/Developer/Xcode/DerivedData/MetaCalendar-gysjjzysjdujjxdacwnishooluxp/Build/Products/Debug-iphonesimulator/MetaCalendar.app/Frameworks --strip-bitcode --strip-bitcode-tool /Applications/Xcode_16.4.app/Contents/Developer/Toolchains/XcodeDefault.xctoolchain/usr/bin/bitcode_strip --emit-dependency-info /Users/runner/Library/Developer/Xcode/DerivedData/MetaCalendar-gysjjzysjdujjxdacwnishooluxp/Build/Intermediates.noindex/MetaCalendar.build/Debug-iphonesimulator/MetaCalendar.build/SwiftStdLibToolInputDependencies.dep --filter-for-swift-os
Ignoring --strip-bitcode because --sign was not passed

ExtractAppIntentsMetadata (in target 'MetaCalendar' from project 'MetaCalendar')
    cd /Users/runner/work/appsku/appsku/MetaCalendar
    /Applications/Xcode_16.4.app/Contents/Developer/Toolchains/XcodeDefault.xctoolchain/usr/bin/appintentsmetadataprocessor --toolchain-dir /Applications/Xcode_16.4.app/Contents/Developer/Toolchains/XcodeDefault.xctoolchain --module-name MetaCalendar --sdk-root /Applications/Xcode_16.4.app/Contents/Developer/Platforms/iPhoneSimulator.platform/Developer/SDKs/iPhoneSimulator18.5.sdk --xcode-version 16F6 --platform-family iOS --deployment-target 17.0 --bundle-identifier com.metacalendar.app --output /Users/runner/Library/Developer/Xcode/DerivedData/MetaCalendar-gysjjzysjdujjxdacwnishooluxp/Build/Products/Debug-iphonesimulator/MetaCalendar.app --target-triple arm64-apple-ios17.0-simulator --binary-file /Users/runner/Library/Developer/Xcode/DerivedData/MetaCalendar-gysjjzysjdujjxdacwnishooluxp/Build/Products/Debug-iphonesimulator/MetaCalendar.app/MetaCalendar --dependency-file /Users/runner/Library/Developer/Xcode/DerivedData/MetaCalendar-gysjjzysjdujjxdacwnishooluxp/Build/Intermediates.noindex/MetaCalendar.build/Debug-iphonesimulator/MetaCalendar.build/Objects-normal/arm64/MetaCalendar_dependency_info.dat --stringsdata-file /Users/runner/Library/Developer/Xcode/DerivedData/MetaCalendar-gysjjzysjdujjxdacwnishooluxp/Build/Intermediates.noindex/MetaCalendar.build/Debug-iphonesimulator/MetaCalendar.build/Objects-normal/arm64/ExtractedAppShortcutsMetadata.stringsdata --source-file-list /Users/runner/Library/Developer/Xcode/DerivedData/MetaCalendar-gysjjzysjdujjxdacwnishooluxp/Build/Intermediates.noindex/MetaCalendar.build/Debug-iphonesimulator/MetaCalendar.build/Objects-normal/arm64/MetaCalendar.SwiftFileList --metadata-file-list /Users/runner/Library/Developer/Xcode/DerivedData/MetaCalendar-gysjjzysjdujjxdacwnishooluxp/Build/Intermediates.noindex/MetaCalendar.build/Debug-iphonesimulator/MetaCalendar.build/MetaCalendar.DependencyMetadataFileList --static-metadata-file-list /Users/runner/Library/Developer/Xcode/DerivedData/MetaCalendar-gysjjzysjdujjxdacwnishooluxp/Build/Intermediates.noindex/MetaCalendar.build/Debug-iphonesimulator/MetaCalendar.build/MetaCalendar.DependencyStaticMetadataFileList --swift-const-vals-list /Users/runner/Library/Developer/Xcode/DerivedData/MetaCalendar-gysjjzysjdujjxdacwnishooluxp/Build/Intermediates.noindex/MetaCalendar.build/Debug-iphonesimulator/MetaCalendar.build/Objects-normal/arm64/MetaCalendar.SwiftConstValuesFileList --compile-time-extraction --deployment-aware-processing --validate-assistant-intents --no-app-shortcuts-localization
2026-08-08 06:44:24.299 appintentsmetadataprocessor[3787:14380] Starting appintentsmetadataprocessor export
2026-08-08 06:44:24.304 appintentsmetadataprocessor[3787:14380] warning: Metadata extraction skipped. No AppIntents.framework dependency found.

AppIntentsSSUTraining (in target 'MetaCalendar' from project 'MetaCalendar')
    cd /Users/runner/work/appsku/appsku/MetaCalendar
    /Applications/Xcode_16.4.app/Contents/Developer/Toolchains/XcodeDefault.xctoolchain/usr/bin/appintentsnltrainingprocessor --infoplist-path /Users/runner/Library/Developer/Xcode/DerivedData/MetaCalendar-gysjjzysjdujjxdacwnishooluxp/Build/Products/Debug-iphonesimulator/MetaCalendar.app/Info.plist --temp-dir-path /Users/runner/Library/Developer/Xcode/DerivedData/MetaCalendar-gysjjzysjdujjxdacwnishooluxp/Build/Intermediates.noindex/MetaCalendar.build/Debug-iphonesimulator/MetaCalendar.build/ssu --bundle-id com.metacalendar.app --product-path /Users/runner/Library/Developer/Xcode/DerivedData/MetaCalendar-gysjjzysjdujjxdacwnishooluxp/Build/Products/Debug-iphonesimulator/MetaCalendar.app --extracted-metadata-path /Users/runner/Library/Developer/Xcode/DerivedData/MetaCalendar-gysjjzysjdujjxdacwnishooluxp/Build/Products/Debug-iphonesimulator/MetaCalendar.app/Metadata.appintents --metadata-file-list /Users/runner/Library/Developer/Xcode/DerivedData/MetaCalendar-gysjjzysjdujjxdacwnishooluxp/Build/Intermediates.noindex/MetaCalendar.build/Debug-iphonesimulator/MetaCalendar.build/MetaCalendar.DependencyMetadataFileList --archive-ssu-assets
2026-08-08 06:44:24.344 appintentsnltrainingprocessor[3788:14381] Parsing options for appintentsnltrainingprocessor
2026-08-08 06:44:24.345 appintentsnltrainingprocessor[3788:14381] No AppShortcuts found - Skipping.

CpResource /Users/runner/Library/Developer/Xcode/DerivedData/MetaCalendar-gysjjzysjdujjxdacwnishooluxp/Build/Products/Debug-iphonesimulator/MetaCalendar.app/PlugIns/MetaCalendarTests.xctest/golden_astronomical_fixtures.json /Users/runner/work/appsku/appsku/MetaCalendar/MetaCalendarTests/golden_astronomical_fixtures.json (in target 'MetaCalendarTests' from project 'MetaCalendar')
    cd /Users/runner/work/appsku/appsku/MetaCalendar
    builtin-copy -exclude .DS_Store -exclude CVS -exclude .svn -exclude .git -exclude .hg -resolve-src-symlinks /Users/runner/work/appsku/appsku/MetaCalendar/MetaCalendarTests/golden_astronomical_fixtures.json /Users/runner/Library/Developer/Xcode/DerivedData/MetaCalendar-gysjjzysjdujjxdacwnishooluxp/Build/Products/Debug-iphonesimulator/MetaCalendar.app/PlugIns/MetaCalendarTests.xctest

Ld /Users/runner/Library/Developer/Xcode/DerivedData/MetaCalendar-gysjjzysjdujjxdacwnishooluxp/Build/Products/Debug-iphonesimulator/MetaCalendar.app/PlugIns/MetaCalendarTests.xctest/MetaCalendarTests normal (in target 'MetaCalendarTests' from project 'MetaCalendar')
    cd /Users/runner/work/appsku/appsku/MetaCalendar
    /Applications/Xcode_16.4.app/Contents/Developer/Toolchains/XcodeDefault.xctoolchain/usr/bin/clang -Xlinker -reproducible -target arm64-apple-ios17.0-simulator -bundle -isysroot /Applications/Xcode_16.4.app/Contents/Developer/Platforms/iPhoneSimulator.platform/Developer/SDKs/iPhoneSimulator18.5.sdk -O0 -L/Users/runner/Library/Developer/Xcode/DerivedData/MetaCalendar-gysjjzysjdujjxdacwnishooluxp/Build/Intermediates.noindex/EagerLinkingTBDs/Debug-iphonesimulator -L/Users/runner/Library/Developer/Xcode/DerivedData/MetaCalendar-gysjjzysjdujjxdacwnishooluxp/Build/Products/Debug-iphonesimulator -L/Applications/Xcode_16.4.app/Contents/Developer/Platforms/iPhoneSimulator.platform/Developer/usr/lib -F/Users/runner/Library/Developer/Xcode/DerivedData/MetaCalendar-gysjjzysjdujjxdacwnishooluxp/Build/Intermediates.noindex/EagerLinkingTBDs/Debug-iphonesimulator -F/Users/runner/Library/Developer/Xcode/DerivedData/MetaCalendar-gysjjzysjdujjxdacwnishooluxp/Build/Products/Debug-iphonesimulator -iframework /Applications/Xcode_16.4.app/Contents/Developer/Platforms/iPhoneSimulator.platform/Developer/Library/Frameworks -iframework /Applications/Xcode_16.4.app/Contents/Developer/Platforms/iPhoneSimulator.platform/Developer/SDKs/iPhoneSimulator18.5.sdk/Developer/Library/Frameworks -filelist /Users/runner/Library/Developer/Xcode/DerivedData/MetaCalendar-gysjjzysjdujjxdacwnishooluxp/Build/Intermediates.noindex/MetaCalendar.build/Debug-iphonesimulator/MetaCalendarTests.build/Objects-normal/arm64/MetaCalendarTests.LinkFileList -Xlinker -rpath -Xlinker @loader_path/Frameworks -Xlinker -rpath -Xlinker @executable_path/Frameworks -dead_strip -bundle_loader /Users/runner/Library/Developer/Xcode/DerivedData/MetaCalendar-gysjjzysjdujjxdacwnishooluxp/Build/Products/Debug-iphonesimulator/MetaCalendar.app/MetaCalendar -Xlinker -object_path_lto -Xlinker /Users/runner/Library/Developer/Xcode/DerivedData/MetaCalendar-gysjjzysjdujjxdacwnishooluxp/Build/Intermediates.noindex/MetaCalendar.build/Debug-iphonesimulator/MetaCalendarTests.build/Objects-normal/arm64/MetaCalendarTests_lto.o -rdynamic -Xlinker -no_deduplicate -Xlinker -objc_abi_version -Xlinker 2 -Xlinker -dependency_info -Xlinker /Users/runner/Library/Developer/Xcode/DerivedData/MetaCalendar-gysjjzysjdujjxdacwnishooluxp/Build/Intermediates.noindex/MetaCalendar.build/Debug-iphonesimulator/MetaCalendarTests.build/Objects-normal/arm64/MetaCalendarTests_dependency_info.dat -fobjc-link-runtime -L/Applications/Xcode_16.4.app/Contents/Developer/Toolchains/XcodeDefault.xctoolchain/usr/lib/swift/iphonesimulator -L/usr/lib/swift -Xlinker -add_ast_path -Xlinker /Users/runner/Library/Developer/Xcode/DerivedData/MetaCalendar-gysjjzysjdujjxdacwnishooluxp/Build/Intermediates.noindex/MetaCalendar.build/Debug-iphonesimulator/MetaCalendarTests.build/Objects-normal/arm64/MetaCalendarTests.swiftmodule -framework XCTest -lXCTestSwiftSupport /Users/runner/Library/Developer/Xcode/DerivedData/MetaCalendar-gysjjzysjdujjxdacwnishooluxp/Build/Products/Debug-iphonesimulator/MetaCalendar.app/MetaCalendar.debug.dylib -Xlinker -no_adhoc_codesign -o /Users/runner/Library/Developer/Xcode/DerivedData/MetaCalendar-gysjjzysjdujjxdacwnishooluxp/Build/Products/Debug-iphonesimulator/MetaCalendar.app/PlugIns/MetaCalendarTests.xctest/MetaCalendarTests

ProcessInfoPlistFile /Users/runner/Library/Developer/Xcode/DerivedData/MetaCalendar-gysjjzysjdujjxdacwnishooluxp/Build/Products/Debug-iphonesimulator/MetaCalendar.app/PlugIns/MetaCalendarTests.xctest/Info.plist /Users/runner/Library/Developer/Xcode/DerivedData/MetaCalendar-gysjjzysjdujjxdacwnishooluxp/Build/Intermediates.noindex/MetaCalendar.build/Debug-iphonesimulator/MetaCalendarTests.build/empty-MetaCalendarTests.plist (in target 'MetaCalendarTests' from project 'MetaCalendar')
    cd /Users/runner/work/appsku/appsku/MetaCalendar
    builtin-infoPlistUtility /Users/runner/Library/Developer/Xcode/DerivedData/MetaCalendar-gysjjzysjdujjxdacwnishooluxp/Build/Intermediates.noindex/MetaCalendar.build/Debug-iphonesimulator/MetaCalendarTests.build/empty-MetaCalendarTests.plist -producttype com.apple.product-type.bundle.unit-test -expandbuildsettings -format binary -platform iphonesimulator -o /Users/runner/Library/Developer/Xcode/DerivedData/MetaCalendar-gysjjzysjdujjxdacwnishooluxp/Build/Products/Debug-iphonesimulator/MetaCalendar.app/PlugIns/MetaCalendarTests.xctest/Info.plist

CopySwiftLibs /Users/runner/Library/Developer/Xcode/DerivedData/MetaCalendar-gysjjzysjdujjxdacwnishooluxp/Build/Products/Debug-iphonesimulator/MetaCalendar.app/PlugIns/MetaCalendarTests.xctest (in target 'MetaCalendarTests' from project 'MetaCalendar')
    cd /Users/runner/work/appsku/appsku/MetaCalendar
    builtin-swiftStdLibTool --copy --verbose --sign - --scan-executable /Users/runner/Library/Developer/Xcode/DerivedData/MetaCalendar-gysjjzysjdujjxdacwnishooluxp/Build/Products/Debug-iphonesimulator/MetaCalendar.app/PlugIns/MetaCalendarTests.xctest/MetaCalendarTests --scan-folder /Users/runner/Library/Developer/Xcode/DerivedData/MetaCalendar-gysjjzysjdujjxdacwnishooluxp/Build/Products/Debug-iphonesimulator/MetaCalendar.app/PlugIns/MetaCalendarTests.xctest/Frameworks --scan-folder /Users/runner/Library/Developer/Xcode/DerivedData/MetaCalendar-gysjjzysjdujjxdacwnishooluxp/Build/Products/Debug-iphonesimulator/MetaCalendar.app/PlugIns/MetaCalendarTests.xctest/PlugIns --scan-folder /Users/runner/Library/Developer/Xcode/DerivedData/MetaCalendar-gysjjzysjdujjxdacwnishooluxp/Build/Products/Debug-iphonesimulator/MetaCalendar.app/PlugIns/MetaCalendarTests.xctest/SystemExtensions --scan-folder /Users/runner/Library/Developer/Xcode/DerivedData/MetaCalendar-gysjjzysjdujjxdacwnishooluxp/Build/Products/Debug-iphonesimulator/MetaCalendar.app/PlugIns/MetaCalendarTests.xctest/Extensions --platform iphonesimulator --toolchain /Applications/Xcode_16.4.app/Contents/Developer/Toolchains/XcodeDefault.xctoolchain --destination /Users/runner/Library/Developer/Xcode/DerivedData/MetaCalendar-gysjjzysjdujjxdacwnishooluxp/Build/Products/Debug-iphonesimulator/MetaCalendar.app/PlugIns/MetaCalendarTests.xctest/Frameworks --strip-bitcode --scan-executable /Applications/Xcode_16.4.app/Contents/Developer/Platforms/iPhoneSimulator.platform/Developer/usr/lib/libXCTestSwiftSupport.dylib --strip-bitcode-tool /Applications/Xcode_16.4.app/Contents/Developer/Toolchains/XcodeDefault.xctoolchain/usr/bin/bitcode_strip --emit-dependency-info /Users/runner/Library/Developer/Xcode/DerivedData/MetaCalendar-gysjjzysjdujjxdacwnishooluxp/Build/Intermediates.noindex/MetaCalendar.build/Debug-iphonesimulator/MetaCalendarTests.build/SwiftStdLibToolInputDependencies.dep --filter-for-swift-os

ExtractAppIntentsMetadata (in target 'MetaCalendarTests' from project 'MetaCalendar')
    cd /Users/runner/work/appsku/appsku/MetaCalendar
    /Applications/Xcode_16.4.app/Contents/Developer/Toolchains/XcodeDefault.xctoolchain/usr/bin/appintentsmetadataprocessor --toolchain-dir /Applications/Xcode_16.4.app/Contents/Developer/Toolchains/XcodeDefault.xctoolchain --module-name MetaCalendarTests --sdk-root /Applications/Xcode_16.4.app/Contents/Developer/Platforms/iPhoneSimulator.platform/Developer/SDKs/iPhoneSimulator18.5.sdk --xcode-version 16F6 --platform-family iOS --deployment-target 17.0 --bundle-identifier com.metacalendar.MetaCalendarTests --output /Users/runner/Library/Developer/Xcode/DerivedData/MetaCalendar-gysjjzysjdujjxdacwnishooluxp/Build/Products/Debug-iphonesimulator/MetaCalendar.app/PlugIns/MetaCalendarTests.xctest --target-triple arm64-apple-ios17.0-simulator --binary-file /Users/runner/Library/Developer/Xcode/DerivedData/MetaCalendar-gysjjzysjdujjxdacwnishooluxp/Build/Products/Debug-iphonesimulator/MetaCalendar.app/PlugIns/MetaCalendarTests.xctest/MetaCalendarTests --dependency-file /Users/runner/Library/Developer/Xcode/DerivedData/MetaCalendar-gysjjzysjdujjxdacwnishooluxp/Build/Intermediates.noindex/MetaCalendar.build/Debug-iphonesimulator/MetaCalendarTests.build/Objects-normal/arm64/MetaCalendarTests_dependency_info.dat --stringsdata-file /Users/runner/Library/Developer/Xcode/DerivedData/MetaCalendar-gysjjzysjdujjxdacwnishooluxp/Build/Intermediates.noindex/MetaCalendar.build/Debug-iphonesimulator/MetaCalendarTests.build/Objects-normal/arm64/ExtractedAppShortcutsMetadata.stringsdata --source-file-list /Users/runner/Library/Developer/Xcode/DerivedData/MetaCalendar-gysjjzysjdujjxdacwnishooluxp/Build/Intermediates.noindex/MetaCalendar.build/Debug-iphonesimulator/MetaCalendarTests.build/Objects-normal/arm64/MetaCalendarTests.SwiftFileList --metadata-file-list /Users/runner/Library/Developer/Xcode/DerivedData/MetaCalendar-gysjjzysjdujjxdacwnishooluxp/Build/Intermediates.noindex/MetaCalendar.build/Debug-iphonesimulator/MetaCalendarTests.build/MetaCalendarTests.DependencyMetadataFileList --static-metadata-file-list /Users/runner/Library/Developer/Xcode/DerivedData/MetaCalendar-gysjjzysjdujjxdacwnishooluxp/Build/Intermediates.noindex/MetaCalendar.build/Debug-iphonesimulator/MetaCalendarTests.build/MetaCalendarTests.DependencyStaticMetadataFileList --swift-const-vals-list /Users/runner/Library/Developer/Xcode/DerivedData/MetaCalendar-gysjjzysjdujjxdacwnishooluxp/Build/Intermediates.noindex/MetaCalendar.build/Debug-iphonesimulator/MetaCalendarTests.build/Objects-normal/arm64/MetaCalendarTests.SwiftConstValuesFileList --compile-time-extraction --deployment-aware-processing --validate-assistant-intents --no-app-shortcuts-localization
2026-08-08 06:44:24.805 appintentsmetadataprocessor[3800:14454] Starting appintentsmetadataprocessor export
2026-08-08 06:44:24.808 appintentsmetadataprocessor[3800:14454] warning: Metadata extraction skipped. No AppIntents.framework dependency found.

AppIntentsSSUTraining (in target 'MetaCalendarTests' from project 'MetaCalendar')
    cd /Users/runner/work/appsku/appsku/MetaCalendar
    /Applications/Xcode_16.4.app/Contents/Developer/Toolchains/XcodeDefault.xctoolchain/usr/bin/appintentsnltrainingprocessor --infoplist-path /Users/runner/Library/Developer/Xcode/DerivedData/MetaCalendar-gysjjzysjdujjxdacwnishooluxp/Build/Products/Debug-iphonesimulator/MetaCalendar.app/PlugIns/MetaCalendarTests.xctest/Info.plist --temp-dir-path /Users/runner/Library/Developer/Xcode/DerivedData/MetaCalendar-gysjjzysjdujjxdacwnishooluxp/Build/Intermediates.noindex/MetaCalendar.build/Debug-iphonesimulator/MetaCalendarTests.build/ssu --bundle-id com.metacalendar.MetaCalendarTests --product-path /Users/runner/Library/Developer/Xcode/DerivedData/MetaCalendar-gysjjzysjdujjxdacwnishooluxp/Build/Products/Debug-iphonesimulator/MetaCalendar.app/PlugIns/MetaCalendarTests.xctest --extracted-metadata-path /Users/runner/Library/Developer/Xcode/DerivedData/MetaCalendar-gysjjzysjdujjxdacwnishooluxp/Build/Products/Debug-iphonesimulator/MetaCalendar.app/PlugIns/MetaCalendarTests.xctest/Metadata.appintents --metadata-file-list /Users/runner/Library/Developer/Xcode/DerivedData/MetaCalendar-gysjjzysjdujjxdacwnishooluxp/Build/Intermediates.noindex/MetaCalendar.build/Debug-iphonesimulator/MetaCalendarTests.build/MetaCalendarTests.DependencyMetadataFileList --archive-ssu-assets
2026-08-08 06:44:24.841 appintentsnltrainingprocessor[3801:14457] Parsing options for appintentsnltrainingprocessor
2026-08-08 06:44:24.843 appintentsnltrainingprocessor[3801:14457] No AppShortcuts found - Skipping.

CodeSign /Users/runner/Library/Developer/Xcode/DerivedData/MetaCalendar-gysjjzysjdujjxdacwnishooluxp/Build/Products/Debug-iphonesimulator/MetaCalendar.app/PlugIns/MetaCalendarTests.xctest (in target 'MetaCalendarTests' from project 'MetaCalendar')
    cd /Users/runner/work/appsku/appsku/MetaCalendar
    
    Signing Identity:     "Sign to Run Locally"
    
    /usr/bin/codesign --force --sign - --timestamp\=none --generate-entitlement-der /Users/runner/Library/Developer/Xcode/DerivedData/MetaCalendar-gysjjzysjdujjxdacwnishooluxp/Build/Products/Debug-iphonesimulator/MetaCalendar.app/PlugIns/MetaCalendarTests.xctest

RegisterExecutionPolicyException /Users/runner/Library/Developer/Xcode/DerivedData/MetaCalendar-gysjjzysjdujjxdacwnishooluxp/Build/Products/Debug-iphonesimulator/MetaCalendar.app/PlugIns/MetaCalendarTests.xctest (in target 'MetaCalendarTests' from project 'MetaCalendar')
    cd /Users/runner/work/appsku/appsku/MetaCalendar
    builtin-RegisterExecutionPolicyException /Users/runner/Library/Developer/Xcode/DerivedData/MetaCalendar-gysjjzysjdujjxdacwnishooluxp/Build/Products/Debug-iphonesimulator/MetaCalendar.app/PlugIns/MetaCalendarTests.xctest

Touch /Users/runner/Library/Developer/Xcode/DerivedData/MetaCalendar-gysjjzysjdujjxdacwnishooluxp/Build/Products/Debug-iphonesimulator/MetaCalendar.app/PlugIns/MetaCalendarTests.xctest (in target 'MetaCalendarTests' from project 'MetaCalendar')
    cd /Users/runner/work/appsku/appsku/MetaCalendar
    /usr/bin/touch -c /Users/runner/Library/Developer/Xcode/DerivedData/MetaCalendar-gysjjzysjdujjxdacwnishooluxp/Build/Products/Debug-iphonesimulator/MetaCalendar.app/PlugIns/MetaCalendarTests.xctest

RegisterExecutionPolicyException /Users/runner/Library/Developer/Xcode/DerivedData/MetaCalendar-gysjjzysjdujjxdacwnishooluxp/Build/Products/Debug-iphonesimulator/MetaCalendar.app (in target 'MetaCalendar' from project 'MetaCalendar')
    cd /Users/runner/work/appsku/appsku/MetaCalendar
    builtin-RegisterExecutionPolicyException /Users/runner/Library/Developer/Xcode/DerivedData/MetaCalendar-gysjjzysjdujjxdacwnishooluxp/Build/Products/Debug-iphonesimulator/MetaCalendar.app

Validate /Users/runner/Library/Developer/Xcode/DerivedData/MetaCalendar-gysjjzysjdujjxdacwnishooluxp/Build/Products/Debug-iphonesimulator/MetaCalendar.app (in target 'MetaCalendar' from project 'MetaCalendar')
    cd /Users/runner/work/appsku/appsku/MetaCalendar
    builtin-validationUtility /Users/runner/Library/Developer/Xcode/DerivedData/MetaCalendar-gysjjzysjdujjxdacwnishooluxp/Build/Products/Debug-iphonesimulator/MetaCalendar.app -infoplist-subpath Info.plist

Touch /Users/runner/Library/Developer/Xcode/DerivedData/MetaCalendar-gysjjzysjdujjxdacwnishooluxp/Build/Products/Debug-iphonesimulator/MetaCalendar.app (in target 'MetaCalendar' from project 'MetaCalendar')
    cd /Users/runner/work/appsku/appsku/MetaCalendar
    /usr/bin/touch -c /Users/runner/Library/Developer/Xcode/DerivedData/MetaCalendar-gysjjzysjdujjxdacwnishooluxp/Build/Products/Debug-iphonesimulator/MetaCalendar.app

2026-08-08 06:46:24.961176+0000 MetaCalendar[5556:21193] [General] Failed to send CA Event for app launch measurements for ca_event_type: 0 event_name: com.apple.app_launch_measurement.FirstFramePresentationMetric
2026-08-08 06:46:25.557595+0000 MetaCalendar[5556:21198] [General] Failed to send CA Event for app launch measurements for ca_event_type: 1 event_name: com.apple.app_launch_measurement.ExtendedLaunchMetrics
Test Suite 'All tests' started at 2026-08-08 06:46:26.187.
Test Suite 'MetaCalendarTests.xctest' started at 2026-08-08 06:46:26.187.
Test Suite 'AstronomyCharacterizationTests' started at 2026-08-08 06:46:26.187.
Test Case '-[MetaCalendarTests.AstronomyCharacterizationTests testProviderID_is_stable]' started.
Test Case '-[MetaCalendarTests.AstronomyCharacterizationTests testProviderID_is_stable]' passed (0.001 seconds).
Test Case '-[MetaCalendarTests.AstronomyCharacterizationTests testSolarTerms_exist_for_all_24]' started.
Test Case '-[MetaCalendarTests.AstronomyCharacterizationTests testSolarTerms_exist_for_all_24]' passed (0.001 seconds).
Test Case '-[MetaCalendarTests.AstronomyCharacterizationTests testSunRiseSet_polar_night_is_nil_or_graceful]' started.
Test Case '-[MetaCalendarTests.AstronomyCharacterizationTests testSunRiseSet_polar_night_is_nil_or_graceful]' passed (0.002 seconds).
Test Case '-[MetaCalendarTests.AstronomyCharacterizationTests testSunRiseSet_returns_values_for_Jakarta_summer]' started.
Test Case '-[MetaCalendarTests.AstronomyCharacterizationTests testSunRiseSet_returns_values_for_Jakarta_summer]' passed (0.010 seconds).
Test Case '-[MetaCalendarTests.AstronomyCharacterizationTests testVersion_is_stable]' started.
Test Case '-[MetaCalendarTests.AstronomyCharacterizationTests testVersion_is_stable]' passed (0.041 seconds).
Test Suite 'AstronomyCharacterizationTests' passed at 2026-08-08 06:46:26.244.
	 Executed 5 tests, with 0 failures (0 unexpected) in 0.055 (0.057) seconds
Test Suite 'AstronomyGoldenFixtureTests' started at 2026-08-08 06:46:26.244.
Test Case '-[MetaCalendarTests.AstronomyGoldenFixtureTests test_eclipseProvenance_isObserved]' started.
Test Case '-[MetaCalendarTests.AstronomyGoldenFixtureTests test_eclipseProvenance_isObserved]' passed (0.001 seconds).
Test Case '-[MetaCalendarTests.AstronomyGoldenFixtureTests test_exhaustiveRoundTrip_400_year_cycle]' started.
Test Case '-[MetaCalendarTests.AstronomyGoldenFixtureTests test_exhaustiveRoundTrip_400_year_cycle]' passed (0.175 seconds).
Test Case '-[MetaCalendarTests.AstronomyGoldenFixtureTests test_julianDay_J2000_epoch]' started.
Test Case '-[MetaCalendarTests.AstronomyGoldenFixtureTests test_julianDay_J2000_epoch]' passed (0.001 seconds).
Test Case '-[MetaCalendarTests.AstronomyGoldenFixtureTests test_lunarPhase_fullMoon_2024_01_25]' started.
Test Case '-[MetaCalendarTests.AstronomyGoldenFixtureTests test_lunarPhase_fullMoon_2024_01_25]' passed (0.000 seconds).
Test Case '-[MetaCalendarTests.AstronomyGoldenFixtureTests test_lunarPhase_newMoon_2024_01_11]' started.
Test Case '-[MetaCalendarTests.AstronomyGoldenFixtureTests test_lunarPhase_newMoon_2024_01_11]' passed (0.026 seconds).
Test Case '-[MetaCalendarTests.AstronomyGoldenFixtureTests test_lunarPhaseProvenance_isApproximate]' started.
Test Case '-[MetaCalendarTests.AstronomyGoldenFixtureTests test_lunarPhaseProvenance_isApproximate]' passed (0.001 seconds).
Test Case '-[MetaCalendarTests.AstronomyGoldenFixtureTests test_meteorShowerProvenance_isTraditional]' started.
Test Case '-[MetaCalendarTests.AstronomyGoldenFixtureTests test_meteorShowerProvenance_isTraditional]' passed (0.000 seconds).
Test Case '-[MetaCalendarTests.AstronomyGoldenFixtureTests test_polarNight_returnsNilNil]' started.
Test Case '-[MetaCalendarTests.AstronomyGoldenFixtureTests test_polarNight_returnsNilNil]' passed (0.000 seconds).
Test Case '-[MetaCalendarTests.AstronomyGoldenFixtureTests test_riseSetResult_availabilityMapping]' started.
Test Case '-[MetaCalendarTests.AstronomyGoldenFixtureTests test_riseSetResult_availabilityMapping]' passed (0.068 seconds).
Test Case '-[MetaCalendarTests.AstronomyGoldenFixtureTests test_solarLongitude_autumnalEquinox_2024]' started.
Test Case '-[MetaCalendarTests.AstronomyGoldenFixtureTests test_solarLongitude_autumnalEquinox_2024]' passed (0.000 seconds).
Test Case '-[MetaCalendarTests.AstronomyGoldenFixtureTests test_solarLongitude_summerSolstice_2024]' started.
Test Case '-[MetaCalendarTests.AstronomyGoldenFixtureTests test_solarLongitude_summerSolstice_2024]' passed (0.000 seconds).
Test Case '-[MetaCalendarTests.AstronomyGoldenFixtureTests test_solarLongitude_vernalEquinox_2024]' started.
Test Case '-[MetaCalendarTests.AstronomyGoldenFixtureTests test_solarLongitude_vernalEquinox_2024]' passed (0.000 seconds).
Test Case '-[MetaCalendarTests.AstronomyGoldenFixtureTests test_solarLongitude_winterSolstice_2024]' started.
Test Case '-[MetaCalendarTests.AstronomyGoldenFixtureTests test_solarLongitude_winterSolstice_2024]' passed (0.001 seconds).
Test Case '-[MetaCalendarTests.AstronomyGoldenFixtureTests test_solarLongitudeProvenance_isCalculated]' started.
Test Case '-[MetaCalendarTests.AstronomyGoldenFixtureTests test_solarLongitudeProvenance_isCalculated]' passed (0.013 seconds).
Test Case '-[MetaCalendarTests.AstronomyGoldenFixtureTests test_supermoonProvenance_hasDateRange]' started.
Test Case '-[MetaCalendarTests.AstronomyGoldenFixtureTests test_supermoonProvenance_hasDateRange]' passed (0.001 seconds).
Test Suite 'AstronomyGoldenFixtureTests' passed at 2026-08-08 06:46:26.535.
	 Executed 15 tests, with 0 failures (0 unexpected) in 0.289 (0.291) seconds
Test Suite 'CalendarCharacterizationTests' started at 2026-08-08 06:46:26.536.
Test Case '-[MetaCalendarTests.CalendarCharacterizationTests testAlignmentFinder_cycleRealignment_28_and_29_5]' started.
Test Case '-[MetaCalendarTests.CalendarCharacterizationTests testAlignmentFinder_cycleRealignment_28_and_29_5]' passed (0.001 seconds).
Test Case '-[MetaCalendarTests.CalendarCharacterizationTests testAlignmentFinder_cycleRealignment_7_and_5]' started.
Test Case '-[MetaCalendarTests.CalendarCharacterizationTests testAlignmentFinder_cycleRealignment_7_and_5]' passed (0.001 seconds).
Test Case '-[MetaCalendarTests.CalendarCharacterizationTests testAlignmentFinder_gcd]' started.
Test Case '-[MetaCalendarTests.CalendarCharacterizationTests testAlignmentFinder_gcd]' passed (0.001 seconds).
Test Case '-[MetaCalendarTests.CalendarCharacterizationTests testAlignmentFinder_lcm]' started.
Test Case '-[MetaCalendarTests.CalendarCharacterizationTests testAlignmentFinder_lcm]' passed (0.001 seconds).
Test Case '-[MetaCalendarTests.CalendarCharacterizationTests testAstronomy_lunarPhase_returns_0_to_360]' started.
Test Case '-[MetaCalendarTests.CalendarCharacterizationTests testAstronomy_lunarPhase_returns_0_to_360]' passed (0.001 seconds).
Test Case '-[MetaCalendarTests.CalendarCharacterizationTests testAstronomy_moonPhaseInfo_returns_valid_data]' started.
Test Case '-[MetaCalendarTests.CalendarCharacterizationTests testAstronomy_moonPhaseInfo_returns_valid_data]' passed (0.000 seconds).
Test Case '-[MetaCalendarTests.CalendarCharacterizationTests testAstronomy_solarLongitude_Jan2026_near_280]' started.
Test Case '-[MetaCalendarTests.CalendarCharacterizationTests testAstronomy_solarLongitude_Jan2026_near_280]' passed (0.001 seconds).
Test Case '-[MetaCalendarTests.CalendarCharacterizationTests testAstronomy_solarLongitude_Jul2026_near_100]' started.
Test Case '-[MetaCalendarTests.CalendarCharacterizationTests testAstronomy_solarLongitude_Jul2026_near_100]' passed (0.000 seconds).
Test Case '-[MetaCalendarTests.CalendarCharacterizationTests testFixedDay_epoch_Jan1_1CE_is_RD1]' started.
Test Case '-[MetaCalendarTests.CalendarCharacterizationTests testFixedDay_epoch_Jan1_1CE_is_RD1]' passed (0.001 seconds).
Test Case '-[MetaCalendarTests.CalendarCharacterizationTests testFixedDay_roundTrip_1945_08_17]' started.
Test Case '-[MetaCalendarTests.CalendarCharacterizationTests testFixedDay_roundTrip_1945_08_17]' passed (0.001 seconds).
Test Case '-[MetaCalendarTests.CalendarCharacterizationTests testFixedDay_roundTrip_2000_01_01]' started.
Test Case '-[MetaCalendarTests.CalendarCharacterizationTests testFixedDay_roundTrip_2000_01_01]' passed (0.001 seconds).
Test Case '-[MetaCalendarTests.CalendarCharacterizationTests testFixedDay_roundTrip_2026_08_07]' started.
Test Case '-[MetaCalendarTests.CalendarCharacterizationTests testFixedDay_roundTrip_2026_08_07]' passed (0.000 seconds).
Test Case '-[MetaCalendarTests.CalendarCharacterizationTests testFixedDay_toJulianDayNumber_Jan1_2000]' started.
Test Case '-[MetaCalendarTests.CalendarCharacterizationTests testFixedDay_toJulianDayNumber_Jan1_2000]' passed (0.003 seconds).
Test Case '-[MetaCalendarTests.CalendarCharacterizationTests testFixedDay_weekday_17Aug1945_is_Friday]' started.
Test Case '-[MetaCalendarTests.CalendarCharacterizationTests testFixedDay_weekday_17Aug1945_is_Friday]' passed (0.000 seconds).
Test Case '-[MetaCalendarTests.CalendarCharacterizationTests testFixedDay_weekday_Jan1_2000_is_Saturday]' started.
Test Case '-[MetaCalendarTests.CalendarCharacterizationTests testFixedDay_weekday_Jan1_2000_is_Saturday]' passed (0.000 seconds).
Test Case '-[MetaCalendarTests.CalendarCharacterizationTests testHijri_basic_conversion]' started.
Test Case '-[MetaCalendarTests.CalendarCharacterizationTests testHijri_basic_conversion]' passed (0.001 seconds).
Test Case '-[MetaCalendarTests.CalendarCharacterizationTests testJavanese_anchor_17Aug1945]' started.
Test Case '-[MetaCalendarTests.CalendarCharacterizationTests testJavanese_anchor_17Aug1945]' passed (0.001 seconds).
Test Case '-[MetaCalendarTests.CalendarCharacterizationTests testJavanese_neptu_is_nonNegative]' started.
Test Case '-[MetaCalendarTests.CalendarCharacterizationTests testJavanese_neptu_is_nonNegative]' passed (0.001 seconds).
Test Case '-[MetaCalendarTests.CalendarCharacterizationTests testJavanese_weton_cycle_35_days]' started.
Test Case '-[MetaCalendarTests.CalendarCharacterizationTests testJavanese_weton_cycle_35_days]' passed (0.001 seconds).
Test Case '-[MetaCalendarTests.CalendarCharacterizationTests testMetaSolar_coordinate_Feb25_2000_is_month2_day28]' started.
Test Case '-[MetaCalendarTests.CalendarCharacterizationTests testMetaSolar_coordinate_Feb25_2000_is_month2_day28]' passed (0.001 seconds).
Test Case '-[MetaCalendarTests.CalendarCharacterizationTests testMetaSolar_coordinate_Jan1_2000_is_month1_day1]' started.
Test Case '-[MetaCalendarTests.CalendarCharacterizationTests testMetaSolar_coordinate_Jan1_2000_is_month1_day1]' passed (0.001 seconds).
Test Case '-[MetaCalendarTests.CalendarCharacterizationTests testMetaSolar_coordinate_Jan29_2000_is_month2_day1]' started.
Test Case '-[MetaCalendarTests.CalendarCharacterizationTests testMetaSolar_coordinate_Jan29_2000_is_month2_day1]' passed (9.155 seconds).
Test Case '-[MetaCalendarTests.CalendarCharacterizationTests testMetaSolar_epoch_is_Jan1_2000]' started.
Test Case '-[MetaCalendarTests.CalendarCharacterizationTests testMetaSolar_epoch_is_Jan1_2000]' passed (0.001 seconds).
Test Case '-[MetaCalendarTests.CalendarCharacterizationTests testMetaSolar_fixedDay_roundTrip]' started.
Test Case '-[MetaCalendarTests.CalendarCharacterizationTests testMetaSolar_fixedDay_roundTrip]' passed (0.001 seconds).
Test Case '-[MetaCalendarTests.CalendarCharacterizationTests testMetaSolar_leapBridgeDay_exists_in_leap_year]' started.
Test Case '-[MetaCalendarTests.CalendarCharacterizationTests testMetaSolar_leapBridgeDay_exists_in_leap_year]' passed (0.001 seconds).
Test Case '-[MetaCalendarTests.CalendarCharacterizationTests testMetaSolar_yearBridgeDay_exists]' started.
Test Case '-[MetaCalendarTests.CalendarCharacterizationTests testMetaSolar_yearBridgeDay_exists]' passed (0.698 seconds).
Test Suite 'CalendarCharacterizationTests' passed at 2026-08-08 06:46:36.420.
	 Executed 26 tests, with 0 failures (0 unexpected) in 9.870 (9.885) seconds
Test Suite 'CalendarEngineCharacterizationTests' started at 2026-08-08 06:46:36.421.
Test Case '-[MetaCalendarTests.CalendarEngineCharacterizationTests testProject_gregorian_Aug7_2024]' started.
Test Case '-[MetaCalendarTests.CalendarEngineCharacterizationTests testProject_gregorian_Aug7_2024]' passed (0.010 seconds).
Test Case '-[MetaCalendarTests.CalendarEngineCharacterizationTests testProject_javanese_has_pasaran]' started.
Test Case '-[MetaCalendarTests.CalendarEngineCharacterizationTests testProject_javanese_has_pasaran]' passed (0.001 seconds).
Test Case '-[MetaCalendarTests.CalendarEngineCharacterizationTests testProject_returns_5_projections]' started.
Test Case '-[MetaCalendarTests.CalendarEngineCharacterizationTests testProject_returns_5_projections]' passed (0.001 seconds).
Test Suite 'CalendarEngineCharacterizationTests' passed at 2026-08-08 06:46:37.232.
	 Executed 3 tests, with 0 failures (0 unexpected) in 0.012 (0.812) seconds
Test Suite 'FeatureFlagTests' started at 2026-08-08 06:46:37.233.
Test Case '-[MetaCalendarTests.FeatureFlagTests test_all_eleven_flags_exist]' started.
Test Case '-[MetaCalendarTests.FeatureFlagTests test_all_eleven_flags_exist]' passed (0.001 seconds).
Test Case '-[MetaCalendarTests.FeatureFlagTests test_all_flags_off_by_default]' started.
Test Case '-[MetaCalendarTests.FeatureFlagTests test_all_flags_off_by_default]' passed (0.001 seconds).
Test Case '-[MetaCalendarTests.FeatureFlagTests test_default_initializer_matches_allOff]' started.
Test Case '-[MetaCalendarTests.FeatureFlagTests test_default_initializer_matches_allOff]' passed (0.001 seconds).
Test Suite 'FeatureFlagTests' passed at 2026-08-08 06:46:37.741.
	 Executed 3 tests, with 0 failures (0 unexpected) in 0.003 (0.508) seconds
Test Suite 'FixedDayPropertyTests' started at 2026-08-08 06:46:37.741.
Test Case '-[MetaCalendarTests.FixedDayPropertyTests test_consecutive_days_increment_by_exactly_one]' started.
Test Case '-[MetaCalendarTests.FixedDayPropertyTests test_consecutive_days_increment_by_exactly_one]' passed (0.002 seconds).
Test Case '-[MetaCalendarTests.FixedDayPropertyTests test_hijri_conversion_returns_valid_ranges]' started.
Test Case '-[MetaCalendarTests.FixedDayPropertyTests test_hijri_conversion_returns_valid_ranges]' passed (0.001 seconds).
Test Case '-[MetaCalendarTests.FixedDayPropertyTests test_hijri_epoch_is_valid]' started.
Test Case '-[MetaCalendarTests.FixedDayPropertyTests test_hijri_epoch_is_valid]' passed (0.001 seconds).
Test Case '-[MetaCalendarTests.FixedDayPropertyTests test_javanese_pasaran_17Aug1945_is_Legi]' started.
Test Case '-[MetaCalendarTests.FixedDayPropertyTests test_javanese_pasaran_17Aug1945_is_Legi]' passed (0.001 seconds).
Test Case '-[MetaCalendarTests.FixedDayPropertyTests test_javanese_saptawara_17Aug1945_is_Jumat]' started.
Test Case '-[MetaCalendarTests.FixedDayPropertyTests test_javanese_saptawara_17Aug1945_is_Jumat]' passed (0.001 seconds).
Test Case '-[MetaCalendarTests.FixedDayPropertyTests test_javanese_weton_35_day_cycle]' started.
Test Case '-[MetaCalendarTests.FixedDayPropertyTests test_javanese_weton_35_day_cycle]' passed (0.000 seconds).
Test Case '-[MetaCalendarTests.FixedDayPropertyTests test_leap_day_2024_exists]' started.
Test Case '-[MetaCalendarTests.FixedDayPropertyTests test_leap_day_2024_exists]' passed (0.001 seconds).
Test Case '-[MetaCalendarTests.FixedDayPropertyTests test_non_leap_year_2100_skips_feb_29]' started.
Test Case '-[MetaCalendarTests.FixedDayPropertyTests test_non_leap_year_2100_skips_feb_29]' passed (0.001 seconds).
Test Case '-[MetaCalendarTests.FixedDayPropertyTests test_RD_epoch_Jan1_1CE]' started.
Test Case '-[MetaCalendarTests.FixedDayPropertyTests test_RD_epoch_Jan1_1CE]' passed (0.001 seconds).
Test Case '-[MetaCalendarTests.FixedDayPropertyTests test_RD_JDN_conversion_Jan1_1CE]' started.
Test Case '-[MetaCalendarTests.FixedDayPropertyTests test_RD_JDN_conversion_Jan1_1CE]' passed (0.001 seconds).
Test Case '-[MetaCalendarTests.FixedDayPropertyTests test_RD_JDN_conversion_Jan1_2000]' started.
Test Case '-[MetaCalendarTests.FixedDayPropertyTests test_RD_JDN_conversion_Jan1_2000]' passed (0.584 seconds).
Test Case '-[MetaCalendarTests.FixedDayPropertyTests test_RD_JDN_roundTrip]' started.
Test Case '-[MetaCalendarTests.FixedDayPropertyTests test_RD_JDN_roundTrip]' passed (0.001 seconds).
Test Case '-[MetaCalendarTests.FixedDayPropertyTests test_roundTrip_full_400_year_cycle]' started.
Test Case '-[MetaCalendarTests.FixedDayPropertyTests test_roundTrip_full_400_year_cycle]' passed (0.013 seconds).
Test Case '-[MetaCalendarTests.FixedDayPropertyTests test_roundTrip_modern_dates]' started.
Test Case '-[MetaCalendarTests.FixedDayPropertyTests test_roundTrip_modern_dates]' passed (0.001 seconds).
Test Case '-[MetaCalendarTests.FixedDayPropertyTests test_weekday_17Aug1945_is_Friday]' started.
Test Case '-[MetaCalendarTests.FixedDayPropertyTests test_weekday_17Aug1945_is_Friday]' passed (0.000 seconds).
Test Case '-[MetaCalendarTests.FixedDayPropertyTests test_weekday_cycles_every_7_days]' started.
Test Case '-[MetaCalendarTests.FixedDayPropertyTests test_weekday_cycles_every_7_days]' passed (0.001 seconds).
Test Case '-[MetaCalendarTests.FixedDayPropertyTests test_weekday_Jan1_1CE_is_Monday]' started.
Test Case '-[MetaCalendarTests.FixedDayPropertyTests test_weekday_Jan1_1CE_is_Monday]' passed (0.000 seconds).
Test Case '-[MetaCalendarTests.FixedDayPropertyTests test_weekday_Jan1_2000_is_Saturday]' started.
Test Case '-[MetaCalendarTests.FixedDayPropertyTests test_weekday_Jan1_2000_is_Saturday]' passed (0.000 seconds).
Test Case '-[MetaCalendarTests.FixedDayPropertyTests test_year_2000_is_leap]' started.
Test Case '-[MetaCalendarTests.FixedDayPropertyTests test_year_2000_is_leap]' passed (0.000 seconds).
Test Suite 'FixedDayPropertyTests' passed at 2026-08-08 06:46:39.743.
	 Executed 19 tests, with 0 failures (0 unexpected) in 0.608 (2.002) seconds
Test Suite 'M2ProductionIntegrationTests' started at 2026-08-08 06:46:39.744.
Test Case '-[MetaCalendarTests.M2ProductionIntegrationTests test_astroEvents_carryExplicitDataOriginAndProvenance]' started.
Test Case '-[MetaCalendarTests.M2ProductionIntegrationTests test_astroEvents_carryExplicitDataOriginAndProvenance]' passed (0.011 seconds).
Test Case '-[MetaCalendarTests.M2ProductionIntegrationTests test_eclipseEvents_areAuthoritativeCatalog]' started.
Test Case '-[MetaCalendarTests.M2ProductionIntegrationTests test_eclipseEvents_areAuthoritativeCatalog]' passed (0.001 seconds).
Test Case '-[MetaCalendarTests.M2ProductionIntegrationTests test_polarProvider_midnightSun_inArcticSummer]' started.
Test Case '-[MetaCalendarTests.M2ProductionIntegrationTests test_polarProvider_midnightSun_inArcticSummer]' passed (0.001 seconds).
Test Case '-[MetaCalendarTests.M2ProductionIntegrationTests test_polarProvider_polarNight_inArcticWinter]' started.
Test Case '-[MetaCalendarTests.M2ProductionIntegrationTests test_polarProvider_polarNight_inArcticWinter]' passed (0.001 seconds).
Test Case '-2026-08-08 06:46:57.104073+0000 MetaCalendar[5556:21192] [Client] XPC connection interrupted
[MetaCalendarTests.M2ProductionIntegrationTests test_productionProjection_carriesProvenanceDescriptors]' started.
Test Case '-[MetaCalendarTests.M2ProductionIntegrationTests test_productionProjection_carriesProvenanceDescriptors]' passed (22.474 seconds).
Test Case '-[MetaCalendarTests.M2ProductionIntegrationTests test_productionProjection_surfacesTypedRiseSet_atPolarLocation]' started.
Test Case '-[MetaCalendarTests.M2ProductionIntegrationTests test_productionProjection_surfacesTypedRiseSet_atPolarLocation]' passed (0.001 seconds).
Test Case '-[MetaCalendarTests.M2ProductionIntegrationTests test_provenanceDescriptor_isDisplayable]' started.
Test Case '-[MetaCalendarTests.M2ProductionIntegrationTests test_provenanceDescriptor_isDisplayable]' passed (0.002 seconds).
Test Case '-[MetaCalendarTests.M2ProductionIntegrationTests test_provenanceTypes_resolveThroughAppModule]' started.
Test Case '-[MetaCalendarTests.M2ProductionIntegrationTests test_provenanceTypes_resolveThroughAppModule]' passed (0.563 seconds).
Test Case '-[MetaCalendarTests.M2ProductionIntegrationTests test_solsticeEvents_carryApproximateTableOrigin]' started.
Test Case '-[MetaCalendarTests.M2ProductionIntegrationTests test_solsticeEvents_carryApproximateTableOrigin]' passed (0.003 seconds).
Test Case '-[MetaCalendarTests.M2ProductionIntegrationTests test_worldEclipses_carryProvenance]' started.
Test Case '-[MetaCalendarTests.M2ProductionIntegrationTests test_worldEclipses_carryProvenance]' passed (0.002 seconds).
Test Suite 'M2ProductionIntegrationTests' passed at 2026-08-08 06:47:02.805.
	 Executed 10 tests, with 0 failures (0 unexpected) in 23.059 (23.062) seconds
Test Suite 'MetaCalendarTests.xctest' passed at 2026-08-08 06:47:02.806.
	 Executed 81 tests, with 0 failures (0 unexpected) in 33.896 (36.618) seconds
Test Suite 'All tests' passed at 2026-08-08 06:47:02.850.
	 Executed 81 tests, with 0 failures (0 unexpected) in 33.896 (36.663) seconds
2026-08-08 06:47:31.760 xcodebuild[3190:12485] [MT] IDETestOperationsObserverDebug: 186.712 elapsed -- Testing started completed.
2026-08-08 06:47:31.760 xcodebuild[3190:12485] [MT] IDETestOperationsObserverDebug: 0.000 sec, +0.000 sec -- start
2026-08-08 06:47:31.760 xcodebuild[3190:12485] [MT] IDETestOperationsObserverDebug: 186.780 sec, +186.780 sec -- end

Test session results, code coverage, and logs:
	/Users/runner/Library/Developer/Xcode/DerivedData/MetaCalendar-gysjjzysjdujjxdacwnishooluxp/Logs/Test/Test-MetaCalendar-2026.08.08_06-43-56-+0000.xcresult

** TEST SUCCEEDED **

Testing started
